Archive member included to satisfy reference by file (symbol)

c:/altera/16.0/nios2eds/bin/gnu/h-x86_64-mingw32/bin/../lib/gcc/nios2-elf/5.2.0/../../../../../H-x86_64-mingw32/nios2-elf/lib\libsmallc.a(lib_a-itoa.o)
                              obj/default/main.o (itoa)
c:/altera/16.0/nios2eds/bin/gnu/h-x86_64-mingw32/bin/../lib/gcc/nios2-elf/5.2.0/../../../../../H-x86_64-mingw32/nios2-elf/lib\libsmallc.a(lib_a-printf.o)
                              obj/default/main.o (printf)
c:/altera/16.0/nios2eds/bin/gnu/h-x86_64-mingw32/bin/../lib/gcc/nios2-elf/5.2.0/../../../../../H-x86_64-mingw32/nios2-elf/lib\libsmallc.a(lib_a-strlen.o)
                              obj/default/main.o (strlen)
c:/altera/16.0/nios2eds/bin/gnu/h-x86_64-mingw32/bin/../lib/gcc/nios2-elf/5.2.0/../../../../../H-x86_64-mingw32/nios2-elf/lib\libsmallc.a(lib_a-utoa.o)
                              c:/altera/16.0/nios2eds/bin/gnu/h-x86_64-mingw32/bin/../lib/gcc/nios2-elf/5.2.0/../../../../../H-x86_64-mingw32/nios2-elf/lib\libsmallc.a(lib_a-itoa.o) (__utoa)
c:/altera/16.0/nios2eds/bin/gnu/h-x86_64-mingw32/bin/../lib/gcc/nios2-elf/5.2.0/../../../../../H-x86_64-mingw32/nios2-elf/lib\libsmallc.a(lib_a-vfprintf.o)
                              c:/altera/16.0/nios2eds/bin/gnu/h-x86_64-mingw32/bin/../lib/gcc/nios2-elf/5.2.0/../../../../../H-x86_64-mingw32/nios2-elf/lib\libsmallc.a(lib_a-printf.o) (___vfprintf_internal_r)
c:/altera/16.0/nios2eds/bin/gnu/h-x86_64-mingw32/bin/../lib/gcc/nios2-elf/5.2.0/../../../../../H-x86_64-mingw32/nios2-elf/lib\libsmallc.a(lib_a-vsprintf.o)
                              obj/default/main.o (vsprintf)
c:/altera/16.0/nios2eds/bin/gnu/h-x86_64-mingw32/bin/../lib/gcc/nios2-elf/5.2.0/../../../../../H-x86_64-mingw32/nios2-elf/lib\libsmallc.a(lib_a-fvwrite_small_dev.o)
                              c:/altera/16.0/nios2eds/bin/gnu/h-x86_64-mingw32/bin/../lib/gcc/nios2-elf/5.2.0/../../../../../H-x86_64-mingw32/nios2-elf/lib\libsmallc.a(lib_a-printf.o) (__sfvwrite_small_dev)
c:/altera/16.0/nios2eds/bin/gnu/h-x86_64-mingw32/bin/../lib/gcc/nios2-elf/5.2.0/../../../../../H-x86_64-mingw32/nios2-elf/lib\libsmallc.a(lib_a-fvwrite_small_str.o)
                              c:/altera/16.0/nios2eds/bin/gnu/h-x86_64-mingw32/bin/../lib/gcc/nios2-elf/5.2.0/../../../../../H-x86_64-mingw32/nios2-elf/lib\libsmallc.a(lib_a-vsprintf.o) (__sfvwrite_small_str)
c:/altera/16.0/nios2eds/bin/gnu/h-x86_64-mingw32/bin/../lib/gcc/nios2-elf/5.2.0/../../../../../H-x86_64-mingw32/nios2-elf/lib\libsmallc.a(lib_a-impure.o)
                              c:/altera/16.0/nios2eds/bin/gnu/h-x86_64-mingw32/bin/../lib/gcc/nios2-elf/5.2.0/../../../../../H-x86_64-mingw32/nios2-elf/lib\libsmallc.a(lib_a-printf.o) (_impure_ptr)
c:/altera/16.0/nios2eds/bin/gnu/h-x86_64-mingw32/bin/../lib/gcc/nios2-elf/5.2.0/../../../../../H-x86_64-mingw32/nios2-elf/lib\libsmallc.a(lib_a-memcpy.o)
                              c:/altera/16.0/nios2eds/bin/gnu/h-x86_64-mingw32/bin/../lib/gcc/nios2-elf/5.2.0/../../../../../H-x86_64-mingw32/nios2-elf/lib\libsmallc.a(lib_a-utoa.o) (memcpy)
c:/altera/16.0/nios2eds/bin/gnu/h-x86_64-mingw32/bin/../lib/gcc/nios2-elf/5.2.0/../../../../../H-x86_64-mingw32/nios2-elf/lib\libsmallc.a(lib_a-memmove.o)
                              c:/altera/16.0/nios2eds/bin/gnu/h-x86_64-mingw32/bin/../lib/gcc/nios2-elf/5.2.0/../../../../../H-x86_64-mingw32/nios2-elf/lib\libsmallc.a(lib_a-fvwrite_small_str.o) (memmove)
c:/altera/16.0/nios2eds/bin/gnu/h-x86_64-mingw32/bin/../lib/gcc/nios2-elf/5.2.0/../../../../../H-x86_64-mingw32/nios2-elf/lib\libsmallc.a(lib_a-svfprintf.o)
                              c:/altera/16.0/nios2eds/bin/gnu/h-x86_64-mingw32/bin/../lib/gcc/nios2-elf/5.2.0/../../../../../H-x86_64-mingw32/nios2-elf/lib\libsmallc.a(lib_a-vsprintf.o) (___svfprintf_internal_r)
c:/altera/16.0/nios2eds/bin/gnu/h-x86_64-mingw32/bin/../lib/gcc/nios2-elf/5.2.0/../../../../../H-x86_64-mingw32/nios2-elf/lib\libsmallc.a(lib_a-writer.o)
                              c:/altera/16.0/nios2eds/bin/gnu/h-x86_64-mingw32/bin/../lib/gcc/nios2-elf/5.2.0/../../../../../H-x86_64-mingw32/nios2-elf/lib\libsmallc.a(lib_a-fvwrite_small_dev.o) (_write_r)
c:/altera/16.0/nios2eds/bin/gnu/h-x86_64-mingw32/bin/../lib/gcc/nios2-elf/5.2.0/../../../../../H-x86_64-mingw32/nios2-elf/lib\libsmallc.a(lib_a-int_errno.o)
                              c:/altera/16.0/nios2eds/bin/gnu/h-x86_64-mingw32/bin/../lib/gcc/nios2-elf/5.2.0/../../../../../H-x86_64-mingw32/nios2-elf/lib\libsmallc.a(lib_a-writer.o) (errno)
c:/altera/16.0/nios2eds/bin/gnu/h-x86_64-mingw32/bin/../lib/gcc/nios2-elf/5.2.0\libgcc.a(lib2-divmod.o)
                              c:/altera/16.0/nios2eds/bin/gnu/h-x86_64-mingw32/bin/../lib/gcc/nios2-elf/5.2.0/../../../../../H-x86_64-mingw32/nios2-elf/lib\libsmallc.a(lib_a-utoa.o) (__udivsi3)
../freq_meter_nios_bsp/\libhal_bsp.a(alt_iic.o)
                              obj/default/main.o (alt_ic_isr_register)
../freq_meter_nios_bsp/\libhal_bsp.a(alt_iic_isr_register.o)
[...]
Memory Configuration

Name             Origin             Length             Attributes
reset            0x0000000000040000 0x0000000000000020
onchip_memory2_0 0x0000000000040020 0x0000000000030d20
*default*        0x0000000000000000 0xffffffffffffffff

Linker script and memory map

LOAD ../freq_meter_nios_bsp//obj/HAL/src/crt0.o
LOAD obj/default/main.o
LOAD c:/altera/16.0/nios2eds/bin/gnu/h-x86_64-mingw32/bin/../lib/gcc/nios2-elf/5.2.0/../../../../../H-x86_64-mingw32/nios2-elf/lib\libstdc++.a
LOAD c:/altera/16.0/nios2eds/bin/gnu/h-x86_64-mingw32/bin/../lib/gcc/nios2-elf/5.2.0/../../../../../H-x86_64-mingw32/nios2-elf/lib\libm.a
LOAD c:/altera/16.0/nios2eds/bin/gnu/h-x86_64-mingw32/bin/../lib/gcc/nios2-elf/5.2.0\libgcc.a
START GROUP
LOAD c:/altera/16.0/nios2eds/bin/gnu/h-x86_64-mingw32/bin/../lib/gcc/nios2-elf/5.2.0/../../../../../H-x86_64-mingw32/nios2-elf/lib\libsmallc.a
LOAD c:/altera/16.0/nios2eds/bin/gnu/h-x86_64-mingw32/bin/../lib/gcc/nios2-elf/5.2.0\libgcc.a
LOAD ../freq_meter_nios_bsp/\libhal_bsp.a
LOAD c:/altera/16.0/nios2eds/bin/gnu/h-x86_64-mingw32/bin/../lib/gcc/nios2-elf/5.2.0/../../../../../H-x86_64-mingw32/nios2-elf/lib\libm.a
END GROUP
LOAD c:/altera/16.0/nios2eds/bin/gnu/h-x86_64-mingw32/bin/../lib/gcc/nios2-elf/5.2.0\libgcc.a
                0x0000000000040000                __alt_mem_onchip_memory2_0 = 0x40000

.entry          0x0000000000040000       0x20
 *(.entry)
 .entry         0x0000000000040000       0x20 ../freq_meter_nios_bsp//obj/HAL/src/crt0.o
                0x0000000000040000                __reset

.exceptions     0x0000000000040020      0x224
                0x0000000000040020                PROVIDE (__ram_exceptions_start, ABSOLUTE (.))
                0x0000000000040020                . = ALIGN (0x20)
 *(.irq)
 *(.exceptions.entry.label)
 .exceptions.entry.label
                0x0000000000040020        0x0 ../freq_meter_nios_bsp/\libhal_bsp.a(alt_irq_entry.o)
                0x0000000000040020                alt_irq_entry
 .exceptions.entry.label
                0x0000000000040020        0x0 ../freq_meter_nios_bsp/\libhal_bsp.a(alt_exception_entry.o)
                0x0000000000040020                alt_exception
 *(.exceptions.entry.user)
 *(.exceptions.entry.ecc_fatal)
 *(.exceptions.entry)
 .exceptions.entry
                0x0000000000040020       0x54 ../freq_meter_nios_bsp/\libhal_bsp.a(alt_exception_entry.o)
 *(.exceptions.irqtest.user)
 *(.exceptions.irqtest)
 .exceptions.irqtest
                0x0000000000040074       0x10 ../freq_meter_nios_bsp/\libhal_bsp.a(alt_irq_entry.o)
 *(.exceptions.irqhandler.user)
 *(.exceptions.irqhandler)
 .exceptions.irqhandler
                0x0000000000040084        0x4 ../freq_meter_nios_bsp/\libhal_bsp.a(alt_irq_entry.o)
 *(.exceptions.irqreturn.user)
 *(.exceptions.irqreturn)
 .exceptions.irqreturn
                0x0000000000040088        0x4 ../freq_meter_nios_bsp/\libhal_bsp.a(alt_irq_entry.o)
 *(.exceptions.notirq.label)
 .exceptions.notirq.label
                0x000000000004008c        0x0 ../freq_meter_nios_bsp/\libhal_bsp.a(alt_irq_entry.o)
 *(.exceptions.notirq.user)
 *(.exceptions.notirq)
 .exceptions.notirq
                0x000000000004008c        0x8 ../freq_meter_nios_bsp/\libhal_bsp.a(alt_exception_entry.o)
 *(.exceptions.soft.user)
 *(.exceptions.soft)
 *(.exceptions.unknown.user)
 *(.exceptions.unknown)
 .exceptions.unknown
                0x0000000000040094       0x14 ../freq_meter_nios_bsp/\libhal_bsp.a(alt_exception_entry.o)
 *(.exceptions.exit.label)
 .exceptions.exit.label
                0x00000000000400a8        0x0 ../freq_meter_nios_bsp/\libhal_bsp.a(alt_irq_entry.o)
 .exceptions.exit.label
                0x00000000000400a8        0x0 ../freq_meter_nios_bsp/\libhal_bsp.a(alt_exception_entry.o)
 *(.exceptions.exit.user)
 *(.exceptions.exit)
 .exceptions.exit
                0x00000000000400a8       0x54 ../freq_meter_nios_bsp/\libhal_bsp.a(alt_exception_entry.o)
 *(.exceptions)
 .exceptions    0x00000000000400fc       0xd4 ../freq_meter_nios_bsp/\libhal_bsp.a(alt_irq_handler.o)
                0x00000000000400fc                alt_irq_handler
 .exceptions    0x00000000000401d0       0x74 ../freq_meter_nios_bsp/\libhal_bsp.a(alt_instruction_exception_entry.o)
                0x00000000000401d0                alt_instruction_exception_entry
                0x0000000000040244                PROVIDE (__ram_exceptions_end, ABSOLUTE (.))
                0x0000000000040020                PROVIDE (__flash_exceptions_start, LOADADDR (.exceptions))

.text           0x0000000000040244     0x3e0c
                [!provide]                        PROVIDE (stext, ABSOLUTE (.))
 *(.interp)
 *(.hash)
 *(.dynsym)
 *(.dynstr)
 *(.gnu.version)
 *(.gnu.version_d)
 *(.gnu.version_r)
 *(.rel.init)
 *(.rela.init)
 *(.rel.text .rel.text.* .rel.gnu.linkonce.t.*)
 *(.rela.text .rela.text.* .rela.gnu.linkonce.t.*)
 *(.rel.fini)
 *(.rela.fini)
 *(.rel.rodata .rel.rodata.* .rel.gnu.linkonce.r.*)
 *(.rela.rodata .rela.rodata.* .rela.gnu.linkonce.r.*)
 *(.rel.data .rel.data.* .rel.gnu.linkonce.d.*)
 *(.rela.data .rela.data.* .rela.gnu.linkonce.d.*)
 *(.rel.tdata .rel.tdata.* .rel.gnu.linkonce.td.*)
 *(.rela.tdata .rela.tdata.* .rela.gnu.linkonce.td.*)
 *(.rel.tbss .rel.tbss.* .rel.gnu.linkonce.tb.*)
 *(.rela.tbss .rela.tbss.* .rela.gnu.linkonce.tb.*)
 *(.rel.ctors)
 *(.rela.ctors)
 *(.rel.dtors)
 *(.rela.dtors)
 *(.rel.got)
 *(.rela.got)
 *(.rel.sdata .rel.sdata.* .rel.gnu.linkonce.s.*)
 *(.rela.sdata .rela.sdata.* .rela.gnu.linkonce.s.*)
 *(.rel.sbss .rel.sbss.* .rel.gnu.linkonce.sb.*)
 *(.rela.sbss .rela.sbss.* .rela.gnu.linkonce.sb.*)
 *(.rel.sdata2 .rel.sdata2.* .rel.gnu.linkonce.s2.*)
 *(.rela.sdata2 .rela.sdata2.* .rela.gnu.linkonce.s2.*)
 *(.rel.sbss2 .rel.sbss2.* .rel.gnu.linkonce.sb2.*)
 *(.rela.sbss2 .rela.sbss2.* .rela.gnu.linkonce.sb2.*)
 *(.rel.bss .rel.bss.* .rel.gnu.linkonce.b.*)
 *(.rela.bss .rela.bss.* .rela.gnu.linkonce.b.*)
 *(.rel.plt)
 *(.rela.plt)
 *(.rel.dyn)
 *(.init)
 *(.plt)
 *(.text .stub .text.* .gnu.linkonce.t.*)
 .text          0x0000000000040244       0x4c ../freq_meter_nios_bsp//obj/HAL/src/crt0.o
                0x0000000000040244                _start
 .text          0x0000000000040290      0xb38 obj/default/main.o
                0x000000000004047c                hd44780_clear
                0x00000000000404c4                hd44780_home
                0x000000000004050c                hd44780_display
                0x000000000004059c                hd44780_position
                0x000000000004063c                hd44780_cgram
                0x0000000000040708                hd44780_put
                0x0000000000040754                hd44780_print
                0x00000000000407d8                hd44780_printf
                0x0000000000040888                hd44780_init
                0x0000000000040984                main
                0x00000000000409d4                freq_to_lcd
                0x0000000000040ae4                set_freq_base
                0x0000000000040bbc                set_time_del
 .text          0x0000000000040dc8        0x0 c:/altera/16.0/nios2eds/bin/gnu/h-x86_64-mingw32/bin/../lib/gcc/nios2-elf/5.2.0/../../../../../H-x86_64-mingw32/nios2-elf/lib\libsmallc.a(lib_a-itoa.o)
 .text.__itoa   0x0000000000040dc8       0x68 c:/altera/16.0/nios2eds/bin/gnu/h-x86_64-mingw32/bin/../lib/gcc/nios2-elf/5.2.0/../../../../../H-x86_64-mingw32/nios2-elf/lib\libsmallc.a(lib_a-itoa.o)
                0x0000000000040dc8                __itoa
 .text.itoa     0x0000000000040e30        0x4 c:/altera/16.0/nios2eds/bin/gnu/h-x86_64-mingw32/bin/../lib/gcc/nios2-elf/5.2.0/../../../../../H-x86_64-mingw32/nios2-elf/lib\libsmallc.a(lib_a-itoa.o)
                0x0000000000040e30                itoa
 .text          0x0000000000040e34        0x0 c:/altera/16.0/nios2eds/bin/gnu/h-x86_64-mingw32/bin/../lib/gcc/nios2-elf/5.2.0/../../../../../H-x86_64-mingw32/nios2-elf/lib\libsmallc.a(lib_a-printf.o)
 .text._printf_r
                0x0000000000040e34       0x3c c:/altera/16.0/nios2eds/bin/gnu/h-x86_64-mingw32/bin/../lib/gcc/nios2-elf/5.2.0/../../../../../H-x86_64-mingw32/nios2-elf/lib\libsmallc.a(lib_a-printf.o)
                0x0000000000040e34                _printf_r
 .text.printf   0x0000000000040e70       0x4c c:/altera/16.0/nios2eds/bin/gnu/h-x86_64-mingw32/bin/../lib/gcc/nios2-elf/5.2.0/../../../../../H-x86_64-mingw32/nios2-elf/lib\libsmallc.a(lib_a-printf.o)
                0x0000000000040e70                printf
 .text          0x0000000000040ebc        0x0 c:/altera/16.0/nios2eds/bin/gnu/h-x86_64-mingw32/bin/../lib/gcc/nios2-elf/5.2.0/../../../../../H-x86_64-mingw32/nios2-elf/lib\libsmallc.a(lib_a-strlen.o)
 .text.strlen   0x0000000000040ebc       0x1c c:/altera/16.0/nios2eds/bin/gnu/h-x86_64-mingw32/bin/../lib/gcc/nios2-elf/5.2.0/../../../../../H-x86_64-mingw32/nios2-elf/lib\libsmallc.a(lib_a-strlen.o)
                0x0000000000040ebc                strlen
 .text          0x0000000000040ed8        0x0 c:/altera/16.0/nios2eds/bin/gnu/h-x86_64-mingw32/bin/../lib/gcc/nios2-elf/5.2.0/../../../../../H-x86_64-mingw32/nios2-elf/lib\libsmallc.a(lib_a-utoa.o)
 .text.__utoa   0x0000000000040ed8       0xfc c:/altera/16.0/nios2eds/bin/gnu/h-x86_64-mingw32/bin/../lib/gcc/nios2-elf/5.2.0/../../../../../H-x86_64-mingw32/nios2-elf/lib\libsmallc.a(lib_a-utoa.o)
                0x0000000000040ed8                __utoa
 .text.utoa     0x0000000000040fd4        0x4 c:/altera/16.0/nios2eds/bin/gnu/h-x86_64-mingw32/bin/../lib/gcc/nios2-elf/5.2.0/../../../../../H-x86_64-mingw32/nios2-elf/lib\libsmallc.a(lib_a-utoa.o)
                0x0000000000040fd4                utoa
 .text          0x0000000000040fd8        0x0 c:/altera/16.0/nios2eds/bin/gnu/h-x86_64-mingw32/bin/../lib/gcc/nios2-elf/5.2.0/../../../../../H-x86_64-mingw32/nios2-elf/lib\libsmallc.a(lib_a-vfprintf.o)
 .text.print_repeat
                0x0000000000040fd8       0x6c c:/altera/16.0/nios2eds/bin/gnu/h-x86_64-mingw32/bin/../lib/gcc/nios2-elf/5.2.0/../../../../../H-x86_64-mingw32/nios2-elf/lib\libsmallc.a(lib_a-vfprintf.o)
 .text.___vfprintf_internal_r
                0x0000000000041044      0x524 c:/altera/16.0/nios2eds/bin/gnu/h-x86_64-mingw32/bin/../lib/gcc/nios2-elf/5.2.0/../../../../../H-x86_64-mingw32/nios2-elf/lib\libsmallc.a(lib_a-vfprintf.o)
                0x0000000000041044                ___vfprintf_internal_r
 .text.__vfprintf_internal
                0x0000000000041568       0x1c c:/altera/16.0/nios2eds/bin/gnu/h-x86_64-mingw32/bin/../lib/gcc/nios2-elf/5.2.0/../../../../../H-x86_64-mingw32/nios2-elf/lib\libsmallc.a(lib_a-vfprintf.o)
                0x0000000000041568                __vfprintf_internal
 .text          0x0000000000041584        0x0 c:/altera/16.0/nios2eds/bin/gnu/h-x86_64-mingw32/bin/../lib/gcc/nios2-elf/5.2.0/../../../../../H-x86_64-mingw32/nios2-elf/lib\libsmallc.a(lib_a-vsprintf.o)
 .text._vsprintf_r
                0x0000000000041584       0x5c c:/altera/16.0/nios2eds/bin/gnu/h-x86_64-mingw32/bin/../lib/gcc/nios2-elf/5.2.0/../../../../../H-x86_64-mingw32/nios2-elf/lib\libsmallc.a(lib_a-vsprintf.o)
                0x0000000000041584                _vsprintf_r
 .text.vsprintf
                0x00000000000415e0       0x1c c:/altera/16.0/nios2eds/bin/gnu/h-x86_64-mingw32/bin/../lib/gcc/nios2-elf/5.2.0/../../../../../H-x86_64-mingw32/nios2-elf/lib\libsmallc.a(lib_a-vsprintf.o)
                0x00000000000415e0                vsprintf
 .text          0x00000000000415fc        0x0 c:/altera/16.0/nios2eds/bin/gnu/h-x86_64-mingw32/bin/../lib/gcc/nios2-elf/5.2.0/../../../../../H-x86_64-mingw32/nios2-elf/lib\libsmallc.a(lib_a-fvwrite_small_dev.o)
 .text.__sfvwrite_small_dev
                0x00000000000415fc       0xb8 c:/altera/16.0/nios2eds/bin/gnu/h-x86_64-mingw32/bin/../lib/gcc/nios2-elf/5.2.0/../../../../../H-x86_64-mingw32/nios2-elf/lib\libsmallc.a(lib_a-fvwrite_small_dev.o)
                0x00000000000415fc                __sfvwrite_small_dev
 .text          0x00000000000416b4        0x0 c:/altera/16.0/nios2eds/bin/gnu/h-x86_64-mingw32/bin/../lib/gcc/nios2-elf/5.2.0/../../../../../H-x86_64-mingw32/nios2-elf/lib\libsmallc.a(lib_a-fvwrite_small_str.o)
 .text.__sfvwrite_small_str
                0x00000000000416b4       0xa8 c:/altera/16.0/nios2eds/bin/gnu/h-x86_64-mingw32/bin/../lib/gcc/nios2-elf/5.2.0/../../../../../H-x86_64-mingw32/nios2-elf/lib\libsmallc.a(lib_a-fvwrite_small_str.o)
                0x00000000000416b4                __sfvwrite_small_str
 .text          0x000000000004175c        0x0 c:/altera/16.0/nios2eds/bin/gnu/h-x86_64-mingw32/bin/../lib/gcc/nios2-elf/5.2.0/../../../../../H-x86_64-mingw32/nios2-elf/lib\libsmallc.a(lib_a-impure.o)
 .text          0x000000000004175c        0x0 c:/altera/16.0/nios2eds/bin/gnu/h-x86_64-mingw32/bin/../lib/gcc/nios2-elf/5.2.0/../../../../../H-x86_64-mingw32/nios2-elf/lib\libsmallc.a(lib_a-memcpy.o)
 .text.memcpy   0x000000000004175c       0x28 c:/altera/16.0/nios2eds/bin/gnu/h-x86_64-mingw32/bin/../lib/gcc/nios2-elf/5.2.0/../../../../../H-x86_64-mingw32/nios2-elf/lib\libsmallc.a(lib_a-memcpy.o)
                0x000000000004175c                memcpy
 .text          0x0000000000041784        0x0 c:/altera/16.0/nios2eds/bin/gnu/h-x86_64-mingw32/bin/../lib/gcc/nios2-elf/5.2.0/../../../../../H-x86_64-mingw32/nios2-elf/lib\libsmallc.a(lib_a-memmove.o)
 .text.memmove  0x0000000000041784       0x60 c:/altera/16.0/nios2eds/bin/gnu/h-x86_64-mingw32/bin/../lib/gcc/nios2-elf/5.2.0/../../../../../H-x86_64-mingw32/nios2-elf/lib\libsmallc.a(lib_a-memmove.o)
                0x0000000000041784                memmove
 .text          0x00000000000417e4        0x0 c:/altera/16.0/nios2eds/bin/gnu/h-x86_64-mingw32/bin/../lib/gcc/nios2-elf/5.2.0/../../../../../H-x86_64-mingw32/nios2-elf/lib\libsmallc.a(lib_a-svfprintf.o)
 .text.print_repeat
                0x00000000000417e4       0x6c c:/altera/16.0/nios2eds/bin/gnu/h-x86_64-mingw32/bin/../lib/gcc/nios2-elf/5.2.0/../../../../../H-x86_64-mingw32/nios2-elf/lib\libsmallc.a(lib_a-svfprintf.o)
 .text.___svfprintf_internal_r
                0x0000000000041850      0x524 c:/altera/16.0/nios2eds/bin/gnu/h-x86_64-mingw32/bin/../lib/gcc/nios2-elf/5.2.0/../../../../../H-x86_64-mingw32/nios2-elf/lib\libsmallc.a(lib_a-svfprintf.o)
                0x0000000000041850                ___svfprintf_internal_r
 .text.__vfprintf_internal_unused
                0x0000000000041d74       0x1c c:/altera/16.0/nios2eds/bin/gnu/h-x86_64-mingw32/bin/../lib/gcc/nios2-elf/5.2.0/../../../../../H-x86_64-mingw32/nios2-elf/lib\libsmallc.a(lib_a-svfprintf.o)
                0x0000000000041d74                __vfprintf_internal_unused
 .text          0x0000000000041d90        0x0 c:/altera/16.0/nios2eds/bin/gnu/h-x86_64-mingw32/bin/../lib/gcc/nios2-elf/5.2.0/../../../../../H-x86_64-mingw32/nios2-elf/lib\libsmallc.a(lib_a-writer.o)
 .text._write_r
                0x0000000000041d90       0x58 c:/altera/16.0/nios2eds/bin/gnu/h-x86_64-mingw32/bin/../lib/gcc/nios2-elf/5.2.0/../../../../../H-x86_64-mingw32/nios2-elf/lib\libsmallc.a(lib_a-writer.o)
                0x0000000000041d90                _write_r
 .text          0x0000000000041de8        0x0 c:/altera/16.0/nios2eds/bin/gnu/h-x86_64-mingw32/bin/../lib/gcc/nios2-elf/5.2.0/../../../../../H-x86_64-mingw32/nios2-elf/lib\libsmallc.a(lib_a-int_errno.o)
 .text          0x0000000000041de8      0x1b4 c:/altera/16.0/nios2eds/bin/gnu/h-x86_64-mingw32/bin/../lib/gcc/nios2-elf/5.2.0\libgcc.a(lib2-divmod.o)
                0x0000000000041de8                __divsi3
                0x0000000000041e6c                __modsi3
                0x0000000000041ee0                __udivsi3
                0x0000000000041f44                __umodsi3
 .text          0x0000000000041f9c      0x1e0 ../freq_meter_nios_bsp/\libhal_bsp.a(alt_iic.o)
                0x0000000000041f9c                alt_ic_isr_register
                0x0000000000041fec                alt_ic_irq_enable
                0x000000000004208c                alt_ic_irq_disable
                0x0000000000042130                alt_ic_irq_enabled
 .text          0x000000000004217c       0xf0 ../freq_meter_nios_bsp/\libhal_bsp.a(alt_iic_isr_register.o)
                0x000000000004217c                alt_iic_isr_register
 .text          0x000000000004226c        0x0 ../freq_meter_nios_bsp/\libhal_bsp.a(alt_irq_entry.o)
 .text          0x000000000004226c        0x0 ../freq_meter_nios_bsp/\libhal_bsp.a(alt_irq_handler.o)
 .text          0x000000000004226c        0x0 ../freq_meter_nios_bsp/\libhal_bsp.a(alt_irq_vars.o)
 .text          0x000000000004226c       0xec ../freq_meter_nios_bsp/\libhal_bsp.a(alt_load.o)
                0x00000000000422d4                alt_load
 .text          0x0000000000042358       0x6c ../freq_meter_nios_bsp/\libhal_bsp.a(alt_main.o)
                0x0000000000042358                alt_main
 .text          0x00000000000423c4       0x44 ../freq_meter_nios_bsp/\libhal_bsp.a(alt_putstr.o)
                0x00000000000423c4                alt_putstr
 .text          0x0000000000042408      0x148 ../freq_meter_nios_bsp/\libhal_bsp.a(alt_write.o)
                0x0000000000042458                write
 .text          0x0000000000042550       0xbc ../freq_meter_nios_bsp/\libhal_bsp.a(alt_sys_init.o)
                0x0000000000042588                alt_irq_init
                0x00000000000425c0                alt_sys_init
 .text          0x000000000004260c      0x164 ../freq_meter_nios_bsp/\libhal_bsp.a(altera_avalon_jtag_uart_fd.o)
                0x000000000004260c                altera_avalon_jtag_uart_read_fd
                0x000000000004266c                altera_avalon_jtag_uart_write_fd
                0x00000000000426cc                altera_avalon_jtag_uart_close_fd
                0x000000000004271c                altera_avalon_jtag_uart_ioctl_fd
 .text          0x0000000000042770      0x3e4 ../freq_meter_nios_bsp/\libhal_bsp.a(altera_avalon_jtag_uart_init.o)
                0x0000000000042770                altera_avalon_jtag_uart_init
                0x0000000000042aec                altera_avalon_jtag_uart_close
 .text          0x0000000000042b54       0xf0 ../freq_meter_nios_bsp/\libhal_bsp.a(altera_avalon_jtag_uart_ioctl.o)
                0x0000000000042b54                altera_avalon_jtag_uart_ioctl
 .text          0x0000000000042c44      0x21c ../freq_meter_nios_bsp/\libhal_bsp.a(altera_avalon_jtag_uart_read.o)
                0x0000000000042c44                altera_avalon_jtag_uart_read
 .text          0x0000000000042e60      0x224 ../freq_meter_nios_bsp/\libhal_bsp.a(altera_avalon_jtag_uart_write.o)
                0x0000000000042e60                altera_avalon_jtag_uart_write
 .text          0x0000000000043084      0x140 ../freq_meter_nios_bsp/\libhal_bsp.a(alt_alarm_start.o)
                0x0000000000043084                alt_alarm_start
 .text          0x00000000000431c4      0x120 ../freq_meter_nios_bsp/\libhal_bsp.a(alt_close.o)
                0x0000000000043214                close
 .text          0x00000000000432e4       0x48 ../freq_meter_nios_bsp/\libhal_bsp.a(alt_dcache_flush_all.o)
                0x00000000000432e4                alt_dcache_flush_all
 .text          0x000000000004332c       0x2c ../freq_meter_nios_bsp/\libhal_bsp.a(alt_dev.o)
 .text          0x0000000000043358       0xf4 ../freq_meter_nios_bsp/\libhal_bsp.a(alt_dev_llist_insert.o)
                0x00000000000433a8                alt_dev_llist_insert
 .text          0x000000000004344c        0x0 ../freq_meter_nios_bsp/\libhal_bsp.a(alt_errno.o)
 .text          0x000000000004344c        0x0 ../freq_meter_nios_bsp/\libhal_bsp.a(alt_exception_entry.o)
 .text          0x000000000004344c       0x34 ../freq_meter_nios_bsp/\libhal_bsp.a(alt_icache_flush_all.o)
                0x000000000004344c                alt_icache_flush_all
 .text          0x0000000000043480       0x9c ../freq_meter_nios_bsp/\libhal_bsp.a(alt_instruction_exception_entry.o)
                0x0000000000043480                alt_exception_cause_generated_bad_addr
 .text          0x000000000004351c      0x140 ../freq_meter_nios_bsp/\libhal_bsp.a(alt_io_redirect.o)
                0x00000000000435e0                alt_io_redirect
 .text          0x000000000004365c      0x274 ../freq_meter_nios_bsp/\libhal_bsp.a(alt_open.o)
                0x0000000000043778                open
 .text          0x00000000000438d0       0x64 ../freq_meter_nios_bsp/\libhal_bsp.a(alt_release_fd.o)
                0x00000000000438d0                alt_release_fd
 .text          0x0000000000043934      0x1a4 ../freq_meter_nios_bsp/\libhal_bsp.a(alt_tick.o)
                0x0000000000043934                alt_alarm_stop
                0x00000000000439d0                alt_tick
 .text          0x0000000000043ad8       0x24 ../freq_meter_nios_bsp/\libhal_bsp.a(altera_nios2_gen2_irq.o)
                0x0000000000043ad8                altera_nios2_gen2_irq_init
 .text          0x0000000000043afc       0x90 ../freq_meter_nios_bsp/\libhal_bsp.a(alt_find_dev.o)
                0x0000000000043afc                alt_find_dev
 .text          0x0000000000043b8c      0x114 ../freq_meter_nios_bsp/\libhal_bsp.a(alt_find_file.o)
                0x0000000000043b8c                alt_find_file
 .text          0x0000000000043ca0       0xb4 ../freq_meter_nios_bsp/\libhal_bsp.a(alt_get_fd.o)
                0x0000000000043ca0                alt_get_fd
 .text          0x0000000000043d54       0x90 ../freq_meter_nios_bsp/\libhal_bsp.a(alt_icache_flush.o)
                0x0000000000043d54                alt_icache_flush
 .text          0x0000000000043de4        0x0 c:/altera/16.0/nios2eds/bin/gnu/h-x86_64-mingw32/bin/../lib/gcc/nios2-elf/5.2.0/../../../../../H-x86_64-mingw32/nios2-elf/lib\libsmallc.a(lib_a-exit.o)
 .text.exit     0x0000000000043de4       0x20 c:/altera/16.0/nios2eds/bin/gnu/h-x86_64-mingw32/bin/../lib/gcc/nios2-elf/5.2.0/../../../../../H-x86_64-mingw32/nios2-elf/lib\libsmallc.a(lib_a-exit.o)
                0x0000000000043de4                exit
 .text          0x0000000000043e04        0x0 c:/altera/16.0/nios2eds/bin/gnu/h-x86_64-mingw32/bin/../lib/gcc/nios2-elf/5.2.0/../../../../../H-x86_64-mingw32/nios2-elf/lib\libsmallc.a(lib_a-fputs.o)
 .text.fputs    0x0000000000043e04       0x58 c:/altera/16.0/nios2eds/bin/gnu/h-x86_64-mingw32/bin/../lib/gcc/nios2-elf/5.2.0/../../../../../H-x86_64-mingw32/nios2-elf/lib\libsmallc.a(lib_a-fputs.o)
                0x0000000000043e04                fputs
 .text          0x0000000000043e5c        0x0 c:/altera/16.0/nios2eds/bin/gnu/h-x86_64-mingw32/bin/../lib/gcc/nios2-elf/5.2.0/../../../../../H-x86_64-mingw32/nios2-elf/lib\libsmallc.a(lib_a-memcmp.o)
 .text.memcmp   0x0000000000043e5c       0x30 c:/altera/16.0/nios2eds/bin/gnu/h-x86_64-mingw32/bin/../lib/gcc/nios2-elf/5.2.0/../../../../../H-x86_64-mingw32/nios2-elf/lib\libsmallc.a(lib_a-memcmp.o)
                0x0000000000043e5c                memcmp
 .text          0x0000000000043e8c        0x0 c:/altera/16.0/nios2eds/bin/gnu/h-x86_64-mingw32/bin/../lib/gcc/nios2-elf/5.2.0/../../../../../H-x86_64-mingw32/nios2-elf/lib\libsmallc.a(lib_a-__call_atexit.o)
 .text.__call_exitprocs
                0x0000000000043e8c      0x190 c:/altera/16.0/nios2eds/bin/gnu/h-x86_64-mingw32/bin/../lib/gcc/nios2-elf/5.2.0/../../../../../H-x86_64-mingw32/nios2-elf/lib\libsmallc.a(lib_a-__call_atexit.o)
                0x0000000000043e8c                __call_exitprocs
 .text          0x000000000004401c       0x34 ../freq_meter_nios_bsp/\libhal_bsp.a(alt_exit.o)
                0x000000000004401c                _exit
 *(.gnu.warning.*)
 *(.fini)
                [!provide]                        PROVIDE (__etext, ABSOLUTE (.))
                [!provide]                        PROVIDE (_etext, ABSOLUTE (.))
                [!provide]                        PROVIDE (etext, ABSOLUTE (.))
 *(.eh_frame_hdr)
                0x0000000000044050                . = ALIGN (0x4)
                [!provide]                        PROVIDE (__preinit_array_start, ABSOLUTE (.))
 *(.preinit_array)
                [!provide]                        PROVIDE (__preinit_array_end, ABSOLUTE (.))
                [!provide]                        PROVIDE (__init_array_start, ABSOLUTE (.))
 *(.init_array)
                [!provide]                        PROVIDE (__init_array_end, ABSOLUTE (.))
                [!provide]                        PROVIDE (__fini_array_start, ABSOLUTE (.))
 *(.fini_array)
                [!provide]                        PROVIDE (__fini_array_end, ABSOLUTE (.))
 *(.eh_frame)
 *(.gcc_except_table .gcc_except_table.*)
 *(.dynamic)
                [!provide]                        PROVIDE (__CTOR_LIST__, ABSOLUTE (.))
 *(.ctors)
 *(SORT(.ctors.*))
                [!provide]                        PROVIDE (__CTOR_END__, ABSOLUTE (.))
                [!provide]                        PROVIDE (__DTOR_LIST__, ABSOLUTE (.))
 *(.dtors)
 *(SORT(.dtors.*))
                [!provide]                        PROVIDE (__DTOR_END__, ABSOLUTE (.))
 *(.jcr)
                0x0000000000044050                . = ALIGN (0x4)

.rodata         0x0000000000044050      0x134
                0x0000000000044050                PROVIDE (__ram_rodata_start, ABSOLUTE (.))
                0x0000000000044050                . = ALIGN (0x4)
 *(.rodata .rodata.* .gnu.linkonce.r.*)
 .rodata        0x0000000000044050       0xd8 obj/default/main.o
 .rodata.str1.4
                0x0000000000044128       0x28 c:/altera/16.0/nios2eds/bin/gnu/h-x86_64-mingw32/bin/../lib/gcc/nios2-elf/5.2.0/../../../../../H-x86_64-mingw32/nios2-elf/lib\libsmallc.a(lib_a-utoa.o)
                                         0x25 (size before relaxing)
 .rodata        0x0000000000044150       0x11 ../freq_meter_nios_bsp/\libhal_bsp.a(alt_main.o)
 *fill*         0x0000000000044161        0x3 
 .rodata        0x0000000000044164       0x11 ../freq_meter_nios_bsp/\libhal_bsp.a(alt_sys_init.o)
 *fill*         0x0000000000044175        0x3 
 .rodata        0x0000000000044178        0xa ../freq_meter_nios_bsp/\libhal_bsp.a(alt_dev.o)
 *(.rodata1)
                0x0000000000044184                . = ALIGN (0x4)
 *fill*         0x0000000000044182        0x2 
                0x0000000000044184                PROVIDE (__ram_rodata_end, ABSOLUTE (.))
                0x0000000000044050                PROVIDE (__flash_rodata_start, LOADADDR (.rodata))

.rwdata         0x0000000000044184     0x13e0 load address 0x0000000000045564
                0x0000000000044184                PROVIDE (__ram_rwdata_start, ABSOLUTE (.))
                0x0000000000044184                . = ALIGN (0x4)
 *(.got.plt)
 *(.got)
 *(.data1)
 *(.data .data.* .gnu.linkonce.d.*)
 .data          0x0000000000044184        0x0 ../freq_meter_nios_bsp//obj/HAL/src/crt0.o
 .data          0x0000000000044184       0xc9 obj/default/main.o
                0x0000000000044184                rus_code_mas
                0x00000000000441c8                rus_letter_mas
 .data          0x000000000004424d        0x0 c:/altera/16.0/nios2eds/bin/gnu/h-x86_64-mingw32/bin/../lib/gcc/nios2-elf/5.2.0/../../../../../H-x86_64-mingw32/nios2-elf/lib\libsmallc.a(lib_a-itoa.o)
 .data          0x000000000004424d        0x0 c:/altera/16.0/nios2eds/bin/gnu/h-x86_64-mingw32/bin/../lib/gcc/nios2-elf/5.2.0/../../../../../H-x86_64-mingw32/nios2-elf/lib\libsmallc.a(lib_a-printf.o)
 .data          0x000000000004424d        0x0 c:/altera/16.0/nios2eds/bin/gnu/h-x86_64-mingw32/bin/../lib/gcc/nios2-elf/5.2.0/../../../../../H-x86_64-mingw32/nios2-elf/lib\libsmallc.a(lib_a-strlen.o)
 .data          0x000000000004424d        0x0 c:/altera/16.0/nios2eds/bin/gnu/h-x86_64-mingw32/bin/../lib/gcc/nios2-elf/5.2.0/../../../../../H-x86_64-mingw32/nios2-elf/lib\libsmallc.a(lib_a-utoa.o)
 .data          0x000000000004424d        0x0 c:/altera/16.0/nios2eds/bin/gnu/h-x86_64-mingw32/bin/../lib/gcc/nios2-elf/5.2.0/../../../../../H-x86_64-mingw32/nios2-elf/lib\libsmallc.a(lib_a-vfprintf.o)
 .data          0x000000000004424d        0x0 c:/altera/16.0/nios2eds/bin/gnu/h-x86_64-mingw32/bin/../lib/gcc/nios2-elf/5.2.0/../../../../../H-x86_64-mingw32/nios2-elf/lib\libsmallc.a(lib_a-vsprintf.o)
 .data          0x000000000004424d        0x0 c:/altera/16.0/nios2eds/bin/gnu/h-x86_64-mingw32/bin/../lib/gcc/nios2-elf/5.2.0/../../../../../H-x86_64-mingw32/nios2-elf/lib\libsmallc.a(lib_a-fvwrite_small_dev.o)
 .data          0x000000000004424d        0x0 c:/altera/16.0/nios2eds/bin/gnu/h-x86_64-mingw32/bin/../lib/gcc/nios2-elf/5.2.0/../../../../../H-x86_64-mingw32/nios2-elf/lib\libsmallc.a(lib_a-fvwrite_small_str.o)
 .data          0x000000000004424d        0x0 c:/altera/16.0/nios2eds/bin/gnu/h-x86_64-mingw32/bin/../lib/gcc/nios2-elf/5.2.0/../../../../../H-x86_64-mingw32/nios2-elf/lib\libsmallc.a(lib_a-impure.o)
 *fill*         0x000000000004424d        0x3 
 .data.impure_data
                0x0000000000044250       0xe0 c:/altera/16.0/nios2eds/bin/gnu/h-x86_64-mingw32/bin/../lib/gcc/nios2-elf/5.2.0/../../../../../H-x86_64-mingw32/nios2-elf/lib\libsmallc.a(lib_a-impure.o)
 .data          0x0000000000044330        0x0 c:/altera/16.0/nios2eds/bin/gnu/h-x86_64-mingw32/bin/../lib/gcc/nios2-elf/5.2.0/../../../../../H-x86_64-mingw32/nios2-elf/lib\libsmallc.a(lib_a-memcpy.o)
 .data          0x0000000000044330        0x0 c:/altera/16.0/nios2eds/bin/gnu/h-x86_64-mingw32/bin/../lib/gcc/nios2-elf/5.2.0/../../../../../H-x86_64-mingw32/nios2-elf/lib\libsmallc.a(lib_a-memmove.o)
 .data          0x0000000000044330        0x0 c:/altera/16.0/nios2eds/bin/gnu/h-x86_64-mingw32/bin/../lib/gcc/nios2-elf/5.2.0/../../../../../H-x86_64-mingw32/nios2-elf/lib\libsmallc.a(lib_a-svfprintf.o)
 .data          0x0000000000044330        0x0 c:/altera/16.0/nios2eds/bin/gnu/h-x86_64-mingw32/bin/../lib/gcc/nios2-elf/5.2.0/../../../../../H-x86_64-mingw32/nios2-elf/lib\libsmallc.a(lib_a-writer.o)
 .data          0x0000000000044330        0x0 c:/altera/16.0/nios2eds/bin/gnu/h-x86_64-mingw32/bin/../lib/gcc/nios2-elf/5.2.0/../../../../../H-x86_64-mingw32/nios2-elf/lib\libsmallc.a(lib_a-int_errno.o)
 .data          0x0000000000044330        0x0 c:/altera/16.0/nios2eds/bin/gnu/h-x86_64-mingw32/bin/../lib/gcc/nios2-elf/5.2.0\libgcc.a(lib2-divmod.o)
 .data          0x0000000000044330        0x0 ../freq_meter_nios_bsp/\libhal_bsp.a(alt_iic.o)
 .data          0x0000000000044330        0x0 ../freq_meter_nios_bsp/\libhal_bsp.a(alt_iic_isr_register.o)
 .data          0x0000000000044330        0x0 ../freq_meter_nios_bsp/\libhal_bsp.a(alt_irq_entry.o)
 .data          0x0000000000044330        0x0 ../freq_meter_nios_bsp/\libhal_bsp.a(alt_irq_handler.o)
 .data          0x0000000000044330        0x0 ../freq_meter_nios_bsp/\libhal_bsp.a(alt_irq_vars.o)
 .data          0x0000000000044330        0x0 ../freq_meter_nios_bsp/\libhal_bsp.a(alt_load.o)
 .data          0x0000000000044330        0x0 ../freq_meter_nios_bsp/\libhal_bsp.a(alt_main.o)
 .data          0x0000000000044330        0x0 ../freq_meter_nios_bsp/\libhal_bsp.a(alt_putstr.o)
 .data          0x0000000000044330        0x0 ../freq_meter_nios_bsp/\libhal_bsp.a(alt_write.o)
 .data          0x0000000000044330     0x1060 ../freq_meter_nios_bsp/\libhal_bsp.a(alt_sys_init.o)
 .data          0x0000000000045390        0x0 ../freq_meter_nios_bsp/\libhal_bsp.a(altera_avalon_jtag_uart_fd.o)
 .data          0x0000000000045390        0x0 ../freq_meter_nios_bsp/\libhal_bsp.a(altera_avalon_jtag_uart_init.o)
 .data          0x0000000000045390        0x0 ../freq_meter_nios_bsp/\libhal_bsp.a(altera_avalon_jtag_uart_ioctl.o)
 .data          0x0000000000045390        0x0 ../freq_meter_nios_bsp/\libhal_bsp.a(altera_avalon_jtag_uart_read.o)
 .data          0x0000000000045390        0x0 ../freq_meter_nios_bsp/\libhal_bsp.a(altera_avalon_jtag_uart_write.o)
 .data          0x0000000000045390        0x0 ../freq_meter_nios_bsp/\libhal_bsp.a(alt_alarm_start.o)
 .data          0x0000000000045390        0x0 ../freq_meter_nios_bsp/\libhal_bsp.a(alt_close.o)
 .data          0x0000000000045390        0x0 ../freq_meter_nios_bsp/\libhal_bsp.a(alt_dcache_flush_all.o)
 .data          0x0000000000045390      0x1a8 ../freq_meter_nios_bsp/\libhal_bsp.a(alt_dev.o)
                0x0000000000045390                alt_dev_null
                0x00000000000453b8                alt_fd_list
 .data          0x0000000000045538        0x0 ../freq_meter_nios_bsp/\libhal_bsp.a(alt_dev_llist_insert.o)
 .data          0x0000000000045538        0x0 ../freq_meter_nios_bsp/\libhal_bsp.a(alt_errno.o)
 .data          0x0000000000045538        0x0 ../freq_meter_nios_bsp/\libhal_bsp.a(alt_exception_entry.o)
 .data          0x0000000000045538        0x0 ../freq_meter_nios_bsp/\libhal_bsp.a(alt_icache_flush_all.o)
 .data          0x0000000000045538        0x0 ../freq_meter_nios_bsp/\libhal_bsp.a(alt_instruction_exception_entry.o)
 .data          0x0000000000045538        0x0 ../freq_meter_nios_bsp/\libhal_bsp.a(alt_io_redirect.o)
 .data          0x0000000000045538        0x0 ../freq_meter_nios_bsp/\libhal_bsp.a(alt_open.o)
 .data          0x0000000000045538        0x0 ../freq_meter_nios_bsp/\libhal_bsp.a(alt_release_fd.o)
 .data          0x0000000000045538        0x0 ../freq_meter_nios_bsp/\libhal_bsp.a(alt_tick.o)
 .data          0x0000000000045538        0x0 ../freq_meter_nios_bsp/\libhal_bsp.a(altera_nios2_gen2_irq.o)
 .data          0x0000000000045538        0x0 ../freq_meter_nios_bsp/\libhal_bsp.a(alt_find_dev.o)
 .data          0x0000000000045538        0x0 ../freq_meter_nios_bsp/\libhal_bsp.a(alt_find_file.o)
 .data          0x0000000000045538        0x0 ../freq_meter_nios_bsp/\libhal_bsp.a(alt_get_fd.o)
 .data          0x0000000000045538        0x0 ../freq_meter_nios_bsp/\libhal_bsp.a(alt_icache_flush.o)
 .data          0x0000000000045538        0x0 c:/altera/16.0/nios2eds/bin/gnu/h-x86_64-mingw32/bin/../lib/gcc/nios2-elf/5.2.0/../../../../../H-x86_64-mingw32/nios2-elf/lib\libsmallc.a(lib_a-exit.o)
 .data          0x0000000000045538        0x0 c:/altera/16.0/nios2eds/bin/gnu/h-x86_64-mingw32/bin/../lib/gcc/nios2-elf/5.2.0/../../../../../H-x86_64-mingw32/nios2-elf/lib\libsmallc.a(lib_a-fputs.o)
 .data          0x0000000000045538        0x0 c:/altera/16.0/nios2eds/bin/gnu/h-x86_64-mingw32/bin/../lib/gcc/nios2-elf/5.2.0/../../../../../H-x86_64-mingw32/nios2-elf/lib\libsmallc.a(lib_a-memcmp.o)
 .data          0x0000000000045538        0x0 c:/altera/16.0/nios2eds/bin/gnu/h-x86_64-mingw32/bin/../lib/gcc/nios2-elf/5.2.0/../../../../../H-x86_64-mingw32/nios2-elf/lib\libsmallc.a(lib_a-__call_atexit.o)
 .data          0x0000000000045538        0x0 ../freq_meter_nios_bsp/\libhal_bsp.a(alt_exit.o)
                0x000000000004d538                _gp = ABSOLUTE ((. + 0x8000))
                [!provide]                        PROVIDE (gp, _gp)
 *(.rwdata .rwdata.*)
 *(.sdata .sdata.* .gnu.linkonce.s.*)
 .sdata._global_impure_ptr
                0x0000000000045538        0x4 c:/altera/16.0/nios2eds/bin/gnu/h-x86_64-mingw32/bin/../lib/gcc/nios2-elf/5.2.0/../../../../../H-x86_64-mingw32/nios2-elf/lib\libsmallc.a(lib_a-impure.o)
                0x0000000000045538                _global_impure_ptr
 .sdata._impure_ptr
                0x000000000004553c        0x4 c:/altera/16.0/nios2eds/bin/gnu/h-x86_64-mingw32/bin/../lib/gcc/nios2-elf/5.2.0/../../../../../H-x86_64-mingw32/nios2-elf/lib\libsmallc.a(lib_a-impure.o)
                0x000000000004553c                _impure_ptr
 .sdata         0x0000000000045540        0x4 ../freq_meter_nios_bsp/\libhal_bsp.a(alt_irq_vars.o)
                0x0000000000045540                alt_priority_mask
 .sdata         0x0000000000045544       0x14 ../freq_meter_nios_bsp/\libhal_bsp.a(alt_dev.o)
                0x0000000000045544                alt_fs_list
                0x000000000004554c                alt_dev_list
                0x0000000000045554                alt_max_fd
 .sdata         0x0000000000045558        0x4 ../freq_meter_nios_bsp/\libhal_bsp.a(alt_errno.o)
                0x0000000000045558                alt_errno
 .sdata         0x000000000004555c        0x8 ../freq_meter_nios_bsp/\libhal_bsp.a(alt_tick.o)
                0x000000000004555c                alt_alarm_list
 *(.sdata2 .sdata2.* .gnu.linkonce.s2.*)
                0x0000000000045564                . = ALIGN (0x4)
                0x0000000000045564                _edata = ABSOLUTE (.)
                [!provide]                        PROVIDE (edata, ABSOLUTE (.))
                0x0000000000045564                PROVIDE (__ram_rwdata_end, ABSOLUTE (.))
                0x0000000000045564                PROVIDE (__flash_rwdata_start, LOADADDR (.rwdata))

.bss            0x0000000000046944      0x13c
                0x0000000000046944                __bss_start = ABSOLUTE (.)
                [!provide]                        PROVIDE (__sbss_start, ABSOLUTE (.))
                [!provide]                        PROVIDE (___sbss_start, ABSOLUTE (.))
 *(.dynsbss)
 *(.sbss .sbss.* .gnu.linkonce.sb.*)
 .sbss          0x0000000000046944       0x10 obj/default/main.o
                0x0000000000046944                n
                0x0000000000046948                freq_base
                0x000000000004694c                time_del
                0x0000000000046950                len_znach
 .sbss          0x0000000000046954        0xc obj/default/main.o
                0x0000000000046954                edge_capture
                0x0000000000046958                sw123
                0x000000000004695c                sw0
 .sbss          0x0000000000046960        0x4 c:/altera/16.0/nios2eds/bin/gnu/h-x86_64-mingw32/bin/../lib/gcc/nios2-elf/5.2.0/../../../../../H-x86_64-mingw32/nios2-elf/lib\libsmallc.a(lib_a-int_errno.o)
                0x0000000000046960                errno
 .sbss          0x0000000000046964        0x4 ../freq_meter_nios_bsp/\libhal_bsp.a(alt_irq_vars.o)
                0x0000000000046964                alt_irq_active
 .sbss          0x0000000000046968        0xc ../freq_meter_nios_bsp/\libhal_bsp.a(alt_main.o)
                0x0000000000046968                alt_argc
                0x000000000004696c                alt_argv
                0x0000000000046970                alt_envp
 .sbss          0x0000000000046974        0x4 ../freq_meter_nios_bsp/\libhal_bsp.a(alt_instruction_exception_entry.o)
                0x0000000000046974                alt_instruction_exception_handler
 .sbss          0x0000000000046978        0x8 ../freq_meter_nios_bsp/\libhal_bsp.a(alt_tick.o)
                0x0000000000046978                _alt_tick_rate
                0x000000000004697c                _alt_nticks
 *(.sbss2 .sbss2.* .gnu.linkonce.sb2.*)
 *(.scommon)
                [!provide]                        PROVIDE (__sbss_end, ABSOLUTE (.))
                [!provide]                        PROVIDE (___sbss_end, ABSOLUTE (.))
 *(.dynbss)
 *(.bss .bss.* .gnu.linkonce.b.*)
 .bss           0x0000000000046980        0x0 ../freq_meter_nios_bsp//obj/HAL/src/crt0.o
 .bss           0x0000000000046980        0x0 obj/default/main.o
 .bss           0x0000000000046980        0x0 c:/altera/16.0/nios2eds/bin/gnu/h-x86_64-mingw32/bin/../lib/gcc/nios2-elf/5.2.0/../../../../../H-x86_64-mingw32/nios2-elf/lib\libsmallc.a(lib_a-itoa.o)
 .bss           0x0000000000046980        0x0 c:/altera/16.0/nios2eds/bin/gnu/h-x86_64-mingw32/bin/../lib/gcc/nios2-elf/5.2.0/../../../../../H-x86_64-mingw32/nios2-elf/lib\libsmallc.a(lib_a-printf.o)
 .bss           0x0000000000046980        0x0 c:/altera/16.0/nios2eds/bin/gnu/h-x86_64-mingw32/bin/../lib/gcc/nios2-elf/5.2.0/../../../../../H-x86_64-mingw32/nios2-elf/lib\libsmallc.a(lib_a-strlen.o)
 .bss           0x0000000000046980        0x0 c:/altera/16.0/nios2eds/bin/gnu/h-x86_64-mingw32/bin/../lib/gcc/nios2-elf/5.2.0/../../../../../H-x86_64-mingw32/nios2-elf/lib\libsmallc.a(lib_a-utoa.o)
 .bss           0x0000000000046980        0x0 c:/altera/16.0/nios2eds/bin/gnu/h-x86_64-mingw32/bin/../lib/gcc/nios2-elf/5.2.0/../../../../../H-x86_64-mingw32/nios2-elf/lib\libsmallc.a(lib_a-vfprintf.o)
 .bss           0x0000000000046980        0x0 c:/altera/16.0/nios2eds/bin/gnu/h-x86_64-mingw32/bin/../lib/gcc/nios2-elf/5.2.0/../../../../../H-x86_64-mingw32/nios2-elf/lib\libsmallc.a(lib_a-vsprintf.o)
 .bss           0x0000000000046980        0x0 c:/altera/16.0/nios2eds/bin/gnu/h-x86_64-mingw32/bin/../lib/gcc/nios2-elf/5.2.0/../../../../../H-x86_64-mingw32/nios2-elf/lib\libsmallc.a(lib_a-fvwrite_small_dev.o)
 .bss           0x0000000000046980        0x0 c:/altera/16.0/nios2eds/bin/gnu/h-x86_64-mingw32/bin/../lib/gcc/nios2-elf/5.2.0/../../../../../H-x86_64-mingw32/nios2-elf/lib\libsmallc.a(lib_a-fvwrite_small_str.o)
 .bss           0x0000000000046980        0x0 c:/altera/16.0/nios2eds/bin/gnu/h-x86_64-mingw32/bin/../lib/gcc/nios2-elf/5.2.0/../../../../../H-x86_64-mingw32/nios2-elf/lib\libsmallc.a(lib_a-impure.o)
 .bss           0x0000000000046980        0x0 c:/altera/16.0/nios2eds/bin/gnu/h-x86_64-mingw32/bin/../lib/gcc/nios2-elf/5.2.0/../../../../../H-x86_64-mingw32/nios2-elf/lib\libsmallc.a(lib_a-memcpy.o)
 .bss           0x0000000000046980        0x0 c:/altera/16.0/nios2eds/bin/gnu/h-x86_64-mingw32/bin/../lib/gcc/nios2-elf/5.2.0/../../../../../H-x86_64-mingw32/nios2-elf/lib\libsmallc.a(lib_a-memmove.o)
 .bss           0x0000000000046980        0x0 c:/altera/16.0/nios2eds/bin/gnu/h-x86_64-mingw32/bin/../lib/gcc/nios2-elf/5.2.0/../../../../../H-x86_64-mingw32/nios2-elf/lib\libsmallc.a(lib_a-svfprintf.o)
 .bss           0x0000000000046980        0x0 c:/altera/16.0/nios2eds/bin/gnu/h-x86_64-mingw32/bin/../lib/gcc/nios2-elf/5.2.0/../../../../../H-x86_64-mingw32/nios2-elf/lib\libsmallc.a(lib_a-writer.o)
 .bss           0x0000000000046980        0x0 c:/altera/16.0/nios2eds/bin/gnu/h-x86_64-mingw32/bin/../lib/gcc/nios2-elf/5.2.0/../../../../../H-x86_64-mingw32/nios2-elf/lib\libsmallc.a(lib_a-int_errno.o)
 .bss           0x0000000000046980        0x0 c:/altera/16.0/nios2eds/bin/gnu/h-x86_64-mingw32/bin/../lib/gcc/nios2-elf/5.2.0\libgcc.a(lib2-divmod.o)
 .bss           0x0000000000046980        0x0 ../freq_meter_nios_bsp/\libhal_bsp.a(alt_iic.o)
 .bss           0x0000000000046980        0x0 ../freq_meter_nios_bsp/\libhal_bsp.a(alt_iic_isr_register.o)
 .bss           0x0000000000046980        0x0 ../freq_meter_nios_bsp/\libhal_bsp.a(alt_irq_entry.o)
 .bss           0x0000000000046980        0x0 ../freq_meter_nios_bsp/\libhal_bsp.a(alt_irq_handler.o)
 .bss           0x0000000000046980        0x0 ../freq_meter_nios_bsp/\libhal_bsp.a(alt_irq_vars.o)
 .bss           0x0000000000046980        0x0 ../freq_meter_nios_bsp/\libhal_bsp.a(alt_load.o)
 .bss           0x0000000000046980        0x0 ../freq_meter_nios_bsp/\libhal_bsp.a(alt_main.o)
 .bss           0x0000000000046980        0x0 ../freq_meter_nios_bsp/\libhal_bsp.a(alt_putstr.o)
 .bss           0x0000000000046980        0x0 ../freq_meter_nios_bsp/\libhal_bsp.a(alt_write.o)
 .bss           0x0000000000046980        0x0 ../freq_meter_nios_bsp/\libhal_bsp.a(alt_sys_init.o)
 .bss           0x0000000000046980        0x0 ../freq_meter_nios_bsp/\libhal_bsp.a(altera_avalon_jtag_uart_fd.o)
 .bss           0x0000000000046980        0x0 ../freq_meter_nios_bsp/\libhal_bsp.a(altera_avalon_jtag_uart_init.o)
 .bss           0x0000000000046980        0x0 ../freq_meter_nios_bsp/\libhal_bsp.a(altera_avalon_jtag_uart_ioctl.o)
 .bss           0x0000000000046980        0x0 ../freq_meter_nios_bsp/\libhal_bsp.a(altera_avalon_jtag_uart_read.o)
 .bss           0x0000000000046980        0x0 ../freq_meter_nios_bsp/\libhal_bsp.a(altera_avalon_jtag_uart_write.o)
 .bss           0x0000000000046980        0x0 ../freq_meter_nios_bsp/\libhal_bsp.a(alt_alarm_start.o)
 .bss           0x0000000000046980        0x0 ../freq_meter_nios_bsp/\libhal_bsp.a(alt_close.o)
 .bss           0x0000000000046980        0x0 ../freq_meter_nios_bsp/\libhal_bsp.a(alt_dcache_flush_all.o)
 .bss           0x0000000000046980        0x0 ../freq_meter_nios_bsp/\libhal_bsp.a(alt_dev.o)
 .bss           0x0000000000046980        0x0 ../freq_meter_nios_bsp/\libhal_bsp.a(alt_dev_llist_insert.o)
 .bss           0x0000000000046980        0x0 ../freq_meter_nios_bsp/\libhal_bsp.a(alt_errno.o)
 .bss           0x0000000000046980        0x0 ../freq_meter_nios_bsp/\libhal_bsp.a(alt_exception_entry.o)
 .bss           0x0000000000046980        0x0 ../freq_meter_nios_bsp/\libhal_bsp.a(alt_icache_flush_all.o)
 .bss           0x0000000000046980        0x0 ../freq_meter_nios_bsp/\libhal_bsp.a(alt_instruction_exception_entry.o)
 .bss           0x0000000000046980        0x0 ../freq_meter_nios_bsp/\libhal_bsp.a(alt_io_redirect.o)
 .bss           0x0000000000046980        0x0 ../freq_meter_nios_bsp/\libhal_bsp.a(alt_open.o)
 .bss           0x0000000000046980        0x0 ../freq_meter_nios_bsp/\libhal_bsp.a(alt_release_fd.o)
 .bss           0x0000000000046980        0x0 ../freq_meter_nios_bsp/\libhal_bsp.a(alt_tick.o)
 .bss           0x0000000000046980        0x0 ../freq_meter_nios_bsp/\libhal_bsp.a(altera_nios2_gen2_irq.o)
 .bss           0x0000000000046980        0x0 ../freq_meter_nios_bsp/\libhal_bsp.a(alt_find_dev.o)
 .bss           0x0000000000046980        0x0 ../freq_meter_nios_bsp/\libhal_bsp.a(alt_find_file.o)
 .bss           0x0000000000046980        0x0 ../freq_meter_nios_bsp/\libhal_bsp.a(alt_get_fd.o)
 .bss           0x0000000000046980        0x0 ../freq_meter_nios_bsp/\libhal_bsp.a(alt_icache_flush.o)
 .bss           0x0000000000046980        0x0 c:/altera/16.0/nios2eds/bin/gnu/h-x86_64-mingw32/bin/../lib/gcc/nios2-elf/5.2.0/../../../../../H-x86_64-mingw32/nios2-elf/lib\libsmallc.a(lib_a-exit.o)
 .bss           0x0000000000046980        0x0 c:/altera/16.0/nios2eds/bin/gnu/h-x86_64-mingw32/bin/../lib/gcc/nios2-elf/5.2.0/../../../../../H-x86_64-mingw32/nios2-elf/lib\libsmallc.a(lib_a-fputs.o)
 .bss           0x0000000000046980        0x0 c:/altera/16.0/nios2eds/bin/gnu/h-x86_64-mingw32/bin/../lib/gcc/nios2-elf/5.2.0/../../../../../H-x86_64-mingw32/nios2-elf/lib\libsmallc.a(lib_a-memcmp.o)
 .bss           0x0000000000046980        0x0 c:/altera/16.0/nios2eds/bin/gnu/h-x86_64-mingw32/bin/../lib/gcc/nios2-elf/5.2.0/../../../../../H-x86_64-mingw32/nios2-elf/lib\libsmallc.a(lib_a-__call_atexit.o)
 .bss           0x0000000000046980        0x0 ../freq_meter_nios_bsp/\libhal_bsp.a(alt_exit.o)
 *(COMMON)
 COMMON         0x0000000000046980      0x100 ../freq_meter_nios_bsp/\libhal_bsp.a(alt_irq_handler.o)
                0x0000000000046980                alt_irq
                0x0000000000046a80                . = ALIGN (0x4)
                0x0000000000046a80                __bss_end = ABSOLUTE (.)

.onchip_memory2_0
                0x0000000000046a80        0x0
                [!provide]                        PROVIDE (_alt_partition_onchip_memory2_0_start, ABSOLUTE (.))
 *(.onchip_memory2_0 .onchip_memory2_0. onchip_memory2_0.*)
                0x0000000000046a80                . = ALIGN (0x4)
                [!provide]                        PROVIDE (_alt_partition_onchip_memory2_0_end, ABSOLUTE (.))
                0x0000000000046a80                _end = ABSOLUTE (.)
                0x0000000000046a80                end = ABSOLUTE (.)
                0x0000000000046a80                __alt_stack_base = ABSOLUTE (.)
                [!provide]                        PROVIDE (_alt_partition_onchip_memory2_0_load_addr, LOADADDR (.onchip_memory2_0))

.stab
 *(.stab)

.stabstr
 *(.stabstr)

.stab.excl
 *(.stab.excl)

.stab.exclstr
 *(.stab.exclstr)

.stab.index
 *(.stab.index)

.stab.indexstr
 *(.stab.indexstr)

.comment        0x0000000000000000       0x23
 *(.comment)
 .comment       0x0000000000000000       0x23 obj/default/main.o
                                         0x24 (size before relaxing)
 .comment       0x0000000000000023       0x24 c:/altera/16.0/nios2eds/bin/gnu/h-x86_64-mingw32/bin/../lib/gcc/nios2-elf/5.2.0/../../../../../H-x86_64-mingw32/nios2-elf/lib\libsmallc.a(lib_a-itoa.o)
 .comment       0x0000000000000023       0x24 c:/altera/16.0/nios2eds/bin/gnu/h-x86_64-mingw32/bin/../lib/gcc/nios2-elf/5.2.0/../../../../../H-x86_64-mingw32/nios2-elf/lib\libsmallc.a(lib_a-printf.o)
 .comment       0x0000000000000023       0x24 c:/altera/16.0/nios2eds/bin/gnu/h-x86_64-mingw32/bin/../lib/gcc/nios2-elf/5.2.0/../../../../../H-x86_64-mingw32/nios2-elf/lib\libsmallc.a(lib_a-strlen.o)
 .comment       0x0000000000000023       0x24 c:/altera/16.0/nios2eds/bin/gnu/h-x86_64-mingw32/bin/../lib/gcc/nios2-elf/5.2.0/../../../../../H-x86_64-mingw32/nios2-elf/lib\libsmallc.a(lib_a-utoa.o)
 .comment       0x0000000000000023       0x24 c:/altera/16.0/nios2eds/bin/gnu/h-x86_64-mingw32/bin/../lib/gcc/nios2-elf/5.2.0/../../../../../H-x86_64-mingw32/nios2-elf/lib\libsmallc.a(lib_a-vfprintf.o)
 .comment       0x0000000000000023       0x24 c:/altera/16.0/nios2eds/bin/gnu/h-x86_64-mingw32/bin/../lib/gcc/nios2-elf/5.2.0/../../../../../H-x86_64-mingw32/nios2-elf/lib\libsmallc.a(lib_a-vsprintf.o)
 .comment       0x0000000000000023       0x24 c:/altera/16.0/nios2eds/bin/gnu/h-x86_64-mingw32/bin/../lib/gcc/nios2-elf/5.2.0/../../../../../H-x86_64-mingw32/nios2-elf/lib\libsmallc.a(lib_a-fvwrite_small_dev.o)
 .comment       0x0000000000000023       0x24 c:/altera/16.0/nios2eds/bin/gnu/h-x86_64-mingw32/bin/../lib/gcc/nios2-elf/5.2.0/../../../../../H-x86_64-mingw32/nios2-elf/lib\libsmallc.a(lib_a-fvwrite_small_str.o)
 .comment       0x0000000000000023       0x24 c:/altera/16.0/nios2eds/bin/gnu/h-x86_64-mingw32/bin/../lib/gcc/nios2-elf/5.2.0/../../../../../H-x86_64-mingw32/nios2-elf/lib\libsmallc.a(lib_a-impure.o)
 .comment       0x0000000000000023       0x24 c:/altera/16.0/nios2eds/bin/gnu/h-x86_64-mingw32/bin/../lib/gcc/nios2-elf/5.2.0/../../../../../H-x86_64-mingw32/nios2-elf/lib\libsmallc.a(lib_a-memcpy.o)
 .comment       0x0000000000000023       0x24 c:/altera/16.0/nios2eds/bin/gnu/h-x86_64-mingw32/bin/../lib/gcc/nios2-elf/5.2.0/../../../../../H-x86_64-mingw32/nios2-elf/lib\libsmallc.a(lib_a-memmove.o)
 .comment       0x0000000000000023       0x24 c:/altera/16.0/nios2eds/bin/gnu/h-x86_64-mingw32/bin/../lib/gcc/nios2-elf/5.2.0/../../../../../H-x86_64-mingw32/nios2-elf/lib\libsmallc.a(lib_a-svfprintf.o)
 .comment       0x0000000000000023       0x24 c:/altera/16.0/nios2eds/bin/gnu/h-x86_64-mingw32/bin/../lib/gcc/nios2-elf/5.2.0/../../../../../H-x86_64-mingw32/nios2-elf/lib\libsmallc.a(lib_a-writer.o)
 .comment       0x0000000000000023       0x24 c:/altera/16.0/nios2eds/bin/gnu/h-x86_64-mingw32/bin/../lib/gcc/nios2-elf/5.2.0/../../../../../H-x86_64-mingw32/nios2-elf/lib\libsmallc.a(lib_a-int_errno.o)
 .comment       0x0000000000000023       0x24 c:/altera/16.0/nios2eds/bin/gnu/h-x86_64-mingw32/bin/../lib/gcc/nios2-elf/5.2.0\libgcc.a(lib2-divmod.o)
 .comment       0x0000000000000023       0x24 ../freq_meter_nios_bsp/\libhal_bsp.a(alt_iic.o)
 .comment       0x0000000000000023       0x24 ../freq_meter_nios_bsp/\libhal_bsp.a(alt_iic_isr_register.o)
 .comment       0x0000000000000023       0x24 ../freq_meter_nios_bsp/\libhal_bsp.a(alt_irq_handler.o)
 .comment       0x0000000000000023       0x24 ../freq_meter_nios_bsp/\libhal_bsp.a(alt_irq_vars.o)
 .comment       0x0000000000000023       0x24 ../freq_meter_nios_bsp/\libhal_bsp.a(alt_load.o)
 .comment       0x0000000000000023       0x24 ../freq_meter_nios_bsp/\libhal_bsp.a(alt_main.o)
 .comment       0x0000000000000023       0x24 ../freq_meter_nios_bsp/\libhal_bsp.a(alt_putstr.o)
 .comment       0x0000000000000023       0x24 ../freq_meter_nios_bsp/\libhal_bsp.a(alt_write.o)
 .comment       0x0000000000000023       0x24 ../freq_meter_nios_bsp/\libhal_bsp.a(alt_sys_init.o)
 .comment       0x0000000000000023       0x24 ../freq_meter_nios_bsp/\libhal_bsp.a(altera_avalon_jtag_uart_fd.o)
 .comment       0x0000000000000023       0x24 ../freq_meter_nios_bsp/\libhal_bsp.a(altera_avalon_jtag_uart_init.o)
 .comment       0x0000000000000023       0x24 ../freq_meter_nios_bsp/\libhal_bsp.a(altera_avalon_jtag_uart_ioctl.o)
 .comment       0x0000000000000023       0x24 ../freq_meter_nios_bsp/\libhal_bsp.a(altera_avalon_jtag_uart_read.o)
 .comment       0x0000000000000023       0x24 ../freq_meter_nios_bsp/\libhal_bsp.a(altera_avalon_jtag_uart_write.o)
 .comment       0x0000000000000023       0x24 ../freq_meter_nios_bsp/\libhal_bsp.a(alt_alarm_start.o)
 .comment       0x0000000000000023       0x24 ../freq_meter_nios_bsp/\libhal_bsp.a(alt_close.o)
 .comment       0x0000000000000023       0x24 ../freq_meter_nios_bsp/\libhal_bsp.a(alt_dcache_flush_all.o)
 .comment       0x0000000000000023       0x24 ../freq_meter_nios_bsp/\libhal_bsp.a(alt_dev.o)
 .comment       0x0000000000000023       0x24 ../freq_meter_nios_bsp/\libhal_bsp.a(alt_dev_llist_insert.o)
 .comment       0x0000000000000023       0x24 ../freq_meter_nios_bsp/\libhal_bsp.a(alt_errno.o)
 .comment       0x0000000000000023       0x24 ../freq_meter_nios_bsp/\libhal_bsp.a(alt_icache_flush_all.o)
 .comment       0x0000000000000023       0x24 ../freq_meter_nios_bsp/\libhal_bsp.a(alt_instruction_exception_entry.o)
 .comment       0x0000000000000023       0x24 ../freq_meter_nios_bsp/\libhal_bsp.a(alt_io_redirect.o)
 .comment       0x0000000000000023       0x24 ../freq_meter_nios_bsp/\libhal_bsp.a(alt_open.o)
 .comment       0x0000000000000023       0x24 ../freq_meter_nios_bsp/\libhal_bsp.a(alt_release_fd.o)
 .comment       0x0000000000000023       0x24 ../freq_meter_nios_bsp/\libhal_bsp.a(alt_tick.o)
 .comment       0x0000000000000023       0x24 ../freq_meter_nios_bsp/\libhal_bsp.a(altera_nios2_gen2_irq.o)
 .comment       0x0000000000000023       0x24 ../freq_meter_nios_bsp/\libhal_bsp.a(alt_find_dev.o)
 .comment       0x0000000000000023       0x24 ../freq_meter_nios_bsp/\libhal_bsp.a(alt_find_file.o)
 .comment       0x0000000000000023       0x24 ../freq_meter_nios_bsp/\libhal_bsp.a(alt_get_fd.o)
 .comment       0x0000000000000023       0x24 ../freq_meter_nios_bsp/\libhal_bsp.a(alt_icache_flush.o)
 .comment       0x0000000000000023       0x24 c:/altera/16.0/nios2eds/bin/gnu/h-x86_64-mingw32/bin/../lib/gcc/nios2-elf/5.2.0/../../../../../H-x86_64-mingw32/nios2-elf/lib\libsmallc.a(lib_a-exit.o)
 .comment       0x0000000000000023       0x24 c:/altera/16.0/nios2eds/bin/gnu/h-x86_64-mingw32/bin/../lib/gcc/nios2-elf/5.2.0/../../../../../H-x86_64-mingw32/nios2-elf/lib\libsmallc.a(lib_a-fputs.o)
 .comment       0x0000000000000023       0x24 c:/altera/16.0/nios2eds/bin/gnu/h-x86_64-mingw32/bin/../lib/gcc/nios2-elf/5.2.0/../../../../../H-x86_64-mingw32/nios2-elf/lib\libsmallc.a(lib_a-memcmp.o)
 .comment       0x0000000000000023       0x24 c:/altera/16.0/nios2eds/bin/gnu/h-x86_64-mingw32/bin/../lib/gcc/nios2-elf/5.2.0/../../../../../H-x86_64-mingw32/nios2-elf/lib\libsmallc.a(lib_a-__call_atexit.o)
 .comment       0x0000000000000023       0x24 ../freq_meter_nios_bsp/\libhal_bsp.a(alt_exit.o)

.debug
 *(.debug)

.line
 *(.line)

.debug_srcinfo
 *(.debug_srcinfo)

.debug_sfnames
 *(.debug_sfnames)

.debug_aranges  0x0000000000000000      0x738
 *(.debug_aranges)
 .debug_aranges
                0x0000000000000000       0x28 ../freq_meter_nios_bsp//obj/HAL/src/crt0.o
 .debug_aranges
                0x0000000000000028       0x20 obj/default/main.o
 .debug_aranges
                0x0000000000000048       0x28 c:/altera/16.0/nios2eds/bin/gnu/h-x86_64-mingw32/bin/../lib/gcc/nios2-elf/5.2.0/../../../../../H-x86_64-mingw32/nios2-elf/lib\libsmallc.a(lib_a-itoa.o)
 .debug_aranges
                0x0000000000000070       0x28 c:/altera/16.0/nios2eds/bin/gnu/h-x86_64-mingw32/bin/../lib/gcc/nios2-elf/5.2.0/../../../../../H-x86_64-mingw32/nios2-elf/lib\libsmallc.a(lib_a-printf.o)
 .debug_aranges
                0x0000000000000098       0x20 c:/altera/16.0/nios2eds/bin/gnu/h-x86_64-mingw32/bin/../lib/gcc/nios2-elf/5.2.0/../../../../../H-x86_64-mingw32/nios2-elf/lib\libsmallc.a(lib_a-strlen.o)
 .debug_aranges
                0x00000000000000b8       0x28 c:/altera/16.0/nios2eds/bin/gnu/h-x86_64-mingw32/bin/../lib/gcc/nios2-elf/5.2.0/../../../../../H-x86_64-mingw32/nios2-elf/lib\libsmallc.a(lib_a-utoa.o)
 .debug_aranges
                0x00000000000000e0       0x30 c:/altera/16.0/nios2eds/bin/gnu/h-x86_64-mingw32/bin/../lib/gcc/nios2-elf/5.2.0/../../../../../H-x86_64-mingw32/nios2-elf/lib\libsmallc.a(lib_a-vfprintf.o)
 .debug_aranges
                0x0000000000000110       0x28 c:/altera/16.0/nios2eds/bin/gnu/h-x86_64-mingw32/bin/../lib/gcc/nios2-elf/5.2.0/../../../../../H-x86_64-mingw32/nios2-elf/lib\libsmallc.a(lib_a-vsprintf.o)
 .debug_aranges
                0x0000000000000138       0x20 c:/altera/16.0/nios2eds/bin/gnu/h-x86_64-mingw32/bin/../lib/gcc/nios2-elf/5.2.0/../../../../../H-x86_64-mingw32/nios2-elf/lib\libsmallc.a(lib_a-fvwrite_small_dev.o)
 .debug_aranges
                0x0000000000000158       0x20 c:/altera/16.0/nios2eds/bin/gnu/h-x86_64-mingw32/bin/../lib/gcc/nios2-elf/5.2.0/../../../../../H-x86_64-mingw32/nios2-elf/lib\libsmallc.a(lib_a-fvwrite_small_str.o)
 .debug_aranges
                0x0000000000000178       0x18 c:/altera/16.0/nios2eds/bin/gnu/h-x86_64-mingw32/bin/../lib/gcc/nios2-elf/5.2.0/../../../../../H-x86_64-mingw32/nios2-elf/lib\libsmallc.a(lib_a-impure.o)
 .debug_aranges
                0x0000000000000190       0x20 c:/altera/16.0/nios2eds/bin/gnu/h-x86_64-mingw32/bin/../lib/gcc/nios2-elf/5.2.0/../../../../../H-x86_64-mingw32/nios2-elf/lib\libsmallc.a(lib_a-memcpy.o)
 .debug_aranges
                0x00000000000001b0       0x20 c:/altera/16.0/nios2eds/bin/gnu/h-x86_64-mingw32/bin/../lib/gcc/nios2-elf/5.2.0/../../../../../H-x86_64-mingw32/nios2-elf/lib\libsmallc.a(lib_a-memmove.o)
 .debug_aranges
                0x00000000000001d0       0x30 c:/altera/16.0/nios2eds/bin/gnu/h-x86_64-mingw32/bin/../lib/gcc/nios2-elf/5.2.0/../../../../../H-x86_64-mingw32/nios2-elf/lib\libsmallc.a(lib_a-svfprintf.o)
 .debug_aranges
                0x0000000000000200       0x20 c:/altera/16.0/nios2eds/bin/gnu/h-x86_64-mingw32/bin/../lib/gcc/nios2-elf/5.2.0/../../../../../H-x86_64-mingw32/nios2-elf/lib\libsmallc.a(lib_a-writer.o)
 .debug_aranges
                0x0000000000000220       0x18 c:/altera/16.0/nios2eds/bin/gnu/h-x86_64-mingw32/bin/../lib/gcc/nios2-elf/5.2.0/../../../../../H-x86_64-mingw32/nios2-elf/lib\libsmallc.a(lib_a-int_errno.o)
 .debug_aranges
                0x0000000000000238       0x20 c:/altera/16.0/nios2eds/bin/gnu/h-x86_64-mingw32/bin/../lib/gcc/nios2-elf/5.2.0\libgcc.a(lib2-divmod.o)
 .debug_aranges
                0x0000000000000258       0x20 ../freq_meter_nios_bsp/\libhal_bsp.a(alt_iic.o)
 .debug_aranges
                0x0000000000000278       0x20 ../freq_meter_nios_bsp/\libhal_bsp.a(alt_iic_isr_register.o)
 .debug_aranges
                0x0000000000000298       0x30 ../freq_meter_nios_bsp/\libhal_bsp.a(alt_irq_entry.o)
 .debug_aranges
                0x00000000000002c8       0x20 ../freq_meter_nios_bsp/\libhal_bsp.a(alt_irq_handler.o)
 .debug_aranges
                0x00000000000002e8       0x18 ../freq_meter_nios_bsp/\libhal_bsp.a(alt_irq_vars.o)
 .debug_aranges
                0x0000000000000300       0x20 ../freq_meter_nios_bsp/\libhal_bsp.a(alt_load.o)
 .debug_aranges
                0x0000000000000320       0x20 ../freq_meter_nios_bsp/\libhal_bsp.a(alt_main.o)
 .debug_aranges
                0x0000000000000340       0x20 ../freq_meter_nios_bsp/\libhal_bsp.a(alt_putstr.o)
 .debug_aranges
                0x0000000000000360       0x20 ../freq_meter_nios_bsp/\libhal_bsp.a(alt_write.o)
 .debug_aranges
                0x0000000000000380       0x20 ../freq_meter_nios_bsp/\libhal_bsp.a(alt_sys_init.o)
 .debug_aranges
                0x00000000000003a0       0x20 ../freq_meter_nios_bsp/\libhal_bsp.a(altera_avalon_jtag_uart_fd.o)
 .debug_aranges
                0x00000000000003c0       0x20 ../freq_meter_nios_bsp/\libhal_bsp.a(altera_avalon_jtag_uart_init.o)
 .debug_aranges
                0x00000000000003e0       0x20 ../freq_meter_nios_bsp/\libhal_bsp.a(altera_avalon_jtag_uart_ioctl.o)
 .debug_aranges
                0x0000000000000400       0x20 ../freq_meter_nios_bsp/\libhal_bsp.a(altera_avalon_jtag_uart_read.o)
 .debug_aranges
                0x0000000000000420       0x20 ../freq_meter_nios_bsp/\libhal_bsp.a(altera_avalon_jtag_uart_write.o)
 .debug_aranges
                0x0000000000000440       0x20 ../freq_meter_nios_bsp/\libhal_bsp.a(alt_alarm_start.o)
 .debug_aranges
                0x0000000000000460       0x20 ../freq_meter_nios_bsp/\libhal_bsp.a(alt_close.o)
 .debug_aranges
                0x0000000000000480       0x20 ../freq_meter_nios_bsp/\libhal_bsp.a(alt_dcache_flush_all.o)
 .debug_aranges
                0x00000000000004a0       0x20 ../freq_meter_nios_bsp/\libhal_bsp.a(alt_dev.o)
 .debug_aranges
                0x00000000000004c0       0x20 ../freq_meter_nios_bsp/\libhal_bsp.a(alt_dev_llist_insert.o)
 .debug_aranges
                0x00000000000004e0       0x18 ../freq_meter_nios_bsp/\libhal_bsp.a(alt_errno.o)
 .debug_aranges
                0x00000000000004f8       0x38 ../freq_meter_nios_bsp/\libhal_bsp.a(alt_exception_entry.o)
 .debug_aranges
                0x0000000000000530       0x20 ../freq_meter_nios_bsp/\libhal_bsp.a(alt_icache_flush_all.o)
 .debug_aranges
                0x0000000000000550       0x28 ../freq_meter_nios_bsp/\libhal_bsp.a(alt_instruction_exception_entry.o)
 .debug_aranges
                0x0000000000000578       0x20 ../freq_meter_nios_bsp/\libhal_bsp.a(alt_io_redirect.o)
 .debug_aranges
                0x0000000000000598       0x20 ../freq_meter_nios_bsp/\libhal_bsp.a(alt_open.o)
 .debug_aranges
                0x00000000000005b8       0x20 ../freq_meter_nios_bsp/\libhal_bsp.a(alt_release_fd.o)
 .debug_aranges
                0x00000000000005d8       0x20 ../freq_meter_nios_bsp/\libhal_bsp.a(alt_tick.o)
 .debug_aranges
                0x00000000000005f8       0x20 ../freq_meter_nios_bsp/\libhal_bsp.a(altera_nios2_gen2_irq.o)
 .debug_aranges
                0x0000000000000618       0x20 ../freq_meter_nios_bsp/\libhal_bsp.a(alt_find_dev.o)
 .debug_aranges
                0x0000000000000638       0x20 ../freq_meter_nios_bsp/\libhal_bsp.a(alt_find_file.o)
 .debug_aranges
                0x0000000000000658       0x20 ../freq_meter_nios_bsp/\libhal_bsp.a(alt_get_fd.o)
 .debug_aranges
                0x0000000000000678       0x20 ../freq_meter_nios_bsp/\libhal_bsp.a(alt_icache_flush.o)
 .debug_aranges
                0x0000000000000698       0x20 c:/altera/16.0/nios2eds/bin/gnu/h-x86_64-mingw32/bin/../lib/gcc/nios2-elf/5.2.0/../../../../../H-x86_64-mingw32/nios2-elf/lib\libsmallc.a(lib_a-exit.o)
 .debug_aranges
                0x00000000000006b8       0x20 c:/altera/16.0/nios2eds/bin/gnu/h-x86_64-mingw32/bin/../lib/gcc/nios2-elf/5.2.0/../../../../../H-x86_64-mingw32/nios2-elf/lib\libsmallc.a(lib_a-fputs.o)
 .debug_aranges
                0x00000000000006d8       0x20 c:/altera/16.0/nios2eds/bin/gnu/h-x86_64-mingw32/bin/../lib/gcc/nios2-elf/5.2.0/../../../../../H-x86_64-mingw32/nios2-elf/lib\libsmallc.a(lib_a-memcmp.o)
 .debug_aranges
                0x00000000000006f8       0x20 c:/altera/16.0/nios2eds/bin/gnu/h-x86_64-mingw32/bin/../lib/gcc/nios2-elf/5.2.0/../../../../../H-x86_64-mingw32/nios2-elf/lib\libsmallc.a(lib_a-__call_atexit.o)
 .debug_aranges
                0x0000000000000718       0x20 ../freq_meter_nios_bsp/\libhal_bsp.a(alt_exit.o)

.debug_pubnames
 *(.debug_pubnames)

.debug_info     0x0000000000000000     0xb48c
 *(.debug_info .gnu.linkonce.wi.*)
 .debug_info    0x0000000000000000       0xac ../freq_meter_nios_bsp//obj/HAL/src/crt0.o
 .debug_info    0x00000000000000ac      0x683 obj/default/main.o
 .debug_info    0x000000000000072f      0x164 c:/altera/16.0/nios2eds/bin/gnu/h-x86_64-mingw32/bin/../lib/gcc/nios2-elf/5.2.0/../../../../../H-x86_64-mingw32/nios2-elf/lib\libsmallc.a(lib_a-itoa.o)
 .debug_info    0x0000000000000893      0x699 c:/altera/16.0/nios2eds/bin/gnu/h-x86_64-mingw32/bin/../lib/gcc/nios2-elf/5.2.0/../../../../../H-x86_64-mingw32/nios2-elf/lib\libsmallc.a(lib_a-printf.o)
 .debug_info    0x0000000000000f2c       0xc9 c:/altera/16.0/nios2eds/bin/gnu/h-x86_64-mingw32/bin/../lib/gcc/nios2-elf/5.2.0/../../../../../H-x86_64-mingw32/nios2-elf/lib\libsmallc.a(lib_a-strlen.o)
 .debug_info    0x0000000000000ff5      0x1b6 c:/altera/16.0/nios2eds/bin/gnu/h-x86_64-mingw32/bin/../lib/gcc/nios2-elf/5.2.0/../../../../../H-x86_64-mingw32/nios2-elf/lib\libsmallc.a(lib_a-utoa.o)
 .debug_info    0x00000000000011ab      0xb2b c:/altera/16.0/nios2eds/bin/gnu/h-x86_64-mingw32/bin/../lib/gcc/nios2-elf/5.2.0/../../../../../H-x86_64-mingw32/nios2-elf/lib\libsmallc.a(lib_a-vfprintf.o)
 .debug_info    0x0000000000001cd6      0x7a1 c:/altera/16.0/nios2eds/bin/gnu/h-x86_64-mingw32/bin/../lib/gcc/nios2-elf/5.2.0/../../../../../H-x86_64-mingw32/nios2-elf/lib\libsmallc.a(lib_a-vsprintf.o)
 .debug_info    0x0000000000002477      0x62b c:/altera/16.0/nios2eds/bin/gnu/h-x86_64-mingw32/bin/../lib/gcc/nios2-elf/5.2.0/../../../../../H-x86_64-mingw32/nios2-elf/lib\libsmallc.a(lib_a-fvwrite_small_dev.o)
 .debug_info    0x0000000000002aa2      0x700 c:/altera/16.0/nios2eds/bin/gnu/h-x86_64-mingw32/bin/../lib/gcc/nios2-elf/5.2.0/../../../../../H-x86_64-mingw32/nios2-elf/lib\libsmallc.a(lib_a-fvwrite_small_str.o)
 .debug_info    0x00000000000031a2      0x5a9 c:/altera/16.0/nios2eds/bin/gnu/h-x86_64-mingw32/bin/../lib/gcc/nios2-elf/5.2.0/../../../../../H-x86_64-mingw32/nios2-elf/lib\libsmallc.a(lib_a-impure.o)
 .debug_info    0x000000000000374b      0x119 c:/altera/16.0/nios2eds/bin/gnu/h-x86_64-mingw32/bin/../lib/gcc/nios2-elf/5.2.0/../../../../../H-x86_64-mingw32/nios2-elf/lib\libsmallc.a(lib_a-memcpy.o)
 .debug_info    0x0000000000003864      0x10b c:/altera/16.0/nios2eds/bin/gnu/h-x86_64-mingw32/bin/../lib/gcc/nios2-elf/5.2.0/../../../../../H-x86_64-mingw32/nios2-elf/lib\libsmallc.a(lib_a-memmove.o)
 .debug_info    0x000000000000396f      0xb2b c:/altera/16.0/nios2eds/bin/gnu/h-x86_64-mingw32/bin/../lib/gcc/nios2-elf/5.2.0/../../../../../H-x86_64-mingw32/nios2-elf/lib\libsmallc.a(lib_a-svfprintf.o)
 .debug_info    0x000000000000449a      0x630 c:/altera/16.0/nios2eds/bin/gnu/h-x86_64-mingw32/bin/../lib/gcc/nios2-elf/5.2.0/../../../../../H-x86_64-mingw32/nios2-elf/lib\libsmallc.a(lib_a-writer.o)
 .debug_info    0x0000000000004aca       0x8a c:/altera/16.0/nios2eds/bin/gnu/h-x86_64-mingw32/bin/../lib/gcc/nios2-elf/5.2.0/../../../../../H-x86_64-mingw32/nios2-elf/lib\libsmallc.a(lib_a-int_errno.o)
 .debug_info    0x0000000000004b54      0x2c3 c:/altera/16.0/nios2eds/bin/gnu/h-x86_64-mingw32/bin/../lib/gcc/nios2-elf/5.2.0\libgcc.a(lib2-divmod.o)
 .debug_info    0x0000000000004e17      0x350 ../freq_meter_nios_bsp/\libhal_bsp.a(alt_iic.o)
 .debug_info    0x0000000000005167      0x1ef ../freq_meter_nios_bsp/\libhal_bsp.a(alt_iic_isr_register.o)
 .debug_info    0x0000000000005356       0xb5 ../freq_meter_nios_bsp/\libhal_bsp.a(alt_irq_entry.o)
 .debug_info    0x000000000000540b      0x187 ../freq_meter_nios_bsp/\libhal_bsp.a(alt_irq_handler.o)
 .debug_info    0x0000000000005592       0x88 ../freq_meter_nios_bsp/\libhal_bsp.a(alt_irq_vars.o)
 .debug_info    0x000000000000561a      0x145 ../freq_meter_nios_bsp/\libhal_bsp.a(alt_load.o)
 .debug_info    0x000000000000575f      0x131 ../freq_meter_nios_bsp/\libhal_bsp.a(alt_main.o)
 .debug_info    0x0000000000005890      0x8a8 ../freq_meter_nios_bsp/\libhal_bsp.a(alt_putstr.o)
 .debug_info    0x0000000000006138      0x4b7 ../freq_meter_nios_bsp/\libhal_bsp.a(alt_write.o)
 .debug_info    0x00000000000065ef      0x4c3 ../freq_meter_nios_bsp/\libhal_bsp.a(alt_sys_init.o)
 .debug_info    0x0000000000006ab2      0x52e ../freq_meter_nios_bsp/\libhal_bsp.a(altera_avalon_jtag_uart_fd.o)
 .debug_info    0x0000000000006fe0      0x3a0 ../freq_meter_nios_bsp/\libhal_bsp.a(altera_avalon_jtag_uart_init.o)
 .debug_info    0x0000000000007380      0x280 ../freq_meter_nios_bsp/\libhal_bsp.a(altera_avalon_jtag_uart_ioctl.o)
 .debug_info    0x0000000000007600      0x345 ../freq_meter_nios_bsp/\libhal_bsp.a(altera_avalon_jtag_uart_read.o)
 .debug_info    0x0000000000007945      0x340 ../freq_meter_nios_bsp/\libhal_bsp.a(altera_avalon_jtag_uart_write.o)
 .debug_info    0x0000000000007c85      0x2cc ../freq_meter_nios_bsp/\libhal_bsp.a(alt_alarm_start.o)
 .debug_info    0x0000000000007f51      0x321 ../freq_meter_nios_bsp/\libhal_bsp.a(alt_close.o)
 .debug_info    0x0000000000008272       0xa5 ../freq_meter_nios_bsp/\libhal_bsp.a(alt_dcache_flush_all.o)
 .debug_info    0x0000000000008317      0x49c ../freq_meter_nios_bsp/\libhal_bsp.a(alt_dev.o)
 .debug_info    0x00000000000087b3      0x1a9 ../freq_meter_nios_bsp/\libhal_bsp.a(alt_dev_llist_insert.o)
 .debug_info    0x000000000000895c       0xa6 ../freq_meter_nios_bsp/\libhal_bsp.a(alt_errno.o)
 .debug_info    0x0000000000008a02       0xbb ../freq_meter_nios_bsp/\libhal_bsp.a(alt_exception_entry.o)
 .debug_info    0x0000000000008abd       0x92 ../freq_meter_nios_bsp/\libhal_bsp.a(alt_icache_flush_all.o)
 .debug_info    0x0000000000008b4f      0x1e7 ../freq_meter_nios_bsp/\libhal_bsp.a(alt_instruction_exception_entry.o)
 .debug_info    0x0000000000008d36      0x4a5 ../freq_meter_nios_bsp/\libhal_bsp.a(alt_io_redirect.o)
 .debug_info    0x00000000000091db      0x3bb ../freq_meter_nios_bsp/\libhal_bsp.a(alt_open.o)
 .debug_info    0x0000000000009596      0x2b0 ../freq_meter_nios_bsp/\libhal_bsp.a(alt_release_fd.o)
 .debug_info    0x0000000000009846      0x299 ../freq_meter_nios_bsp/\libhal_bsp.a(alt_tick.o)
 .debug_info    0x0000000000009adf       0x92 ../freq_meter_nios_bsp/\libhal_bsp.a(altera_nios2_gen2_irq.o)
 .debug_info    0x0000000000009b71      0x2e9 ../freq_meter_nios_bsp/\libhal_bsp.a(alt_find_dev.o)
 .debug_info    0x0000000000009e5a      0x2e6 ../freq_meter_nios_bsp/\libhal_bsp.a(alt_find_file.o)
 .debug_info    0x000000000000a140      0x310 ../freq_meter_nios_bsp/\libhal_bsp.a(alt_get_fd.o)
 .debug_info    0x000000000000a450       0xdc ../freq_meter_nios_bsp/\libhal_bsp.a(alt_icache_flush.o)
 .debug_info    0x000000000000a52c       0xe5 c:/altera/16.0/nios2eds/bin/gnu/h-x86_64-mingw32/bin/../lib/gcc/nios2-elf/5.2.0/../../../../../H-x86_64-mingw32/nios2-elf/lib\libsmallc.a(lib_a-exit.o)
 .debug_info    0x000000000000a611      0x620 c:/altera/16.0/nios2eds/bin/gnu/h-x86_64-mingw32/bin/../lib/gcc/nios2-elf/5.2.0/../../../../../H-x86_64-mingw32/nios2-elf/lib\libsmallc.a(lib_a-fputs.o)
 .debug_info    0x000000000000ac31       0xf4 c:/altera/16.0/nios2eds/bin/gnu/h-x86_64-mingw32/bin/../lib/gcc/nios2-elf/5.2.0/../../../../../H-x86_64-mingw32/nios2-elf/lib\libsmallc.a(lib_a-memcmp.o)
 .debug_info    0x000000000000ad25      0x67b c:/altera/16.0/nios2eds/bin/gnu/h-x86_64-mingw32/bin/../lib/gcc/nios2-elf/5.2.0/../../../../../H-x86_64-mingw32/nios2-elf/lib\libsmallc.a(lib_a-__call_atexit.o)
 .debug_info    0x000000000000b3a0       0xec ../freq_meter_nios_bsp/\libhal_bsp.a(alt_exit.o)

.debug_abbrev   0x0000000000000000     0x3b66
 *(.debug_abbrev)
 .debug_abbrev  0x0000000000000000       0x12 ../freq_meter_nios_bsp//obj/HAL/src/crt0.o
 .debug_abbrev  0x0000000000000012      0x1ff obj/default/main.o
 .debug_abbrev  0x0000000000000211       0xc1 c:/altera/16.0/nios2eds/bin/gnu/h-x86_64-mingw32/bin/../lib/gcc/nios2-elf/5.2.0/../../../../../H-x86_64-mingw32/nios2-elf/lib\libsmallc.a(lib_a-itoa.o)
 .debug_abbrev  0x00000000000002d2      0x1ee c:/altera/16.0/nios2eds/bin/gnu/h-x86_64-mingw32/bin/../lib/gcc/nios2-elf/5.2.0/../../../../../H-x86_64-mingw32/nios2-elf/lib\libsmallc.a(lib_a-printf.o)
 .debug_abbrev  0x00000000000004c0       0x7f c:/altera/16.0/nios2eds/bin/gnu/h-x86_64-mingw32/bin/../lib/gcc/nios2-elf/5.2.0/../../../../../H-x86_64-mingw32/nios2-elf/lib\libsmallc.a(lib_a-strlen.o)
 .debug_abbrev  0x000000000000053f      0x101 c:/altera/16.0/nios2eds/bin/gnu/h-x86_64-mingw32/bin/../lib/gcc/nios2-elf/5.2.0/../../../../../H-x86_64-mingw32/nios2-elf/lib\libsmallc.a(lib_a-utoa.o)
 .debug_abbrev  0x0000000000000640      0x2a1 c:/altera/16.0/nios2eds/bin/gnu/h-x86_64-mingw32/bin/../lib/gcc/nios2-elf/5.2.0/../../../../../H-x86_64-mingw32/nios2-elf/lib\libsmallc.a(lib_a-vfprintf.o)
 .debug_abbrev  0x00000000000008e1      0x1f3 c:/altera/16.0/nios2eds/bin/gnu/h-x86_64-mingw32/bin/../lib/gcc/nios2-elf/5.2.0/../../../../../H-x86_64-mingw32/nios2-elf/lib\libsmallc.a(lib_a-vsprintf.o)
 .debug_abbrev  0x0000000000000ad4      0x1bc c:/altera/16.0/nios2eds/bin/gnu/h-x86_64-mingw32/bin/../lib/gcc/nios2-elf/5.2.0/../../../../../H-x86_64-mingw32/nios2-elf/lib\libsmallc.a(lib_a-fvwrite_small_dev.o)
 .debug_abbrev  0x0000000000000c90      0x1b5 c:/altera/16.0/nios2eds/bin/gnu/h-x86_64-mingw32/bin/../lib/gcc/nios2-elf/5.2.0/../../../../../H-x86_64-mingw32/nios2-elf/lib\libsmallc.a(lib_a-fvwrite_small_str.o)
 .debug_abbrev  0x0000000000000e45      0x14a c:/altera/16.0/nios2eds/bin/gnu/h-x86_64-mingw32/bin/../lib/gcc/nios2-elf/5.2.0/../../../../../H-x86_64-mingw32/nios2-elf/lib\libsmallc.a(lib_a-impure.o)
 .debug_abbrev  0x0000000000000f8f       0x9c c:/altera/16.0/nios2eds/bin/gnu/h-x86_64-mingw32/bin/../lib/gcc/nios2-elf/5.2.0/../../../../../H-x86_64-mingw32/nios2-elf/lib\libsmallc.a(lib_a-memcpy.o)
 .debug_abbrev  0x000000000000102b       0x8d c:/altera/16.0/nios2eds/bin/gnu/h-x86_64-mingw32/bin/../lib/gcc/nios2-elf/5.2.0/../../../../../H-x86_64-mingw32/nios2-elf/lib\libsmallc.a(lib_a-memmove.o)
 .debug_abbrev  0x00000000000010b8      0x2a1 c:/altera/16.0/nios2eds/bin/gnu/h-x86_64-mingw32/bin/../lib/gcc/nios2-elf/5.2.0/../../../../../H-x86_64-mingw32/nios2-elf/lib\libsmallc.a(lib_a-svfprintf.o)
 .debug_abbrev  0x0000000000001359      0x1a6 c:/altera/16.0/nios2eds/bin/gnu/h-x86_64-mingw32/bin/../lib/gcc/nios2-elf/5.2.0/../../../../../H-x86_64-mingw32/nios2-elf/lib\libsmallc.a(lib_a-writer.o)
 .debug_abbrev  0x00000000000014ff       0x37 c:/altera/16.0/nios2eds/bin/gnu/h-x86_64-mingw32/bin/../lib/gcc/nios2-elf/5.2.0/../../../../../H-x86_64-mingw32/nios2-elf/lib\libsmallc.a(lib_a-int_errno.o)
 .debug_abbrev  0x0000000000001536      0x10e c:/altera/16.0/nios2eds/bin/gnu/h-x86_64-mingw32/bin/../lib/gcc/nios2-elf/5.2.0\libgcc.a(lib2-divmod.o)
 .debug_abbrev  0x0000000000001644      0x163 ../freq_meter_nios_bsp/\libhal_bsp.a(alt_iic.o)
 .debug_abbrev  0x00000000000017a7      0x169 ../freq_meter_nios_bsp/\libhal_bsp.a(alt_iic_isr_register.o)
 .debug_abbrev  0x0000000000001910       0x12 ../freq_meter_nios_bsp/\libhal_bsp.a(alt_irq_entry.o)
 .debug_abbrev  0x0000000000001922      0x122 ../freq_meter_nios_bsp/\libhal_bsp.a(alt_irq_handler.o)
 .debug_abbrev  0x0000000000001a44       0x40 ../freq_meter_nios_bsp/\libhal_bsp.a(alt_irq_vars.o)
 .debug_abbrev  0x0000000000001a84       0x9f ../freq_meter_nios_bsp/\libhal_bsp.a(alt_load.o)
 .debug_abbrev  0x0000000000001b23       0xba ../freq_meter_nios_bsp/\libhal_bsp.a(alt_main.o)
 .debug_abbrev  0x0000000000001bdd      0x1af ../freq_meter_nios_bsp/\libhal_bsp.a(alt_putstr.o)
 .debug_abbrev  0x0000000000001d8c      0x133 ../freq_meter_nios_bsp/\libhal_bsp.a(alt_write.o)
 .debug_abbrev  0x0000000000001ebf      0x187 ../freq_meter_nios_bsp/\libhal_bsp.a(alt_sys_init.o)
 .debug_abbrev  0x0000000000002046      0x127 ../freq_meter_nios_bsp/\libhal_bsp.a(altera_avalon_jtag_uart_fd.o)
 .debug_abbrev  0x000000000000216d      0x19e ../freq_meter_nios_bsp/\libhal_bsp.a(altera_avalon_jtag_uart_init.o)
 .debug_abbrev  0x000000000000230b      0x111 ../freq_meter_nios_bsp/\libhal_bsp.a(altera_avalon_jtag_uart_ioctl.o)
 .debug_abbrev  0x000000000000241c      0x1aa ../freq_meter_nios_bsp/\libhal_bsp.a(altera_avalon_jtag_uart_read.o)
 .debug_abbrev  0x00000000000025c6      0x1a8 ../freq_meter_nios_bsp/\libhal_bsp.a(altera_avalon_jtag_uart_write.o)
 .debug_abbrev  0x000000000000276e      0x162 ../freq_meter_nios_bsp/\libhal_bsp.a(alt_alarm_start.o)
 .debug_abbrev  0x00000000000028d0      0x11f ../freq_meter_nios_bsp/\libhal_bsp.a(alt_close.o)
 .debug_abbrev  0x00000000000029ef       0x5a ../freq_meter_nios_bsp/\libhal_bsp.a(alt_dcache_flush_all.o)
 .debug_abbrev  0x0000000000002a49       0xd9 ../freq_meter_nios_bsp/\libhal_bsp.a(alt_dev.o)
 .debug_abbrev  0x0000000000002b22      0x114 ../freq_meter_nios_bsp/\libhal_bsp.a(alt_dev_llist_insert.o)
 .debug_abbrev  0x0000000000002c36       0x5a ../freq_meter_nios_bsp/\libhal_bsp.a(alt_errno.o)
 .debug_abbrev  0x0000000000002c90       0x12 ../freq_meter_nios_bsp/\libhal_bsp.a(alt_exception_entry.o)
 .debug_abbrev  0x0000000000002ca2       0x42 ../freq_meter_nios_bsp/\libhal_bsp.a(alt_icache_flush_all.o)
 .debug_abbrev  0x0000000000002ce4       0xdc ../freq_meter_nios_bsp/\libhal_bsp.a(alt_instruction_exception_entry.o)
 .debug_abbrev  0x0000000000002dc0      0x114 ../freq_meter_nios_bsp/\libhal_bsp.a(alt_io_redirect.o)
 .debug_abbrev  0x0000000000002ed4      0x148 ../freq_meter_nios_bsp/\libhal_bsp.a(alt_open.o)
 .debug_abbrev  0x000000000000301c       0xde ../freq_meter_nios_bsp/\libhal_bsp.a(alt_release_fd.o)
 .debug_abbrev  0x00000000000030fa      0x15a ../freq_meter_nios_bsp/\libhal_bsp.a(alt_tick.o)
 .debug_abbrev  0x0000000000003254       0x42 ../freq_meter_nios_bsp/\libhal_bsp.a(altera_nios2_gen2_irq.o)
 .debug_abbrev  0x0000000000003296       0xf0 ../freq_meter_nios_bsp/\libhal_bsp.a(alt_find_dev.o)
 .debug_abbrev  0x0000000000003386       0xf0 ../freq_meter_nios_bsp/\libhal_bsp.a(alt_find_file.o)
 .debug_abbrev  0x0000000000003476      0x10d ../freq_meter_nios_bsp/\libhal_bsp.a(alt_get_fd.o)
 .debug_abbrev  0x0000000000003583       0x8c ../freq_meter_nios_bsp/\libhal_bsp.a(alt_icache_flush.o)
 .debug_abbrev  0x000000000000360f       0x8b c:/altera/16.0/nios2eds/bin/gnu/h-x86_64-mingw32/bin/../lib/gcc/nios2-elf/5.2.0/../../../../../H-x86_64-mingw32/nios2-elf/lib\libsmallc.a(lib_a-exit.o)
 .debug_abbrev  0x000000000000369a      0x1ae c:/altera/16.0/nios2eds/bin/gnu/h-x86_64-mingw32/bin/../lib/gcc/nios2-elf/5.2.0/../../../../../H-x86_64-mingw32/nios2-elf/lib\libsmallc.a(lib_a-fputs.o)
 .debug_abbrev  0x0000000000003848       0x7f c:/altera/16.0/nios2eds/bin/gnu/h-x86_64-mingw32/bin/../lib/gcc/nios2-elf/5.2.0/../../../../../H-x86_64-mingw32/nios2-elf/lib\libsmallc.a(lib_a-memcmp.o)
 .debug_abbrev  0x00000000000038c7      0x1f6 c:/altera/16.0/nios2eds/bin/gnu/h-x86_64-mingw32/bin/../lib/gcc/nios2-elf/5.2.0/../../../../../H-x86_64-mingw32/nios2-elf/lib\libsmallc.a(lib_a-__call_atexit.o)
 .debug_abbrev  0x0000000000003abd       0xa9 ../freq_meter_nios_bsp/\libhal_bsp.a(alt_exit.o)

.debug_line     0x0000000000000000     0x4091
 *(.debug_line)
 .debug_line    0x0000000000000000       0x72 ../freq_meter_nios_bsp//obj/HAL/src/crt0.o
 .debug_line    0x0000000000000072      0x27b obj/default/main.o
 .debug_line    0x00000000000002ed      0x104 c:/altera/16.0/nios2eds/bin/gnu/h-x86_64-mingw32/bin/../lib/gcc/nios2-elf/5.2.0/../../../../../H-x86_64-mingw32/nios2-elf/lib\libsmallc.a(lib_a-itoa.o)
 .debug_line    0x00000000000003f1      0x200 c:/altera/16.0/nios2eds/bin/gnu/h-x86_64-mingw32/bin/../lib/gcc/nios2-elf/5.2.0/../../../../../H-x86_64-mingw32/nios2-elf/lib\libsmallc.a(lib_a-printf.o)
 .debug_line    0x00000000000005f1      0x159 c:/altera/16.0/nios2eds/bin/gnu/h-x86_64-mingw32/bin/../lib/gcc/nios2-elf/5.2.0/../../../../../H-x86_64-mingw32/nios2-elf/lib\libsmallc.a(lib_a-strlen.o)
 .debug_line    0x000000000000074a      0x134 c:/altera/16.0/nios2eds/bin/gnu/h-x86_64-mingw32/bin/../lib/gcc/nios2-elf/5.2.0/../../../../../H-x86_64-mingw32/nios2-elf/lib\libsmallc.a(lib_a-utoa.o)
 .debug_line    0x000000000000087e      0x34f c:/altera/16.0/nios2eds/bin/gnu/h-x86_64-mingw32/bin/../lib/gcc/nios2-elf/5.2.0/../../../../../H-x86_64-mingw32/nios2-elf/lib\libsmallc.a(lib_a-vfprintf.o)
 .debug_line    0x0000000000000bcd      0x200 c:/altera/16.0/nios2eds/bin/gnu/h-x86_64-mingw32/bin/../lib/gcc/nios2-elf/5.2.0/../../../../../H-x86_64-mingw32/nios2-elf/lib\libsmallc.a(lib_a-vsprintf.o)
 .debug_line    0x0000000000000dcd      0x1ed c:/altera/16.0/nios2eds/bin/gnu/h-x86_64-mingw32/bin/../lib/gcc/nios2-elf/5.2.0/../../../../../H-x86_64-mingw32/nios2-elf/lib\libsmallc.a(lib_a-fvwrite_small_dev.o)
 .debug_line    0x0000000000000fba      0x1fb c:/altera/16.0/nios2eds/bin/gnu/h-x86_64-mingw32/bin/../lib/gcc/nios2-elf/5.2.0/../../../../../H-x86_64-mingw32/nios2-elf/lib\libsmallc.a(lib_a-fvwrite_small_str.o)
 .debug_line    0x00000000000011b5      0x153 c:/altera/16.0/nios2eds/bin/gnu/h-x86_64-mingw32/bin/../lib/gcc/nios2-elf/5.2.0/../../../../../H-x86_64-mingw32/nios2-elf/lib\libsmallc.a(lib_a-impure.o)
 .debug_line    0x0000000000001308      0x15b c:/altera/16.0/nios2eds/bin/gnu/h-x86_64-mingw32/bin/../lib/gcc/nios2-elf/5.2.0/../../../../../H-x86_64-mingw32/nios2-elf/lib\libsmallc.a(lib_a-memcpy.o)
 .debug_line    0x0000000000001463      0x168 c:/altera/16.0/nios2eds/bin/gnu/h-x86_64-mingw32/bin/../lib/gcc/nios2-elf/5.2.0/../../../../../H-x86_64-mingw32/nios2-elf/lib\libsmallc.a(lib_a-memmove.o)
 .debug_line    0x00000000000015cb      0x34f c:/altera/16.0/nios2eds/bin/gnu/h-x86_64-mingw32/bin/../lib/gcc/nios2-elf/5.2.0/../../../../../H-x86_64-mingw32/nios2-elf/lib\libsmallc.a(lib_a-svfprintf.o)
 .debug_line    0x000000000000191a      0x1ea c:/altera/16.0/nios2eds/bin/gnu/h-x86_64-mingw32/bin/../lib/gcc/nios2-elf/5.2.0/../../../../../H-x86_64-mingw32/nios2-elf/lib\libsmallc.a(lib_a-writer.o)
 .debug_line    0x0000000000001b04       0x5c c:/altera/16.0/nios2eds/bin/gnu/h-x86_64-mingw32/bin/../lib/gcc/nios2-elf/5.2.0/../../../../../H-x86_64-mingw32/nios2-elf/lib\libsmallc.a(lib_a-int_errno.o)
 .debug_line    0x0000000000001b60      0x102 c:/altera/16.0/nios2eds/bin/gnu/h-x86_64-mingw32/bin/../lib/gcc/nios2-elf/5.2.0\libgcc.a(lib2-divmod.o)
 .debug_line    0x0000000000001c62       0xef ../freq_meter_nios_bsp/\libhal_bsp.a(alt_iic.o)
 .debug_line    0x0000000000001d51       0xdb ../freq_meter_nios_bsp/\libhal_bsp.a(alt_iic_isr_register.o)
 .debug_line    0x0000000000001e2c       0x6b ../freq_meter_nios_bsp/\libhal_bsp.a(alt_irq_entry.o)
 .debug_line    0x0000000000001e97       0xaa ../freq_meter_nios_bsp/\libhal_bsp.a(alt_irq_handler.o)
 .debug_line    0x0000000000001f41       0x50 ../freq_meter_nios_bsp/\libhal_bsp.a(alt_irq_vars.o)
 .debug_line    0x0000000000001f91       0x8e ../freq_meter_nios_bsp/\libhal_bsp.a(alt_load.o)
 .debug_line    0x000000000000201f       0x9e ../freq_meter_nios_bsp/\libhal_bsp.a(alt_main.o)
 .debug_line    0x00000000000020bd      0x10d ../freq_meter_nios_bsp/\libhal_bsp.a(alt_putstr.o)
 .debug_line    0x00000000000021ca      0x1cc ../freq_meter_nios_bsp/\libhal_bsp.a(alt_write.o)
 .debug_line    0x0000000000002396      0x137 ../freq_meter_nios_bsp/\libhal_bsp.a(alt_sys_init.o)
 .debug_line    0x00000000000024cd      0x12f ../freq_meter_nios_bsp/\libhal_bsp.a(altera_avalon_jtag_uart_fd.o)
 .debug_line    0x00000000000025fc      0x18b ../freq_meter_nios_bsp/\libhal_bsp.a(altera_avalon_jtag_uart_init.o)
 .debug_line    0x0000000000002787      0x131 ../freq_meter_nios_bsp/\libhal_bsp.a(altera_avalon_jtag_uart_ioctl.o)
 .debug_line    0x00000000000028b8      0x171 ../freq_meter_nios_bsp/\libhal_bsp.a(altera_avalon_jtag_uart_read.o)
 .debug_line    0x0000000000002a29      0x170 ../freq_meter_nios_bsp/\libhal_bsp.a(altera_avalon_jtag_uart_write.o)
 .debug_line    0x0000000000002b99       0xfa ../freq_meter_nios_bsp/\libhal_bsp.a(alt_alarm_start.o)
 .debug_line    0x0000000000002c93      0x15e ../freq_meter_nios_bsp/\libhal_bsp.a(alt_close.o)
 .debug_line    0x0000000000002df1       0x61 ../freq_meter_nios_bsp/\libhal_bsp.a(alt_dcache_flush_all.o)
 .debug_line    0x0000000000002e52       0xf0 ../freq_meter_nios_bsp/\libhal_bsp.a(alt_dev.o)
 .debug_line    0x0000000000002f42       0xd0 ../freq_meter_nios_bsp/\libhal_bsp.a(alt_dev_llist_insert.o)
 .debug_line    0x0000000000003012       0x51 ../freq_meter_nios_bsp/\libhal_bsp.a(alt_errno.o)
 .debug_line    0x0000000000003063       0xb3 ../freq_meter_nios_bsp/\libhal_bsp.a(alt_exception_entry.o)
 .debug_line    0x0000000000003116       0x50 ../freq_meter_nios_bsp/\libhal_bsp.a(alt_icache_flush_all.o)
 .debug_line    0x0000000000003166       0xba ../freq_meter_nios_bsp/\libhal_bsp.a(alt_instruction_exception_entry.o)
 .debug_line    0x0000000000003220      0x12b ../freq_meter_nios_bsp/\libhal_bsp.a(alt_io_redirect.o)
 .debug_line    0x000000000000334b      0x12a ../freq_meter_nios_bsp/\libhal_bsp.a(alt_open.o)
 .debug_line    0x0000000000003475       0xae ../freq_meter_nios_bsp/\libhal_bsp.a(alt_release_fd.o)
 .debug_line    0x0000000000003523       0xff ../freq_meter_nios_bsp/\libhal_bsp.a(alt_tick.o)
 .debug_line    0x0000000000003622       0x51 ../freq_meter_nios_bsp/\libhal_bsp.a(altera_nios2_gen2_irq.o)
 .debug_line    0x0000000000003673       0xb5 ../freq_meter_nios_bsp/\libhal_bsp.a(alt_find_dev.o)
 .debug_line    0x0000000000003728       0xd1 ../freq_meter_nios_bsp/\libhal_bsp.a(alt_find_file.o)
 .debug_line    0x00000000000037f9       0xd5 ../freq_meter_nios_bsp/\libhal_bsp.a(alt_get_fd.o)
 .debug_line    0x00000000000038ce       0x81 ../freq_meter_nios_bsp/\libhal_bsp.a(alt_icache_flush.o)
 .debug_line    0x000000000000394f      0x156 c:/altera/16.0/nios2eds/bin/gnu/h-x86_64-mingw32/bin/../lib/gcc/nios2-elf/5.2.0/../../../../../H-x86_64-mingw32/nios2-elf/lib\libsmallc.a(lib_a-exit.o)
 .debug_line    0x0000000000003aa5      0x1ef c:/altera/16.0/nios2eds/bin/gnu/h-x86_64-mingw32/bin/../lib/gcc/nios2-elf/5.2.0/../../../../../H-x86_64-mingw32/nios2-elf/lib\libsmallc.a(lib_a-fputs.o)
 .debug_line    0x0000000000003c94      0x15d c:/altera/16.0/nios2eds/bin/gnu/h-x86_64-mingw32/bin/../lib/gcc/nios2-elf/5.2.0/../../../../../H-x86_64-mingw32/nios2-elf/lib\libsmallc.a(lib_a-memcmp.o)
 .debug_line    0x0000000000003df1      0x22f c:/altera/16.0/nios2eds/bin/gnu/h-x86_64-mingw32/bin/../lib/gcc/nios2-elf/5.2.0/../../../../../H-x86_64-mingw32/nios2-elf/lib\libsmallc.a(lib_a-__call_atexit.o)
 .debug_line    0x0000000000004020       0x71 ../freq_meter_nios_bsp/\libhal_bsp.a(alt_exit.o)

.debug_frame    0x0000000000000000     0x10f4
 *(.debug_frame)
 .debug_frame   0x0000000000000000      0x320 obj/default/main.o
 .debug_frame   0x0000000000000320       0x40 c:/altera/16.0/nios2eds/bin/gnu/h-x86_64-mingw32/bin/../lib/gcc/nios2-elf/5.2.0/../../../../../H-x86_64-mingw32/nios2-elf/lib\libsmallc.a(lib_a-itoa.o)
 .debug_frame   0x0000000000000360       0x48 c:/altera/16.0/nios2eds/bin/gnu/h-x86_64-mingw32/bin/../lib/gcc/nios2-elf/5.2.0/../../../../../H-x86_64-mingw32/nios2-elf/lib\libsmallc.a(lib_a-printf.o)
 .debug_frame   0x00000000000003a8       0x20 c:/altera/16.0/nios2eds/bin/gnu/h-x86_64-mingw32/bin/../lib/gcc/nios2-elf/5.2.0/../../../../../H-x86_64-mingw32/nios2-elf/lib\libsmallc.a(lib_a-strlen.o)
 .debug_frame   0x00000000000003c8       0x58 c:/altera/16.0/nios2eds/bin/gnu/h-x86_64-mingw32/bin/../lib/gcc/nios2-elf/5.2.0/../../../../../H-x86_64-mingw32/nios2-elf/lib\libsmallc.a(lib_a-utoa.o)
 .debug_frame   0x0000000000000420       0x8c c:/altera/16.0/nios2eds/bin/gnu/h-x86_64-mingw32/bin/../lib/gcc/nios2-elf/5.2.0/../../../../../H-x86_64-mingw32/nios2-elf/lib\libsmallc.a(lib_a-vfprintf.o)
 .debug_frame   0x00000000000004ac       0x3c c:/altera/16.0/nios2eds/bin/gnu/h-x86_64-mingw32/bin/../lib/gcc/nios2-elf/5.2.0/../../../../../H-x86_64-mingw32/nios2-elf/lib\libsmallc.a(lib_a-vsprintf.o)
 .debug_frame   0x00000000000004e8       0x58 c:/altera/16.0/nios2eds/bin/gnu/h-x86_64-mingw32/bin/../lib/gcc/nios2-elf/5.2.0/../../../../../H-x86_64-mingw32/nios2-elf/lib\libsmallc.a(lib_a-fvwrite_small_dev.o)
 .debug_frame   0x0000000000000540       0x44 c:/altera/16.0/nios2eds/bin/gnu/h-x86_64-mingw32/bin/../lib/gcc/nios2-elf/5.2.0/../../../../../H-x86_64-mingw32/nios2-elf/lib\libsmallc.a(lib_a-fvwrite_small_str.o)
 .debug_frame   0x0000000000000584       0x20 c:/altera/16.0/nios2eds/bin/gnu/h-x86_64-mingw32/bin/../lib/gcc/nios2-elf/5.2.0/../../../../../H-x86_64-mingw32/nios2-elf/lib\libsmallc.a(lib_a-memcpy.o)
 .debug_frame   0x00000000000005a4       0x20 c:/altera/16.0/nios2eds/bin/gnu/h-x86_64-mingw32/bin/../lib/gcc/nios2-elf/5.2.0/../../../../../H-x86_64-mingw32/nios2-elf/lib\libsmallc.a(lib_a-memmove.o)
 .debug_frame   0x00000000000005c4       0x8c c:/altera/16.0/nios2eds/bin/gnu/h-x86_64-mingw32/bin/../lib/gcc/nios2-elf/5.2.0/../../../../../H-x86_64-mingw32/nios2-elf/lib\libsmallc.a(lib_a-svfprintf.o)
 .debug_frame   0x0000000000000650       0x38 c:/altera/16.0/nios2eds/bin/gnu/h-x86_64-mingw32/bin/../lib/gcc/nios2-elf/5.2.0/../../../../../H-x86_64-mingw32/nios2-elf/lib\libsmallc.a(lib_a-writer.o)
 .debug_frame   0x0000000000000688       0x50 c:/altera/16.0/nios2eds/bin/gnu/h-x86_64-mingw32/bin/../lib/gcc/nios2-elf/5.2.0\libgcc.a(lib2-divmod.o)
 .debug_frame   0x00000000000006d8       0xa4 ../freq_meter_nios_bsp/\libhal_bsp.a(alt_iic.o)
 .debug_frame   0x000000000000077c       0x38 ../freq_meter_nios_bsp/\libhal_bsp.a(alt_iic_isr_register.o)
 .debug_frame   0x00000000000007b4       0x38 ../freq_meter_nios_bsp/\libhal_bsp.a(alt_irq_handler.o)
 .debug_frame   0x00000000000007ec       0x5c ../freq_meter_nios_bsp/\libhal_bsp.a(alt_load.o)
 .debug_frame   0x0000000000000848       0x2c ../freq_meter_nios_bsp/\libhal_bsp.a(alt_main.o)
 .debug_frame   0x0000000000000874       0x38 ../freq_meter_nios_bsp/\libhal_bsp.a(alt_putstr.o)
 .debug_frame   0x00000000000008ac       0x60 ../freq_meter_nios_bsp/\libhal_bsp.a(alt_write.o)
 .debug_frame   0x000000000000090c       0x88 ../freq_meter_nios_bsp/\libhal_bsp.a(alt_sys_init.o)
 .debug_frame   0x0000000000000994       0xb0 ../freq_meter_nios_bsp/\libhal_bsp.a(altera_avalon_jtag_uart_fd.o)
 .debug_frame   0x0000000000000a44       0xa4 ../freq_meter_nios_bsp/\libhal_bsp.a(altera_avalon_jtag_uart_init.o)
 .debug_frame   0x0000000000000ae8       0x34 ../freq_meter_nios_bsp/\libhal_bsp.a(altera_avalon_jtag_uart_ioctl.o)
 .debug_frame   0x0000000000000b1c       0x38 ../freq_meter_nios_bsp/\libhal_bsp.a(altera_avalon_jtag_uart_read.o)
 .debug_frame   0x0000000000000b54       0x38 ../freq_meter_nios_bsp/\libhal_bsp.a(altera_avalon_jtag_uart_write.o)
 .debug_frame   0x0000000000000b8c       0x34 ../freq_meter_nios_bsp/\libhal_bsp.a(alt_alarm_start.o)
 .debug_frame   0x0000000000000bc0       0x60 ../freq_meter_nios_bsp/\libhal_bsp.a(alt_close.o)
 .debug_frame   0x0000000000000c20       0x34 ../freq_meter_nios_bsp/\libhal_bsp.a(alt_dcache_flush_all.o)
 .debug_frame   0x0000000000000c54       0x34 ../freq_meter_nios_bsp/\libhal_bsp.a(alt_dev.o)
 .debug_frame   0x0000000000000c88       0x60 ../freq_meter_nios_bsp/\libhal_bsp.a(alt_dev_llist_insert.o)
 .debug_frame   0x0000000000000ce8       0x38 ../freq_meter_nios_bsp/\libhal_bsp.a(alt_icache_flush_all.o)
 .debug_frame   0x0000000000000d20       0x5c ../freq_meter_nios_bsp/\libhal_bsp.a(alt_instruction_exception_entry.o)
 .debug_frame   0x0000000000000d7c       0x60 ../freq_meter_nios_bsp/\libhal_bsp.a(alt_io_redirect.o)
 .debug_frame   0x0000000000000ddc       0x84 ../freq_meter_nios_bsp/\libhal_bsp.a(alt_open.o)
 .debug_frame   0x0000000000000e60       0x34 ../freq_meter_nios_bsp/\libhal_bsp.a(alt_release_fd.o)
 .debug_frame   0x0000000000000e94       0x5c ../freq_meter_nios_bsp/\libhal_bsp.a(alt_tick.o)
 .debug_frame   0x0000000000000ef0       0x34 ../freq_meter_nios_bsp/\libhal_bsp.a(altera_nios2_gen2_irq.o)
 .debug_frame   0x0000000000000f24       0x38 ../freq_meter_nios_bsp/\libhal_bsp.a(alt_find_dev.o)
 .debug_frame   0x0000000000000f5c       0x38 ../freq_meter_nios_bsp/\libhal_bsp.a(alt_find_file.o)
 .debug_frame   0x0000000000000f94       0x34 ../freq_meter_nios_bsp/\libhal_bsp.a(alt_get_fd.o)
 .debug_frame   0x0000000000000fc8       0x34 ../freq_meter_nios_bsp/\libhal_bsp.a(alt_icache_flush.o)
 .debug_frame   0x0000000000000ffc       0x28 c:/altera/16.0/nios2eds/bin/gnu/h-x86_64-mingw32/bin/../lib/gcc/nios2-elf/5.2.0/../../../../../H-x86_64-mingw32/nios2-elf/lib\libsmallc.a(lib_a-exit.o)
 .debug_frame   0x0000000000001024       0x30 c:/altera/16.0/nios2eds/bin/gnu/h-x86_64-mingw32/bin/../lib/gcc/nios2-elf/5.2.0/../../../../../H-x86_64-mingw32/nios2-elf/lib\libsmallc.a(lib_a-fputs.o)
 .debug_frame   0x0000000000001054       0x20 c:/altera/16.0/nios2eds/bin/gnu/h-x86_64-mingw32/bin/../lib/gcc/nios2-elf/5.2.0/../../../../../H-x86_64-mingw32/nios2-elf/lib\libsmallc.a(lib_a-memcmp.o)
 .debug_frame   0x0000000000001074       0x54 c:/altera/16.0/nios2eds/bin/gnu/h-x86_64-mingw32/bin/../lib/gcc/nios2-elf/5.2.0/../../../../../H-x86_64-mingw32/nios2-elf/lib\libsmallc.a(lib_a-__call_atexit.o)
 .debug_frame   0x00000000000010c8       0x2c ../freq_meter_nios_bsp/\libhal_bsp.a(alt_exit.o)

.debug_str      0x0000000000000000     0x227d
 *(.debug_str)
 .debug_str     0x0000000000000000      0x2d6 obj/default/main.o
                                        0x362 (size before relaxing)
 .debug_str     0x00000000000002d6      0x12c c:/altera/16.0/nios2eds/bin/gnu/h-x86_64-mingw32/bin/../lib/gcc/nios2-elf/5.2.0/../../../../../H-x86_64-mingw32/nios2-elf/lib\libsmallc.a(lib_a-itoa.o)
                                        0x1da (size before relaxing)
 .debug_str     0x0000000000000402      0x392 c:/altera/16.0/nios2eds/bin/gnu/h-x86_64-mingw32/bin/../lib/gcc/nios2-elf/5.2.0/../../../../../H-x86_64-mingw32/nios2-elf/lib\libsmallc.a(lib_a-printf.o)
                                        0x4ea (size before relaxing)
 .debug_str     0x0000000000000794       0xcb c:/altera/16.0/nios2eds/bin/gnu/h-x86_64-mingw32/bin/../lib/gcc/nios2-elf/5.2.0/../../../../../H-x86_64-mingw32/nios2-elf/lib\libsmallc.a(lib_a-strlen.o)
                                        0x1cb (size before relaxing)
 .debug_str     0x000000000000085f       0x50 c:/altera/16.0/nios2eds/bin/gnu/h-x86_64-mingw32/bin/../lib/gcc/nios2-elf/5.2.0/../../../../../H-x86_64-mingw32/nios2-elf/lib\libsmallc.a(lib_a-utoa.o)
                                        0x1e4 (size before relaxing)
 .debug_str     0x00000000000008af      0x1e2 c:/altera/16.0/nios2eds/bin/gnu/h-x86_64-mingw32/bin/../lib/gcc/nios2-elf/5.2.0/../../../../../H-x86_64-mingw32/nios2-elf/lib\libsmallc.a(lib_a-vfprintf.o)
                                        0x665 (size before relaxing)
 .debug_str     0x0000000000000a91       0x8c c:/altera/16.0/nios2eds/bin/gnu/h-x86_64-mingw32/bin/../lib/gcc/nios2-elf/5.2.0/../../../../../H-x86_64-mingw32/nios2-elf/lib\libsmallc.a(lib_a-vsprintf.o)
                                        0x512 (size before relaxing)
 .debug_str     0x0000000000000b1d       0x75 c:/altera/16.0/nios2eds/bin/gnu/h-x86_64-mingw32/bin/../lib/gcc/nios2-elf/5.2.0/../../../../../H-x86_64-mingw32/nios2-elf/lib\libsmallc.a(lib_a-fvwrite_small_dev.o)
                                        0x4ba (size before relaxing)
 .debug_str     0x0000000000000b92       0x61 c:/altera/16.0/nios2eds/bin/gnu/h-x86_64-mingw32/bin/../lib/gcc/nios2-elf/5.2.0/../../../../../H-x86_64-mingw32/nios2-elf/lib\libsmallc.a(lib_a-fvwrite_small_str.o)
                                        0x4dd (size before relaxing)