------------------------------------------------------------
TimeQuest Timing Analyzer Summary
------------------------------------------------------------

Type  : Slow 1100mV 85C Model Setup 'pll_base|pll_base_inst|altera_pll_i|general[0].gpll~PLL_OUTPUT_COUNTER|divclk'
Slack : -1.745
TNS   : -3.455

Type  : Slow 1100mV 85C Model Setup 'pll_temp|pll_temp_inst|altera_pll_i|general[2].gpll~PLL_OUTPUT_COUNTER|divclk'
Slack : 0.788
TNS   : 0.000

Type  : Slow 1100mV 85C Model Setup 'altera_reserved_tck'
Slack : 10.300
TNS   : 0.000

Type  : Slow 1100mV 85C Model Hold 'pll_base|pll_base_inst|altera_pll_i|general[0].gpll~PLL_OUTPUT_COUNTER|divclk'
Slack : -1.114
TNS   : -2.223

Type  : Slow 1100mV 85C Model Hold 'altera_reserved_tck'
Slack : 0.154
TNS   : 0.000

Type  : Slow 1100mV 85C Model Hold 'pll_temp|pll_temp_inst|altera_pll_i|general[2].gpll~PLL_OUTPUT_COUNTER|divclk'
Slack : 0.374
TNS   : 0.000

Type  : Slow 1100mV 85C Model Recovery 'pll_temp|pll_temp_inst|altera_pll_i|general[2].gpll~PLL_OUTPUT_COUNTER|divclk'
Slack : -2.724
TNS   : -86.786

Type  : Slow 1100mV 85C Model Recovery 'altera_reserved_tck'
Slack : 36.362
TNS   : 0.000

Type  : Slow 1100mV 85C Model Removal 'pll_temp|pll_temp_inst|altera_pll_i|general[2].gpll~PLL_OUTPUT_COUNTER|divclk'
Slack : 0.727
TNS   : 0.000

Type  : Slow 1100mV 85C Model Removal 'altera_reserved_tck'
Slack : 0.749
TNS   : 0.000

Type  : Slow 1100mV 85C Model Minimum Pulse Width 'pll_temp|pll_temp_inst|altera_pll_i|general[2].gpll~PLL_OUTPUT_COUNTER|divclk'
Slack : 0.960
TNS   : 0.000

Type  : Slow 1100mV 85C Model Minimum Pulse Width 'pll_base|pll_base_inst|altera_pll_i|general[0].gpll~FRACTIONAL_PLL|vcoph[0]'
Slack : 1.250
TNS   : 0.000

Type  : Slow 1100mV 85C Model Minimum Pulse Width 'pll_base|pll_base_inst|altera_pll_i|general[0].gpll~PLL_OUTPUT_COUNTER|divclk'
Slack : 1.271
TNS   : 0.000

Type  : Slow 1100mV 85C Model Minimum Pulse Width 'pll_temp|pll_temp_inst|altera_pll_i|general[0].gpll~FRACTIONAL_PLL|vcoph[0]'
Slack : 1.666
TNS   : 0.000

Type  : Slow 1100mV 85C Model Minimum Pulse Width 'CLOCK_50'
Slack : 9.670
TNS   : 0.000

Type  : Slow 1100mV 85C Model Minimum Pulse Width 'altera_reserved_tck'
Slack : 18.638
TNS   : 0.000

Type  : Slow 1100mV 0C Model Setup 'pll_base|pll_base_inst|altera_pll_i|general[0].gpll~PLL_OUTPUT_COUNTER|divclk'
Slack : -1.683
TNS   : -3.322

Type  : Slow 1100mV 0C Model Setup 'pll_temp|pll_temp_inst|altera_pll_i|general[2].gpll~PLL_OUTPUT_COUNTER|divclk'
Slack : 0.660
TNS   : 0.000

Type  : Slow 1100mV 0C Model Setup 'altera_reserved_tck'
Slack : 10.440
TNS   : 0.000

Type  : Slow 1100mV 0C Model Hold 'pll_base|pll_base_inst|altera_pll_i|general[0].gpll~PLL_OUTPUT_COUNTER|divclk'
Slack : -1.025
TNS   : -2.046

Type  : Slow 1100mV 0C Model Hold 'altera_reserved_tck'
Slack : 0.317
TNS   : 0.000

Type  : Slow 1100mV 0C Model Hold 'pll_temp|pll_temp_inst|altera_pll_i|general[2].gpll~PLL_OUTPUT_COUNTER|divclk'
Slack : 0.375
TNS   : 0.000

Type  : Slow 1100mV 0C Model Recovery 'pll_temp|pll_temp_inst|altera_pll_i|general[2].gpll~PLL_OUTPUT_COUNTER|divclk'
Slack : -2.510
TNS   : -80.096

Type  : Slow 1100mV 0C Model Recovery 'altera_reserved_tck'
Slack : 36.508
TNS   : 0.000

Type  : Slow 1100mV 0C Model Removal 'altera_reserved_tck'
Slack : 0.667
TNS   : 0.000

Type  : Slow 1100mV 0C Model Removal 'pll_temp|pll_temp_inst|altera_pll_i|general[2].gpll~PLL_OUTPUT_COUNTER|divclk'
Slack : 0.682
TNS   : 0.000

Type  : Slow 1100mV 0C Model Minimum Pulse Width 'pll_temp|pll_temp_inst|altera_pll_i|general[2].gpll~PLL_OUTPUT_COUNTER|divclk'
Slack : 0.910
TNS   : 0.000

Type  : Slow 1100mV 0C Model Minimum Pulse Width 'pll_base|pll_base_inst|altera_pll_i|general[0].gpll~FRACTIONAL_PLL|vcoph[0]'
Slack : 1.250
TNS   : 0.000

Type  : Slow 1100mV 0C Model Minimum Pulse Width 'pll_base|pll_base_inst|altera_pll_i|general[0].gpll~PLL_OUTPUT_COUNTER|divclk'
Slack : 1.251
TNS   : 0.000

Type  : Slow 1100mV 0C Model Minimum Pulse Width 'pll_temp|pll_temp_inst|altera_pll_i|general[0].gpll~FRACTIONAL_PLL|vcoph[0]'
Slack : 1.666
TNS   : 0.000

Type  : Slow 1100mV 0C Model Minimum Pulse Width 'CLOCK_50'
Slack : 9.673
TNS   : 0.000

Type  : Slow 1100mV 0C Model Minimum Pulse Width 'altera_reserved_tck'
Slack : 18.630
TNS   : 0.000

Type  : Fast 1100mV 85C Model Setup 'pll_base|pll_base_inst|altera_pll_i|general[0].gpll~PLL_OUTPUT_COUNTER|divclk'
Slack : -1.018
TNS   : -2.018

Type  : Fast 1100mV 85C Model Setup 'pll_temp|pll_temp_inst|altera_pll_i|general[2].gpll~PLL_OUTPUT_COUNTER|divclk'
Slack : 1.985
TNS   : 0.000

Type  : Fast 1100mV 85C Model Setup 'altera_reserved_tck'
Slack : 12.357
TNS   : 0.000

Type  : Fast 1100mV 85C Model Hold 'pll_base|pll_base_inst|altera_pll_i|general[0].gpll~PLL_OUTPUT_COUNTER|divclk'
Slack : -0.613
TNS   : -1.220

Type  : Fast 1100mV 85C Model Hold 'altera_reserved_tck'
Slack : 0.052
TNS   : 0.000

Type  : Fast 1100mV 85C Model Hold 'pll_temp|pll_temp_inst|altera_pll_i|general[2].gpll~PLL_OUTPUT_COUNTER|divclk'
Slack : 0.198
TNS   : 0.000

Type  : Fast 1100mV 85C Model Recovery 'pll_temp|pll_temp_inst|altera_pll_i|general[2].gpll~PLL_OUTPUT_COUNTER|divclk'
Slack : -1.198
TNS   : -37.816

Type  : Fast 1100mV 85C Model Recovery 'altera_reserved_tck'
Slack : 37.483
TNS   : 0.000

Type  : Fast 1100mV 85C Model Removal 'altera_reserved_tck'
Slack : 0.287
TNS   : 0.000

Type  : Fast 1100mV 85C Model Removal 'pll_temp|pll_temp_inst|altera_pll_i|general[2].gpll~PLL_OUTPUT_COUNTER|divclk'
Slack : 0.496
TNS   : 0.000

Type  : Fast 1100mV 85C Model Minimum Pulse Width 'pll_temp|pll_temp_inst|altera_pll_i|general[2].gpll~PLL_OUTPUT_COUNTER|divclk'
Slack : 1.217
TNS   : 0.000

Type  : Fast 1100mV 85C Model Minimum Pulse Width 'pll_base|pll_base_inst|altera_pll_i|general[0].gpll~FRACTIONAL_PLL|vcoph[0]'
Slack : 1.250
TNS   : 0.000

Type  : Fast 1100mV 85C Model Minimum Pulse Width 'pll_base|pll_base_inst|altera_pll_i|general[0].gpll~PLL_OUTPUT_COUNTER|divclk'
Slack : 1.389
TNS   : 0.000

Type  : Fast 1100mV 85C Model Minimum Pulse Width 'pll_temp|pll_temp_inst|altera_pll_i|general[0].gpll~FRACTIONAL_PLL|vcoph[0]'
Slack : 1.666
TNS   : 0.000

Type  : Fast 1100mV 85C Model Minimum Pulse Width 'CLOCK_50'
Slack : 9.336
TNS   : 0.000

Type  : Fast 1100mV 85C Model Minimum Pulse Width 'altera_reserved_tck'
Slack : 18.286
TNS   : 0.000

Type  : Fast 1100mV 0C Model Setup 'pll_base|pll_base_inst|altera_pll_i|general[0].gpll~PLL_OUTPUT_COUNTER|divclk'
Slack : -0.988
TNS   : -1.957

Type  : Fast 1100mV 0C Model Setup 'pll_temp|pll_temp_inst|altera_pll_i|general[2].gpll~PLL_OUTPUT_COUNTER|divclk'
Slack : 1.998
TNS   : 0.000

Type  : Fast 1100mV 0C Model Setup 'altera_reserved_tck'
Slack : 12.535
TNS   : 0.000

Type  : Fast 1100mV 0C Model Hold 'pll_base|pll_base_inst|altera_pll_i|general[0].gpll~PLL_OUTPUT_COUNTER|divclk'
Slack : -0.582
TNS   : -1.157

Type  : Fast 1100mV 0C Model Hold 'altera_reserved_tck'
Slack : 0.099
TNS   : 0.000

Type  : Fast 1100mV 0C Model Hold 'pll_temp|pll_temp_inst|altera_pll_i|general[2].gpll~PLL_OUTPUT_COUNTER|divclk'
Slack : 0.189
TNS   : 0.000

Type  : Fast 1100mV 0C Model Recovery 'pll_temp|pll_temp_inst|altera_pll_i|general[2].gpll~PLL_OUTPUT_COUNTER|divclk'
Slack : -0.897
TNS   : -28.304

Type  : Fast 1100mV 0C Model Recovery 'altera_reserved_tck'
Slack : 37.745
TNS   : 0.000

Type  : Fast 1100mV 0C Model Removal 'altera_reserved_tck'
Slack : 0.237
TNS   : 0.000

Type  : Fast 1100mV 0C Model Removal 'pll_temp|pll_temp_inst|altera_pll_i|general[2].gpll~PLL_OUTPUT_COUNTER|divclk'
Slack : 0.370
TNS   : 0.000

Type  : Fast 1100mV 0C Model Minimum Pulse Width 'pll_temp|pll_temp_inst|altera_pll_i|general[2].gpll~PLL_OUTPUT_COUNTER|divclk'
Slack : 1.207
TNS   : 0.000

Type  : Fast 1100mV 0C Model Minimum Pulse Width 'pll_base|pll_base_inst|altera_pll_i|general[0].gpll~FRACTIONAL_PLL|vcoph[0]'
Slack : 1.250
TNS   : 0.000

Type  : Fast 1100mV 0C Model Minimum Pulse Width 'pll_base|pll_base_inst|altera_pll_i|general[0].gpll~PLL_OUTPUT_COUNTER|divclk'
Slack : 1.386
TNS   : 0.000

Type  : Fast 1100mV 0C Model Minimum Pulse Width 'pll_temp|pll_temp_inst|altera_pll_i|general[0].gpll~FRACTIONAL_PLL|vcoph[0]'
Slack : 1.666
TNS   : 0.000

Type  : Fast 1100mV 0C Model Minimum Pulse Width 'CLOCK_50'
Slack : 9.286
TNS   : 0.000

Type  : Fast 1100mV 0C Model Minimum Pulse Width 'altera_reserved_tck'
Slack : 18.252
TNS   : 0.000

------------------------------------------------------------
