Archive member included to satisfy reference by file (symbol)

c:/altera/16.0/nios2eds/bin/gnu/h-x86_64-mingw32/bin/../lib/gcc/nios2-elf/5.2.0/../../../../../H-x86_64-mingw32/nios2-elf/lib\libsmallc.a(lib_a-itoa.o)
                              obj/default/main.o (itoa)
c:/altera/16.0/nios2eds/bin/gnu/h-x86_64-mingw32/bin/../lib/gcc/nios2-elf/5.2.0/../../../../../H-x86_64-mingw32/nios2-elf/lib\libsmallc.a(lib_a-memcpy.o)
                              obj/default/Source/queue.o (memcpy)
c:/altera/16.0/nios2eds/bin/gnu/h-x86_64-mingw32/bin/../lib/gcc/nios2-elf/5.2.0/../../../../../H-x86_64-mingw32/nios2-elf/lib\libsmallc.a(lib_a-memset.o)
                              obj/default/Source/stream_buffer.o (memset)
c:/altera/16.0/nios2eds/bin/gnu/h-x86_64-mingw32/bin/../lib/gcc/nios2-elf/5.2.0/../../../../../H-x86_64-mingw32/nios2-elf/lib\libsmallc.a(lib_a-printf.o)
                              obj/default/main.o (printf)
c:/altera/16.0/nios2eds/bin/gnu/h-x86_64-mingw32/bin/../lib/gcc/nios2-elf/5.2.0/../../../../../H-x86_64-mingw32/nios2-elf/lib\libsmallc.a(lib_a-puts.o)
                              obj/default/main.o (puts)
c:/altera/16.0/nios2eds/bin/gnu/h-x86_64-mingw32/bin/../lib/gcc/nios2-elf/5.2.0/../../../../../H-x86_64-mingw32/nios2-elf/lib\libsmallc.a(lib_a-strlen.o)
                              obj/default/main.o (strlen)
c:/altera/16.0/nios2eds/bin/gnu/h-x86_64-mingw32/bin/../lib/gcc/nios2-elf/5.2.0/../../../../../H-x86_64-mingw32/nios2-elf/lib\libsmallc.a(lib_a-utoa.o)
                              c:/altera/16.0/nios2eds/bin/gnu/h-x86_64-mingw32/bin/../lib/gcc/nios2-elf/5.2.0/../../../../../H-x86_64-mingw32/nios2-elf/lib\libsmallc.a(lib_a-itoa.o) (__utoa)
c:/altera/16.0/nios2eds/bin/gnu/h-x86_64-mingw32/bin/../lib/gcc/nios2-elf/5.2.0/../../../../../H-x86_64-mingw32/nios2-elf/lib\libsmallc.a(lib_a-vfprintf.o)
                              c:/altera/16.0/nios2eds/bin/gnu/h-x86_64-mingw32/bin/../lib/gcc/nios2-elf/5.2.0/../../../../../H-x86_64-mingw32/nios2-elf/lib\libsmallc.a(lib_a-printf.o) (___vfprintf_internal_r)
c:/altera/16.0/nios2eds/bin/gnu/h-x86_64-mingw32/bin/../lib/gcc/nios2-elf/5.2.0/../../../../../H-x86_64-mingw32/nios2-elf/lib\libsmallc.a(lib_a-vsprintf.o)
                              obj/default/main.o (vsprintf)
c:/altera/16.0/nios2eds/bin/gnu/h-x86_64-mingw32/bin/../lib/gcc/nios2-elf/5.2.0/../../../../../H-x86_64-mingw32/nios2-elf/lib\libsmallc.a(lib_a-fvwrite_small_dev.o)
                              c:/altera/16.0/nios2eds/bin/gnu/h-x86_64-mingw32/bin/../lib/gcc/nios2-elf/5.2.0/../../../../../H-x86_64-mingw32/nios2-elf/lib\libsmallc.a(lib_a-printf.o) (__sfvwrite_small_dev)
c:/altera/16.0/nios2eds/bin/gnu/h-x86_64-mingw32/bin/../lib/gcc/nios2-elf/5.2.0/../../../../../H-x86_64-mingw32/nios2-elf/lib\libsmallc.a(lib_a-fvwrite_small_str.o)
                              c:/altera/16.0/nios2eds/bin/gnu/h-x86_64-mingw32/bin/../lib/gcc/nios2-elf/5.2.0/../../../../../H-x86_64-mingw32/nios2-elf/lib\libsmallc.a(lib_a-vsprintf.o) (__sfvwrite_small_str)
c:/altera/16.0/nios2eds/bin/gnu/h-x86_64-mingw32/bin/../lib/gcc/nios2-elf/5.2.0/../../../../../H-x86_64-mingw32/nios2-elf/lib\libsmallc.a(lib_a-impure.o)
                              c:/altera/16.0/nios2eds/bin/gnu/h-x86_64-mingw32/bin/../lib/gcc/nios2-elf/5.2.0/../../../../../H-x86_64-mingw32/nios2-elf/lib\libsmallc.a(lib_a-printf.o) (_impure_ptr)
c:/altera/16.0/nios2eds/bin/gnu/h-x86_64-mingw32/bin/../lib/gcc/nios2-elf/5.2.0/../../../../../H-x86_64-mingw32/nios2-elf/lib\libsmallc.a(lib_a-memmove.o)
                              c:/altera/16.0/nios2eds/bin/gnu/h-x86_64-mingw32/bin/../lib/gcc/nios2-elf/5.2.0/../../../../../H-x86_64-mingw32/nios2-elf/lib\libsmallc.a(lib_a-fvwrite_small_str.o) (memmove)
c:/altera/16.0/nios2eds/bin/gnu/h-x86_64-mingw32/bin/../lib/gcc/nios2-elf/5.2.0/../../../../../H-x86_64-mingw32/nios2-elf/lib\libsmallc.a(lib_a-svfprintf.o)
                              c:/altera/16.0/nios2eds/bin/gnu/h-x86_64-mingw32/bin/../lib/gcc/nios2-elf/5.2.0/../../../../../H-x86_64-mingw32/nios2-elf/lib\libsmallc.a(lib_a-vsprintf.o) (___svfprintf_internal_r)
c:/altera/16.0/nios2eds/bin/gnu/h-x86_64-mingw32/bin/../lib/gcc/nios2-elf/5.2.0/../../../../../H-x86_64-mingw32/nios2-elf/lib\libsmallc.a(lib_a-writer.o)
                              c:/altera/16.0/nios2eds/bin/gnu/h-x86_64-mingw32/bin/../lib/gcc/nios2-elf/5.2.0/../../../../../H-x86_64-mingw32/nios2-elf/lib\libsmallc.a(lib_a-fvwrite_small_dev.o) (_write_r)
c:/altera/16.0/nios2eds/bin/gnu/h-x86_64-mingw32/bin/../lib/gcc/nios2-elf/5.2.0/../../../../../H-x86_64-mingw32/nios2-elf/lib\libsmallc.a(lib_a-int_errno.o)
                              c:/altera/16.0/nios2eds/bin/gnu/h-x86_64-mingw32/bin/../lib/gcc/nios2-elf/5.2.0/../../../../../H-x86_64-mingw32/nios2-elf/lib\libsmallc.a(lib_a-writer.o) (errno)
c:/altera/16.0/nios2eds/bin/gnu/h-x86_64-mingw32/bin/../lib/gcc/nios2-elf/5.2.0\libgcc.a(lib2-divmod.o)
[...]
Memory Configuration

Name             Origin             Length             Attributes
reset            0x0000000000800000 0x0000000000000020
sdram            0x0000000000800020 0x00000000007fffe0
onchip_memory2_0 0x0000000001080000 0x0000000000055730
*default*        0x0000000000000000 0xffffffffffffffff

Linker script and memory map

LOAD ../freq_meter_nios_bsp//obj/HAL/src/crt0.o
LOAD obj/default/Source/croutine.o
LOAD obj/default/Source/event_groups.o
LOAD obj/default/Source/list.o
LOAD obj/default/Source/portable/GCC/NiosII/port.o
LOAD obj/default/Source/portable/MemMang/heap_1.o
LOAD obj/default/Source/queue.o
LOAD obj/default/Source/stream_buffer.o
LOAD obj/default/Source/tasks.o
LOAD obj/default/Source/timers.o
LOAD obj/default/main.o
LOAD obj/default/Source/portable/GCC/NiosII/port_asm.o
LOAD c:/altera/16.0/nios2eds/bin/gnu/h-x86_64-mingw32/bin/../lib/gcc/nios2-elf/5.2.0/../../../../../H-x86_64-mingw32/nios2-elf/lib\libstdc++.a
LOAD c:/altera/16.0/nios2eds/bin/gnu/h-x86_64-mingw32/bin/../lib/gcc/nios2-elf/5.2.0/../../../../../H-x86_64-mingw32/nios2-elf/lib\libm.a
LOAD c:/altera/16.0/nios2eds/bin/gnu/h-x86_64-mingw32/bin/../lib/gcc/nios2-elf/5.2.0\libgcc.a
START GROUP
LOAD c:/altera/16.0/nios2eds/bin/gnu/h-x86_64-mingw32/bin/../lib/gcc/nios2-elf/5.2.0/../../../../../H-x86_64-mingw32/nios2-elf/lib\libsmallc.a
LOAD c:/altera/16.0/nios2eds/bin/gnu/h-x86_64-mingw32/bin/../lib/gcc/nios2-elf/5.2.0\libgcc.a
LOAD ../freq_meter_nios_bsp/\libhal_bsp.a
LOAD c:/altera/16.0/nios2eds/bin/gnu/h-x86_64-mingw32/bin/../lib/gcc/nios2-elf/5.2.0/../../../../../H-x86_64-mingw32/nios2-elf/lib\libm.a
END GROUP
LOAD c:/altera/16.0/nios2eds/bin/gnu/h-x86_64-mingw32/bin/../lib/gcc/nios2-elf/5.2.0\libgcc.a
                0x0000000000800000                __alt_mem_sdram = 0x800000
                0x0000000001080000                __alt_mem_onchip_memory2_0 = 0x1080000

.entry          0x0000000000800000       0x20
 *(.entry)
 .entry         0x0000000000800000       0x20 ../freq_meter_nios_bsp//obj/HAL/src/crt0.o
                0x0000000000800000                __reset

.exceptions     0x0000000000800020      0x234
                0x0000000000800020                PROVIDE (__ram_exceptions_start, ABSOLUTE (.))
                0x0000000000800020                . = ALIGN (0x20)
 *(.irq)
 *(.exceptions.entry.label)
 *(.exceptions.entry.user)
 *(.exceptions.entry.ecc_fatal)
 *(.exceptions.entry)
 .exceptions.entry
                0x0000000000800020       0x8c obj/default/Source/portable/GCC/NiosII/port_asm.o
 *(.exceptions.irqtest.user)
 *(.exceptions.irqtest)
 .exceptions.irqtest
                0x00000000008000ac       0x14 obj/default/Source/portable/GCC/NiosII/port_asm.o
 *(.exceptions.irqhandler.user)
 *(.exceptions.irqhandler)
 .exceptions.irqhandler
                0x00000000008000c0        0x4 obj/default/Source/portable/GCC/NiosII/port_asm.o
 *(.exceptions.irqreturn.user)
 *(.exceptions.irqreturn)
 .exceptions.irqreturn
                0x00000000008000c4       0x8c obj/default/Source/portable/GCC/NiosII/port_asm.o
                0x00000000008000c4                restore_sp_from_pxCurrentTCB
 *(.exceptions.notirq.label)
 *(.exceptions.notirq.user)
 *(.exceptions.notirq)
 *(.exceptions.soft.user)
 *(.exceptions.soft)
 .exceptions.soft
                0x0000000000800150       0x2c obj/default/Source/portable/GCC/NiosII/port_asm.o
 *(.exceptions.unknown.user)
 *(.exceptions.unknown)
 *(.exceptions.exit.label)
 *(.exceptions.exit.user)
 *(.exceptions.exit)
 *(.exceptions)
 .exceptions    0x000000000080017c       0xd8 ../freq_meter_nios_bsp/\libhal_bsp.a(alt_irq_handler.o)
                0x000000000080017c                alt_irq_handler
                0x0000000000800254                PROVIDE (__ram_exceptions_end, ABSOLUTE (.))
                0x0000000000800020                PROVIDE (__flash_exceptions_start, LOADADDR (.exceptions))

.text           0x0000000000800254     0x9414
                [!provide]                        PROVIDE (stext, ABSOLUTE (.))
 *(.interp)
 *(.hash)
 *(.dynsym)
 *(.dynstr)
 *(.gnu.version)
 *(.gnu.version_d)
 *(.gnu.version_r)
 *(.rel.init)
 *(.rela.init)
 *(.rel.text .rel.text.* .rel.gnu.linkonce.t.*)
 *(.rela.text .rela.text.* .rela.gnu.linkonce.t.*)
 *(.rel.fini)
 *(.rela.fini)
 *(.rel.rodata .rel.rodata.* .rel.gnu.linkonce.r.*)
 *(.rela.rodata .rela.rodata.* .rela.gnu.linkonce.r.*)
 *(.rel.data .rel.data.* .rel.gnu.linkonce.d.*)
 *(.rela.data .rela.data.* .rela.gnu.linkonce.d.*)
 *(.rel.tdata .rel.tdata.* .rel.gnu.linkonce.td.*)
 *(.rela.tdata .rela.tdata.* .rela.gnu.linkonce.td.*)
 *(.rel.tbss .rel.tbss.* .rel.gnu.linkonce.tb.*)
 *(.rela.tbss .rela.tbss.* .rela.gnu.linkonce.tb.*)
 *(.rel.ctors)
 *(.rela.ctors)
 *(.rel.dtors)
 *(.rela.dtors)
 *(.rel.got)
 *(.rela.got)
 *(.rel.sdata .rel.sdata.* .rel.gnu.linkonce.s.*)
 *(.rela.sdata .rela.sdata.* .rela.gnu.linkonce.s.*)
 *(.rel.sbss .rel.sbss.* .rel.gnu.linkonce.sb.*)
 *(.rela.sbss .rela.sbss.* .rela.gnu.linkonce.sb.*)
 *(.rel.sdata2 .rel.sdata2.* .rel.gnu.linkonce.s2.*)
 *(.rela.sdata2 .rela.sdata2.* .rela.gnu.linkonce.s2.*)
 *(.rel.sbss2 .rel.sbss2.* .rel.gnu.linkonce.sb2.*)
 *(.rela.sbss2 .rela.sbss2.* .rela.gnu.linkonce.sb2.*)
 *(.rel.bss .rel.bss.* .rel.gnu.linkonce.b.*)
 *(.rela.bss .rela.bss.* .rela.gnu.linkonce.b.*)
 *(.rel.plt)
 *(.rela.plt)
 *(.rel.dyn)
 *(.init)
 *(.plt)
 *(.text .stub .text.* .gnu.linkonce.t.*)
 .text          0x0000000000800254       0x4c ../freq_meter_nios_bsp//obj/HAL/src/crt0.o
                0x0000000000800254                _start
 .text          0x00000000008002a0        0x0 obj/default/Source/croutine.o
 .text          0x00000000008002a0      0x700 obj/default/Source/event_groups.o
                0x00000000008002a0                xEventGroupCreate
                0x00000000008002f4                xEventGroupSync
                0x0000000000800478                xEventGroupWaitBits
                0x0000000000800620                xEventGroupClearBits
                0x0000000000800688                xEventGroupGetBitsFromISR
                0x00000000008006c4                xEventGroupSetBits
                0x0000000000800844                vEventGroupDelete
                0x00000000008008b8                vEventGroupSetBitsCallback
                0x00000000008008f4                vEventGroupClearBitsCallback
 .text          0x00000000008009a0      0x290 obj/default/Source/list.o
                0x00000000008009a0                vListInitialise
                0x0000000000800a08                vListInitialiseItem
                0x0000000000800a34                vListInsertEnd
                0x0000000000800ac0                vListInsert
                0x0000000000800b98                uxListRemove
 .text          0x0000000000800c30      0x3ec obj/default/Source/portable/GCC/NiosII/port.o
                0x0000000000800c5c                pxPortInitialiseStack
                0x0000000000800d3c                xPortStartScheduler
                0x0000000000800d74                vPortEndScheduler
                0x0000000000800e30                vPortSysTickHandler
                0x0000000000800e7c                alt_irq_register
 .text          0x000000000080101c      0x134 obj/default/Source/portable/MemMang/heap_1.o
                0x000000000080101c                pvPortMalloc
                0x00000000008010dc                vPortFree
                0x0000000000801100                vPortInitialiseBlocks
                0x0000000000801124                xPortGetFreeHeapSize
 .text          0x0000000000801150     0x1470 obj/default/Source/queue.o
                0x0000000000801150                xQueueGenericReset
                0x0000000000801264                xQueueGenericCreate
                0x00000000008013e0                xQueueCreateMutex
                0x000000000080143c                xQueueGiveMutexRecursive
                0x00000000008014cc                xQueueTakeMutexRecursive
                0x0000000000801568                xQueueCreateCountingSemaphore
                0x00000000008015c0                xQueueGenericSend
                0x0000000000801774                xQueueGenericSendFromISR
                0x0000000000801868                xQueueGiveFromISR
                0x0000000000801944                xQueueReceive
                0x0000000000801aec                xQueueSemaphoreTake
                0x0000000000801cfc                xQueuePeek
                0x0000000000801eac                xQueueReceiveFromISR
                0x0000000000801f90                xQueuePeekFromISR
                0x000000000080200c                uxQueueMessagesWaiting
                0x000000000080204c                uxQueueSpacesAvailable
                0x00000000008020a0                uxQueueMessagesWaitingFromISR
                0x00000000008020d8                vQueueDelete
                0x00000000008024d0                xQueueIsQueueEmptyFromISR
                0x0000000000802570                xQueueIsQueueFullFromISR
 .text          0x00000000008025c0      0xea4 obj/default/Source/stream_buffer.o
                0x00000000008025c0                xStreamBufferGenericCreate
                0x000000000080266c                vStreamBufferDelete
                0x00000000008026d0                xStreamBufferReset
                0x000000000080276c                xStreamBufferSetTriggerLevel
                0x00000000008027d8                xStreamBufferSpacesAvailable
                0x0000000000802860                xStreamBufferBytesAvailable
                0x00000000008028a0                xStreamBufferSend
                0x0000000000802a28                xStreamBufferSendFromISR
                0x0000000000802bec                xStreamBufferReceive
                0x0000000000802d44                xStreamBufferNextMessageLengthBytes
                0x0000000000802dec                xStreamBufferReceiveFromISR
                0x0000000000802f8c                xStreamBufferIsEmpty
                0x0000000000802fe4                xStreamBufferIsFull
                0x0000000000803060                xStreamBufferSendCompletedFromISR
                0x00000000008030e4                xStreamBufferReceiveCompletedFromISR
 .text          0x0000000000803464     0x24ec obj/default/Source/tasks.o
                0x0000000000803464                xTaskCreate
                0x000000000080382c                vTaskDelete
                0x0000000000803914                vTaskDelayUntil
                0x0000000000803a04                vTaskDelay
                0x0000000000803a60                uxTaskPriorityGet
                0x0000000000803ab8                uxTaskPriorityGetFromISR
                0x0000000000803b04                vTaskPrioritySet
                0x0000000000803ca8                vTaskSuspend
                0x0000000000803e10                vTaskResume
                0x0000000000803edc                xTaskResumeFromISR
                0x0000000000803fbc                vTaskStartScheduler
                0x000000000080404c                vTaskEndScheduler
                0x0000000000804094                vTaskSuspendAll
                0x00000000008040c0                xTaskResumeAll
                0x0000000000804218                xTaskGetTickCount
                0x0000000000804240                xTaskGetTickCountFromISR
                0x000000000080426c                uxTaskGetNumberOfTasks
                0x000000000080428c                pcTaskGetName
                0x00000000008042cc                xTaskCatchUpTicks
                0x0000000000804318                xTaskIncrementTick
                0x00000000008044c8                vTaskSwitchContext
                0x00000000008045a0                vTaskPlaceOnEventList
                0x00000000008045f0                vTaskPlaceOnUnorderedEventList
                0x0000000000804654                xTaskRemoveFromEventList
                0x0000000000804748                vTaskRemoveFromUnorderedEventList
                0x0000000000804810                vTaskSetTimeOutState
                0x000000000080485c                vTaskInternalSetTimeOutState
                0x0000000000804898                xTaskCheckForTimeOut
                0x0000000000804978                vTaskMissedYield
                0x0000000000804b58                uxTaskGetStackHighWaterMark
                0x0000000000804c50                xTaskGetCurrentTaskHandle
                0x0000000000804c78                xTaskPriorityInherit
                0x0000000000804db8                xTaskPriorityDisinherit
                0x0000000000804eb4                vTaskPriorityDisinheritAfterTimeout
                0x0000000000804ff4                vTaskEnterCritical
                0x0000000000805048                vTaskExitCritical
                0x00000000008050a8                uxTaskResetEventItemValue
                0x00000000008050ec                pvTaskIncrementMutexHeldCount
                0x0000000000805124                ulTaskNotifyTake
                0x00000000008051d4                xTaskNotifyWait
                0x00000000008052c8                xTaskGenericNotify
                0x0000000000805474                xTaskGenericNotifyFromISR
                0x0000000000805658                vTaskNotifyGiveFromISR
                0x0000000000805778                xTaskNotifyStateClear
                0x00000000008057f0                ulTaskNotifyValueClear
 .text          0x0000000000805950        0x0 obj/default/Source/timers.o
 .text          0x0000000000805950      0xd50 obj/default/main.o
                0x0000000000805b14                hd44780_clear
                0x0000000000805ba8                hd44780_home
                0x0000000000805c3c                hd44780_display
                0x0000000000805d10                hd44780_position
                0x0000000000805dfc                hd44780_cgram
                0x0000000000805f2c                hd44780_put
                0x0000000000805fc4                hd44780_print
                0x0000000000806060                hd44780_printf
                0x000000000080611c                hd44780_init
                0x0000000000806290                sayHello
                0x00000000008062bc                sayInBitween
                0x00000000008062e8                task_lcd_write
                0x0000000000806388                freq_to_lcd
                0x0000000000806570                main
 .text          0x00000000008066a0        0x0 obj/default/Source/portable/GCC/NiosII/port_asm.o
 .text          0x00000000008066a0        0x0 c:/altera/16.0/nios2eds/bin/gnu/h-x86_64-mingw32/bin/../lib/gcc/nios2-elf/5.2.0/../../../../../H-x86_64-mingw32/nios2-elf/lib\libsmallc.a(lib_a-itoa.o)
 .text.__itoa   0x00000000008066a0       0x68 c:/altera/16.0/nios2eds/bin/gnu/h-x86_64-mingw32/bin/../lib/gcc/nios2-elf/5.2.0/../../../../../H-x86_64-mingw32/nios2-elf/lib\libsmallc.a(lib_a-itoa.o)
                0x00000000008066a0                __itoa
 .text.itoa     0x0000000000806708        0x4 c:/altera/16.0/nios2eds/bin/gnu/h-x86_64-mingw32/bin/../lib/gcc/nios2-elf/5.2.0/../../../../../H-x86_64-mingw32/nios2-elf/lib\libsmallc.a(lib_a-itoa.o)
                0x0000000000806708                itoa
 .text          0x000000000080670c        0x0 c:/altera/16.0/nios2eds/bin/gnu/h-x86_64-mingw32/bin/../lib/gcc/nios2-elf/5.2.0/../../../../../H-x86_64-mingw32/nios2-elf/lib\libsmallc.a(lib_a-memcpy.o)
 .text.memcpy   0x000000000080670c       0x28 c:/altera/16.0/nios2eds/bin/gnu/h-x86_64-mingw32/bin/../lib/gcc/nios2-elf/5.2.0/../../../../../H-x86_64-mingw32/nios2-elf/lib\libsmallc.a(lib_a-memcpy.o)
                0x000000000080670c                memcpy
 .text          0x0000000000806734        0x0 c:/altera/16.0/nios2eds/bin/gnu/h-x86_64-mingw32/bin/../lib/gcc/nios2-elf/5.2.0/../../../../../H-x86_64-mingw32/nios2-elf/lib\libsmallc.a(lib_a-memset.o)
 .text.memset   0x0000000000806734       0x20 c:/altera/16.0/nios2eds/bin/gnu/h-x86_64-mingw32/bin/../lib/gcc/nios2-elf/5.2.0/../../../../../H-x86_64-mingw32/nios2-elf/lib\libsmallc.a(lib_a-memset.o)
                0x0000000000806734                memset
 .text          0x0000000000806754        0x0 c:/altera/16.0/nios2eds/bin/gnu/h-x86_64-mingw32/bin/../lib/gcc/nios2-elf/5.2.0/../../../../../H-x86_64-mingw32/nios2-elf/lib\libsmallc.a(lib_a-printf.o)
 .text._printf_r
                0x0000000000806754       0x3c c:/altera/16.0/nios2eds/bin/gnu/h-x86_64-mingw32/bin/../lib/gcc/nios2-elf/5.2.0/../../../../../H-x86_64-mingw32/nios2-elf/lib\libsmallc.a(lib_a-printf.o)
                0x0000000000806754                _printf_r
 .text.printf   0x0000000000806790       0x4c c:/altera/16.0/nios2eds/bin/gnu/h-x86_64-mingw32/bin/../lib/gcc/nios2-elf/5.2.0/../../../../../H-x86_64-mingw32/nios2-elf/lib\libsmallc.a(lib_a-printf.o)
                0x0000000000806790                printf
 .text          0x00000000008067dc        0x0 c:/altera/16.0/nios2eds/bin/gnu/h-x86_64-mingw32/bin/../lib/gcc/nios2-elf/5.2.0/../../../../../H-x86_64-mingw32/nios2-elf/lib\libsmallc.a(lib_a-puts.o)
 .text._puts_r  0x00000000008067dc       0x80 c:/altera/16.0/nios2eds/bin/gnu/h-x86_64-mingw32/bin/../lib/gcc/nios2-elf/5.2.0/../../../../../H-x86_64-mingw32/nios2-elf/lib\libsmallc.a(lib_a-puts.o)
                0x00000000008067dc                _puts_r
 .text.puts     0x000000000080685c       0x14 c:/altera/16.0/nios2eds/bin/gnu/h-x86_64-mingw32/bin/../lib/gcc/nios2-elf/5.2.0/../../../../../H-x86_64-mingw32/nios2-elf/lib\libsmallc.a(lib_a-puts.o)
                0x000000000080685c                puts
 .text          0x0000000000806870        0x0 c:/altera/16.0/nios2eds/bin/gnu/h-x86_64-mingw32/bin/../lib/gcc/nios2-elf/5.2.0/../../../../../H-x86_64-mingw32/nios2-elf/lib\libsmallc.a(lib_a-strlen.o)
 .text.strlen   0x0000000000806870       0x1c c:/altera/16.0/nios2eds/bin/gnu/h-x86_64-mingw32/bin/../lib/gcc/nios2-elf/5.2.0/../../../../../H-x86_64-mingw32/nios2-elf/lib\libsmallc.a(lib_a-strlen.o)
                0x0000000000806870                strlen
 .text          0x000000000080688c        0x0 c:/altera/16.0/nios2eds/bin/gnu/h-x86_64-mingw32/bin/../lib/gcc/nios2-elf/5.2.0/../../../../../H-x86_64-mingw32/nios2-elf/lib\libsmallc.a(lib_a-utoa.o)
 .text.__utoa   0x000000000080688c       0xfc c:/altera/16.0/nios2eds/bin/gnu/h-x86_64-mingw32/bin/../lib/gcc/nios2-elf/5.2.0/../../../../../H-x86_64-mingw32/nios2-elf/lib\libsmallc.a(lib_a-utoa.o)
                0x000000000080688c                __utoa
 .text.utoa     0x0000000000806988        0x4 c:/altera/16.0/nios2eds/bin/gnu/h-x86_64-mingw32/bin/../lib/gcc/nios2-elf/5.2.0/../../../../../H-x86_64-mingw32/nios2-elf/lib\libsmallc.a(lib_a-utoa.o)
                0x0000000000806988                utoa
 .text          0x000000000080698c        0x0 c:/altera/16.0/nios2eds/bin/gnu/h-x86_64-mingw32/bin/../lib/gcc/nios2-elf/5.2.0/../../../../../H-x86_64-mingw32/nios2-elf/lib\libsmallc.a(lib_a-vfprintf.o)
 .text.print_repeat
                0x000000000080698c       0x6c c:/altera/16.0/nios2eds/bin/gnu/h-x86_64-mingw32/bin/../lib/gcc/nios2-elf/5.2.0/../../../../../H-x86_64-mingw32/nios2-elf/lib\libsmallc.a(lib_a-vfprintf.o)
 .text.___vfprintf_internal_r
                0x00000000008069f8      0x524 c:/altera/16.0/nios2eds/bin/gnu/h-x86_64-mingw32/bin/../lib/gcc/nios2-elf/5.2.0/../../../../../H-x86_64-mingw32/nios2-elf/lib\libsmallc.a(lib_a-vfprintf.o)
                0x00000000008069f8                ___vfprintf_internal_r
 .text.__vfprintf_internal
                0x0000000000806f1c       0x1c c:/altera/16.0/nios2eds/bin/gnu/h-x86_64-mingw32/bin/../lib/gcc/nios2-elf/5.2.0/../../../../../H-x86_64-mingw32/nios2-elf/lib\libsmallc.a(lib_a-vfprintf.o)
                0x0000000000806f1c                __vfprintf_internal
 .text          0x0000000000806f38        0x0 c:/altera/16.0/nios2eds/bin/gnu/h-x86_64-mingw32/bin/../lib/gcc/nios2-elf/5.2.0/../../../../../H-x86_64-mingw32/nios2-elf/lib\libsmallc.a(lib_a-vsprintf.o)
 .text._vsprintf_r
                0x0000000000806f38       0x5c c:/altera/16.0/nios2eds/bin/gnu/h-x86_64-mingw32/bin/../lib/gcc/nios2-elf/5.2.0/../../../../../H-x86_64-mingw32/nios2-elf/lib\libsmallc.a(lib_a-vsprintf.o)
                0x0000000000806f38                _vsprintf_r
 .text.vsprintf
                0x0000000000806f94       0x1c c:/altera/16.0/nios2eds/bin/gnu/h-x86_64-mingw32/bin/../lib/gcc/nios2-elf/5.2.0/../../../../../H-x86_64-mingw32/nios2-elf/lib\libsmallc.a(lib_a-vsprintf.o)
                0x0000000000806f94                vsprintf
 .text          0x0000000000806fb0        0x0 c:/altera/16.0/nios2eds/bin/gnu/h-x86_64-mingw32/bin/../lib/gcc/nios2-elf/5.2.0/../../../../../H-x86_64-mingw32/nios2-elf/lib\libsmallc.a(lib_a-fvwrite_small_dev.o)
 .text.__sfvwrite_small_dev
                0x0000000000806fb0       0xb8 c:/altera/16.0/nios2eds/bin/gnu/h-x86_64-mingw32/bin/../lib/gcc/nios2-elf/5.2.0/../../../../../H-x86_64-mingw32/nios2-elf/lib\libsmallc.a(lib_a-fvwrite_small_dev.o)
                0x0000000000806fb0                __sfvwrite_small_dev
 .text          0x0000000000807068        0x0 c:/altera/16.0/nios2eds/bin/gnu/h-x86_64-mingw32/bin/../lib/gcc/nios2-elf/5.2.0/../../../../../H-x86_64-mingw32/nios2-elf/lib\libsmallc.a(lib_a-fvwrite_small_str.o)
 .text.__sfvwrite_small_str
                0x0000000000807068       0xa8 c:/altera/16.0/nios2eds/bin/gnu/h-x86_64-mingw32/bin/../lib/gcc/nios2-elf/5.2.0/../../../../../H-x86_64-mingw32/nios2-elf/lib\libsmallc.a(lib_a-fvwrite_small_str.o)
                0x0000000000807068                __sfvwrite_small_str
 .text          0x0000000000807110        0x0 c:/altera/16.0/nios2eds/bin/gnu/h-x86_64-mingw32/bin/../lib/gcc/nios2-elf/5.2.0/../../../../../H-x86_64-mingw32/nios2-elf/lib\libsmallc.a(lib_a-impure.o)
 .text          0x0000000000807110        0x0 c:/altera/16.0/nios2eds/bin/gnu/h-x86_64-mingw32/bin/../lib/gcc/nios2-elf/5.2.0/../../../../../H-x86_64-mingw32/nios2-elf/lib\libsmallc.a(lib_a-memmove.o)
 .text.memmove  0x0000000000807110       0x60 c:/altera/16.0/nios2eds/bin/gnu/h-x86_64-mingw32/bin/../lib/gcc/nios2-elf/5.2.0/../../../../../H-x86_64-mingw32/nios2-elf/lib\libsmallc.a(lib_a-memmove.o)
                0x0000000000807110                memmove
 .text          0x0000000000807170        0x0 c:/altera/16.0/nios2eds/bin/gnu/h-x86_64-mingw32/bin/../lib/gcc/nios2-elf/5.2.0/../../../../../H-x86_64-mingw32/nios2-elf/lib\libsmallc.a(lib_a-svfprintf.o)
 .text.print_repeat
                0x0000000000807170       0x6c c:/altera/16.0/nios2eds/bin/gnu/h-x86_64-mingw32/bin/../lib/gcc/nios2-elf/5.2.0/../../../../../H-x86_64-mingw32/nios2-elf/lib\libsmallc.a(lib_a-svfprintf.o)
 .text.___svfprintf_internal_r
                0x00000000008071dc      0x524 c:/altera/16.0/nios2eds/bin/gnu/h-x86_64-mingw32/bin/../lib/gcc/nios2-elf/5.2.0/../../../../../H-x86_64-mingw32/nios2-elf/lib\libsmallc.a(lib_a-svfprintf.o)
                0x00000000008071dc                ___svfprintf_internal_r
 .text.__vfprintf_internal_unused
                0x0000000000807700       0x1c c:/altera/16.0/nios2eds/bin/gnu/h-x86_64-mingw32/bin/../lib/gcc/nios2-elf/5.2.0/../../../../../H-x86_64-mingw32/nios2-elf/lib\libsmallc.a(lib_a-svfprintf.o)
                0x0000000000807700                __vfprintf_internal_unused
 .text          0x000000000080771c        0x0 c:/altera/16.0/nios2eds/bin/gnu/h-x86_64-mingw32/bin/../lib/gcc/nios2-elf/5.2.0/../../../../../H-x86_64-mingw32/nios2-elf/lib\libsmallc.a(lib_a-writer.o)
 .text._write_r
                0x000000000080771c       0x58 c:/altera/16.0/nios2eds/bin/gnu/h-x86_64-mingw32/bin/../lib/gcc/nios2-elf/5.2.0/../../../../../H-x86_64-mingw32/nios2-elf/lib\libsmallc.a(lib_a-writer.o)
                0x000000000080771c                _write_r
 .text          0x0000000000807774        0x0 c:/altera/16.0/nios2eds/bin/gnu/h-x86_64-mingw32/bin/../lib/gcc/nios2-elf/5.2.0/../../../../../H-x86_64-mingw32/nios2-elf/lib\libsmallc.a(lib_a-int_errno.o)
 .text          0x0000000000807774      0x1b4 c:/altera/16.0/nios2eds/bin/gnu/h-x86_64-mingw32/bin/../lib/gcc/nios2-elf/5.2.0\libgcc.a(lib2-divmod.o)
                0x0000000000807774                __divsi3
                0x00000000008077f8                __modsi3
                0x000000000080786c                __udivsi3
                0x00000000008078d0                __umodsi3
 .text          0x0000000000807928        0x0 ../freq_meter_nios_bsp/\libhal_bsp.a(alt_irq_handler.o)
 .text          0x0000000000807928        0x0 ../freq_meter_nios_bsp/\libhal_bsp.a(alt_irq_vars.o)
 .text          0x0000000000807928       0xec ../freq_meter_nios_bsp/\libhal_bsp.a(alt_load.o)
                0x0000000000807990                alt_load
 .text          0x0000000000807a14       0x6c ../freq_meter_nios_bsp/\libhal_bsp.a(alt_main.o)
                0x0000000000807a14                alt_main
 .text          0x0000000000807a80       0x44 ../freq_meter_nios_bsp/\libhal_bsp.a(alt_putstr.o)
                0x0000000000807a80                alt_putstr
 .text          0x0000000000807ac4      0x148 ../freq_meter_nios_bsp/\libhal_bsp.a(alt_write.o)
                0x0000000000807b14                write
 .text          0x0000000000807c0c       0xbc ../freq_meter_nios_bsp/\libhal_bsp.a(alt_sys_init.o)
                0x0000000000807c44                alt_irq_init
                0x0000000000807c7c                alt_sys_init
 .text          0x0000000000807cc8      0x164 ../freq_meter_nios_bsp/\libhal_bsp.a(altera_avalon_jtag_uart_fd.o)
                0x0000000000807cc8                altera_avalon_jtag_uart_read_fd
                0x0000000000807d28                altera_avalon_jtag_uart_write_fd
                0x0000000000807d88                altera_avalon_jtag_uart_close_fd
                0x0000000000807dd8                altera_avalon_jtag_uart_ioctl_fd
 .text          0x0000000000807e2c      0x3dc ../freq_meter_nios_bsp/\libhal_bsp.a(altera_avalon_jtag_uart_init.o)
                0x0000000000807e2c                altera_avalon_jtag_uart_init
                0x00000000008081a0                altera_avalon_jtag_uart_close
 .text          0x0000000000808208       0xf0 ../freq_meter_nios_bsp/\libhal_bsp.a(altera_avalon_jtag_uart_ioctl.o)
                0x0000000000808208                altera_avalon_jtag_uart_ioctl
 .text          0x00000000008082f8      0x21c ../freq_meter_nios_bsp/\libhal_bsp.a(altera_avalon_jtag_uart_read.o)
                0x00000000008082f8                altera_avalon_jtag_uart_read
 .text          0x0000000000808514      0x224 ../freq_meter_nios_bsp/\libhal_bsp.a(altera_avalon_jtag_uart_write.o)
                0x0000000000808514                altera_avalon_jtag_uart_write
 .text          0x0000000000808738      0x140 ../freq_meter_nios_bsp/\libhal_bsp.a(alt_alarm_start.o)
                0x0000000000808738                alt_alarm_start
 .text          0x0000000000808878      0x120 ../freq_meter_nios_bsp/\libhal_bsp.a(alt_close.o)
                0x00000000008088c8                close
 .text          0x0000000000808998       0x48 ../freq_meter_nios_bsp/\libhal_bsp.a(alt_dcache_flush_all.o)
                0x0000000000808998                alt_dcache_flush_all
 .text          0x00000000008089e0       0x2c ../freq_meter_nios_bsp/\libhal_bsp.a(alt_dev.o)
 .text          0x0000000000808a0c       0xf4 ../freq_meter_nios_bsp/\libhal_bsp.a(alt_dev_llist_insert.o)
                0x0000000000808a5c                alt_dev_llist_insert
 .text          0x0000000000808b00        0x0 ../freq_meter_nios_bsp/\libhal_bsp.a(alt_errno.o)
 .text          0x0000000000808b00       0x34 ../freq_meter_nios_bsp/\libhal_bsp.a(alt_icache_flush_all.o)
                0x0000000000808b00                alt_icache_flush_all
 .text          0x0000000000808b34      0x140 ../freq_meter_nios_bsp/\libhal_bsp.a(alt_io_redirect.o)
                0x0000000000808bf8                alt_io_redirect
 .text          0x0000000000808c74      0x274 ../freq_meter_nios_bsp/\libhal_bsp.a(alt_open.o)
                0x0000000000808d90                open
 .text          0x0000000000808ee8       0x64 ../freq_meter_nios_bsp/\libhal_bsp.a(alt_release_fd.o)
                0x0000000000808ee8                alt_release_fd
 .text          0x0000000000808f4c      0x1a4 ../freq_meter_nios_bsp/\libhal_bsp.a(alt_tick.o)
                0x0000000000808f4c                alt_alarm_stop
                0x0000000000808fe8                alt_tick
 .text          0x00000000008090f0       0x24 ../freq_meter_nios_bsp/\libhal_bsp.a(altera_nios2_gen2_irq.o)
                0x00000000008090f0                altera_nios2_gen2_irq_init
 .text          0x0000000000809114       0x90 ../freq_meter_nios_bsp/\libhal_bsp.a(alt_find_dev.o)
                0x0000000000809114                alt_find_dev
 .text          0x00000000008091a4      0x114 ../freq_meter_nios_bsp/\libhal_bsp.a(alt_find_file.o)
                0x00000000008091a4                alt_find_file
 .text          0x00000000008092b8       0xb4 ../freq_meter_nios_bsp/\libhal_bsp.a(alt_get_fd.o)
                0x00000000008092b8                alt_get_fd
 .text          0x000000000080936c       0x90 ../freq_meter_nios_bsp/\libhal_bsp.a(alt_icache_flush.o)
                0x000000000080936c                alt_icache_flush
 .text          0x00000000008093fc        0x0 c:/altera/16.0/nios2eds/bin/gnu/h-x86_64-mingw32/bin/../lib/gcc/nios2-elf/5.2.0/../../../../../H-x86_64-mingw32/nios2-elf/lib\libsmallc.a(lib_a-exit.o)
 .text.exit     0x00000000008093fc       0x20 c:/altera/16.0/nios2eds/bin/gnu/h-x86_64-mingw32/bin/../lib/gcc/nios2-elf/5.2.0/../../../../../H-x86_64-mingw32/nios2-elf/lib\libsmallc.a(lib_a-exit.o)
                0x00000000008093fc                exit
 .text          0x000000000080941c        0x0 c:/altera/16.0/nios2eds/bin/gnu/h-x86_64-mingw32/bin/../lib/gcc/nios2-elf/5.2.0/../../../../../H-x86_64-mingw32/nios2-elf/lib\libsmallc.a(lib_a-fputs.o)
 .text.fputs    0x000000000080941c       0x58 c:/altera/16.0/nios2eds/bin/gnu/h-x86_64-mingw32/bin/../lib/gcc/nios2-elf/5.2.0/../../../../../H-x86_64-mingw32/nios2-elf/lib\libsmallc.a(lib_a-fputs.o)
                0x000000000080941c                fputs
 .text          0x0000000000809474        0x0 c:/altera/16.0/nios2eds/bin/gnu/h-x86_64-mingw32/bin/../lib/gcc/nios2-elf/5.2.0/../../../../../H-x86_64-mingw32/nios2-elf/lib\libsmallc.a(lib_a-memcmp.o)
 .text.memcmp   0x0000000000809474       0x30 c:/altera/16.0/nios2eds/bin/gnu/h-x86_64-mingw32/bin/../lib/gcc/nios2-elf/5.2.0/../../../../../H-x86_64-mingw32/nios2-elf/lib\libsmallc.a(lib_a-memcmp.o)
                0x0000000000809474                memcmp
 .text          0x00000000008094a4        0x0 c:/altera/16.0/nios2eds/bin/gnu/h-x86_64-mingw32/bin/../lib/gcc/nios2-elf/5.2.0/../../../../../H-x86_64-mingw32/nios2-elf/lib\libsmallc.a(lib_a-__call_atexit.o)
 .text.__call_exitprocs
                0x00000000008094a4      0x190 c:/altera/16.0/nios2eds/bin/gnu/h-x86_64-mingw32/bin/../lib/gcc/nios2-elf/5.2.0/../../../../../H-x86_64-mingw32/nios2-elf/lib\libsmallc.a(lib_a-__call_atexit.o)
                0x00000000008094a4                __call_exitprocs
 .text          0x0000000000809634       0x34 ../freq_meter_nios_bsp/\libhal_bsp.a(alt_exit.o)
                0x0000000000809634                _exit
 *(.gnu.warning.*)
 *(.fini)
                [!provide]                        PROVIDE (__etext, ABSOLUTE (.))
                [!provide]                        PROVIDE (_etext, ABSOLUTE (.))
                [!provide]                        PROVIDE (etext, ABSOLUTE (.))
 *(.eh_frame_hdr)
                0x0000000000809668                . = ALIGN (0x4)
                [!provide]                        PROVIDE (__preinit_array_start, ABSOLUTE (.))
 *(.preinit_array)
                [!provide]                        PROVIDE (__preinit_array_end, ABSOLUTE (.))
                [!provide]                        PROVIDE (__init_array_start, ABSOLUTE (.))
 *(.init_array)
                [!provide]                        PROVIDE (__init_array_end, ABSOLUTE (.))
                [!provide]                        PROVIDE (__fini_array_start, ABSOLUTE (.))
 *(.fini_array)
                [!provide]                        PROVIDE (__fini_array_end, ABSOLUTE (.))
 *(.eh_frame)
 *(.gcc_except_table .gcc_except_table.*)
 *(.dynamic)
                [!provide]                        PROVIDE (__CTOR_LIST__, ABSOLUTE (.))
 *(.ctors)
 *(SORT(.ctors.*))
                [!provide]                        PROVIDE (__CTOR_END__, ABSOLUTE (.))
                [!provide]                        PROVIDE (__DTOR_LIST__, ABSOLUTE (.))
 *(.dtors)
 *(SORT(.dtors.*))
                [!provide]                        PROVIDE (__DTOR_END__, ABSOLUTE (.))
 *(.jcr)
                0x0000000000809668                . = ALIGN (0x4)

.rodata         0x0000000000809668      0x168
                0x0000000000809668                PROVIDE (__ram_rodata_start, ABSOLUTE (.))
                0x0000000000809668                . = ALIGN (0x4)
 *(.rodata .rodata.* .gnu.linkonce.r.*)
 .rodata        0x0000000000809668        0x5 obj/default/Source/tasks.o
 *fill*         0x000000000080966d        0x3 
 .rodata        0x0000000000809670       0xfd obj/default/main.o
 *fill*         0x000000000080976d        0x3 
 .rodata.str1.4
                0x0000000000809770        0x2 c:/altera/16.0/nios2eds/bin/gnu/h-x86_64-mingw32/bin/../lib/gcc/nios2-elf/5.2.0/../../../../../H-x86_64-mingw32/nios2-elf/lib\libsmallc.a(lib_a-puts.o)
 *fill*         0x0000000000809772        0x2 
 .rodata.str1.4
                0x0000000000809774       0x28 c:/altera/16.0/nios2eds/bin/gnu/h-x86_64-mingw32/bin/../lib/gcc/nios2-elf/5.2.0/../../../../../H-x86_64-mingw32/nios2-elf/lib\libsmallc.a(lib_a-utoa.o)
                                         0x25 (size before relaxing)
 .rodata        0x000000000080979c       0x11 ../freq_meter_nios_bsp/\libhal_bsp.a(alt_main.o)
 *fill*         0x00000000008097ad        0x3 
 .rodata        0x00000000008097b0       0x11 ../freq_meter_nios_bsp/\libhal_bsp.a(alt_sys_init.o)
 *fill*         0x00000000008097c1        0x3 
 .rodata        0x00000000008097c4        0xa ../freq_meter_nios_bsp/\libhal_bsp.a(alt_dev.o)
 *(.rodata1)
                0x00000000008097d0                . = ALIGN (0x4)
 *fill*         0x00000000008097ce        0x2 
                0x00000000008097d0                PROVIDE (__ram_rodata_end, ABSOLUTE (.))
                0x0000000000809668                PROVIDE (__flash_rodata_start, LOADADDR (.rodata))

.rwdata         0x00000000008097d0     0x13e0 load address 0x000000000080abb0
                0x00000000008097d0                PROVIDE (__ram_rwdata_start, ABSOLUTE (.))
                0x00000000008097d0                . = ALIGN (0x4)
 *(.got.plt)
 *(.got)
 *(.data1)
 *(.data .data.* .gnu.linkonce.d.*)
 .data          0x00000000008097d0        0x0 ../freq_meter_nios_bsp//obj/HAL/src/crt0.o
 .data          0x00000000008097d0        0x0 obj/default/Source/croutine.o
 .data          0x00000000008097d0        0x0 obj/default/Source/event_groups.o
 .data          0x00000000008097d0        0x0 obj/default/Source/list.o
 .data          0x00000000008097d0        0x0 obj/default/Source/portable/GCC/NiosII/port.o
 .data          0x00000000008097d0        0x0 obj/default/Source/portable/MemMang/heap_1.o
 .data          0x00000000008097d0        0x0 obj/default/Source/queue.o
 .data          0x00000000008097d0        0x0 obj/default/Source/stream_buffer.o
 .data          0x00000000008097d0        0x0 obj/default/Source/tasks.o
 .data          0x00000000008097d0        0x0 obj/default/Source/timers.o
 .data          0x00000000008097d0       0xc9 obj/default/main.o
                0x00000000008097d0                rus_code_mas
                0x0000000000809814                rus_letter_mas
 .data          0x0000000000809899        0x0 obj/default/Source/portable/GCC/NiosII/port_asm.o
 .data          0x0000000000809899        0x0 c:/altera/16.0/nios2eds/bin/gnu/h-x86_64-mingw32/bin/../lib/gcc/nios2-elf/5.2.0/../../../../../H-x86_64-mingw32/nios2-elf/lib\libsmallc.a(lib_a-itoa.o)
 .data          0x0000000000809899        0x0 c:/altera/16.0/nios2eds/bin/gnu/h-x86_64-mingw32/bin/../lib/gcc/nios2-elf/5.2.0/../../../../../H-x86_64-mingw32/nios2-elf/lib\libsmallc.a(lib_a-memcpy.o)
 .data          0x0000000000809899        0x0 c:/altera/16.0/nios2eds/bin/gnu/h-x86_64-mingw32/bin/../lib/gcc/nios2-elf/5.2.0/../../../../../H-x86_64-mingw32/nios2-elf/lib\libsmallc.a(lib_a-memset.o)
 .data          0x0000000000809899        0x0 c:/altera/16.0/nios2eds/bin/gnu/h-x86_64-mingw32/bin/../lib/gcc/nios2-elf/5.2.0/../../../../../H-x86_64-mingw32/nios2-elf/lib\libsmallc.a(lib_a-printf.o)
 .data          0x0000000000809899        0x0 c:/altera/16.0/nios2eds/bin/gnu/h-x86_64-mingw32/bin/../lib/gcc/nios2-elf/5.2.0/../../../../../H-x86_64-mingw32/nios2-elf/lib\libsmallc.a(lib_a-puts.o)
 .data          0x0000000000809899        0x0 c:/altera/16.0/nios2eds/bin/gnu/h-x86_64-mingw32/bin/../lib/gcc/nios2-elf/5.2.0/../../../../../H-x86_64-mingw32/nios2-elf/lib\libsmallc.a(lib_a-strlen.o)
 .data          0x0000000000809899        0x0 c:/altera/16.0/nios2eds/bin/gnu/h-x86_64-mingw32/bin/../lib/gcc/nios2-elf/5.2.0/../../../../../H-x86_64-mingw32/nios2-elf/lib\libsmallc.a(lib_a-utoa.o)
 .data          0x0000000000809899        0x0 c:/altera/16.0/nios2eds/bin/gnu/h-x86_64-mingw32/bin/../lib/gcc/nios2-elf/5.2.0/../../../../../H-x86_64-mingw32/nios2-elf/lib\libsmallc.a(lib_a-vfprintf.o)
 .data          0x0000000000809899        0x0 c:/altera/16.0/nios2eds/bin/gnu/h-x86_64-mingw32/bin/../lib/gcc/nios2-elf/5.2.0/../../../../../H-x86_64-mingw32/nios2-elf/lib\libsmallc.a(lib_a-vsprintf.o)
 .data          0x0000000000809899        0x0 c:/altera/16.0/nios2eds/bin/gnu/h-x86_64-mingw32/bin/../lib/gcc/nios2-elf/5.2.0/../../../../../H-x86_64-mingw32/nios2-elf/lib\libsmallc.a(lib_a-fvwrite_small_dev.o)
 .data          0x0000000000809899        0x0 c:/altera/16.0/nios2eds/bin/gnu/h-x86_64-mingw32/bin/../lib/gcc/nios2-elf/5.2.0/../../../../../H-x86_64-mingw32/nios2-elf/lib\libsmallc.a(lib_a-fvwrite_small_str.o)
 .data          0x0000000000809899        0x0 c:/altera/16.0/nios2eds/bin/gnu/h-x86_64-mingw32/bin/../lib/gcc/nios2-elf/5.2.0/../../../../../H-x86_64-mingw32/nios2-elf/lib\libsmallc.a(lib_a-impure.o)
 *fill*         0x0000000000809899        0x3 
 .data.impure_data
                0x000000000080989c       0xe0 c:/altera/16.0/nios2eds/bin/gnu/h-x86_64-mingw32/bin/../lib/gcc/nios2-elf/5.2.0/../../../../../H-x86_64-mingw32/nios2-elf/lib\libsmallc.a(lib_a-impure.o)
 .data          0x000000000080997c        0x0 c:/altera/16.0/nios2eds/bin/gnu/h-x86_64-mingw32/bin/../lib/gcc/nios2-elf/5.2.0/../../../../../H-x86_64-mingw32/nios2-elf/lib\libsmallc.a(lib_a-memmove.o)
 .data          0x000000000080997c        0x0 c:/altera/16.0/nios2eds/bin/gnu/h-x86_64-mingw32/bin/../lib/gcc/nios2-elf/5.2.0/../../../../../H-x86_64-mingw32/nios2-elf/lib\libsmallc.a(lib_a-svfprintf.o)
 .data          0x000000000080997c        0x0 c:/altera/16.0/nios2eds/bin/gnu/h-x86_64-mingw32/bin/../lib/gcc/nios2-elf/5.2.0/../../../../../H-x86_64-mingw32/nios2-elf/lib\libsmallc.a(lib_a-writer.o)
 .data          0x000000000080997c        0x0 c:/altera/16.0/nios2eds/bin/gnu/h-x86_64-mingw32/bin/../lib/gcc/nios2-elf/5.2.0/../../../../../H-x86_64-mingw32/nios2-elf/lib\libsmallc.a(lib_a-int_errno.o)
 .data          0x000000000080997c        0x0 c:/altera/16.0/nios2eds/bin/gnu/h-x86_64-mingw32/bin/../lib/gcc/nios2-elf/5.2.0\libgcc.a(lib2-divmod.o)
 .data          0x000000000080997c        0x0 ../freq_meter_nios_bsp/\libhal_bsp.a(alt_irq_handler.o)
 .data          0x000000000080997c        0x0 ../freq_meter_nios_bsp/\libhal_bsp.a(alt_irq_vars.o)
 .data          0x000000000080997c        0x0 ../freq_meter_nios_bsp/\libhal_bsp.a(alt_load.o)
 .data          0x000000000080997c        0x0 ../freq_meter_nios_bsp/\libhal_bsp.a(alt_main.o)
 .data          0x000000000080997c        0x0 ../freq_meter_nios_bsp/\libhal_bsp.a(alt_putstr.o)
 .data          0x000000000080997c        0x0 ../freq_meter_nios_bsp/\libhal_bsp.a(alt_write.o)
 .data          0x000000000080997c     0x1060 ../freq_meter_nios_bsp/\libhal_bsp.a(alt_sys_init.o)
 .data          0x000000000080a9dc        0x0 ../freq_meter_nios_bsp/\libhal_bsp.a(altera_avalon_jtag_uart_fd.o)
 .data          0x000000000080a9dc        0x0 ../freq_meter_nios_bsp/\libhal_bsp.a(altera_avalon_jtag_uart_init.o)
 .data          0x000000000080a9dc        0x0 ../freq_meter_nios_bsp/\libhal_bsp.a(altera_avalon_jtag_uart_ioctl.o)
 .data          0x000000000080a9dc        0x0 ../freq_meter_nios_bsp/\libhal_bsp.a(altera_avalon_jtag_uart_read.o)
 .data          0x000000000080a9dc        0x0 ../freq_meter_nios_bsp/\libhal_bsp.a(altera_avalon_jtag_uart_write.o)
 .data          0x000000000080a9dc        0x0 ../freq_meter_nios_bsp/\libhal_bsp.a(alt_alarm_start.o)
 .data          0x000000000080a9dc        0x0 ../freq_meter_nios_bsp/\libhal_bsp.a(alt_close.o)
 .data          0x000000000080a9dc        0x0 ../freq_meter_nios_bsp/\libhal_bsp.a(alt_dcache_flush_all.o)
 .data          0x000000000080a9dc      0x1a8 ../freq_meter_nios_bsp/\libhal_bsp.a(alt_dev.o)
                0x000000000080a9dc                alt_dev_null
                0x000000000080aa04                alt_fd_list
 .data          0x000000000080ab84        0x0 ../freq_meter_nios_bsp/\libhal_bsp.a(alt_dev_llist_insert.o)
 .data          0x000000000080ab84        0x0 ../freq_meter_nios_bsp/\libhal_bsp.a(alt_errno.o)
 .data          0x000000000080ab84        0x0 ../freq_meter_nios_bsp/\libhal_bsp.a(alt_icache_flush_all.o)
 .data          0x000000000080ab84        0x0 ../freq_meter_nios_bsp/\libhal_bsp.a(alt_io_redirect.o)
 .data          0x000000000080ab84        0x0 ../freq_meter_nios_bsp/\libhal_bsp.a(alt_open.o)
 .data          0x000000000080ab84        0x0 ../freq_meter_nios_bsp/\libhal_bsp.a(alt_release_fd.o)
 .data          0x000000000080ab84        0x0 ../freq_meter_nios_bsp/\libhal_bsp.a(alt_tick.o)
 .data          0x000000000080ab84        0x0 ../freq_meter_nios_bsp/\libhal_bsp.a(altera_nios2_gen2_irq.o)
 .data          0x000000000080ab84        0x0 ../freq_meter_nios_bsp/\libhal_bsp.a(alt_find_dev.o)
 .data          0x000000000080ab84        0x0 ../freq_meter_nios_bsp/\libhal_bsp.a(alt_find_file.o)
 .data          0x000000000080ab84        0x0 ../freq_meter_nios_bsp/\libhal_bsp.a(alt_get_fd.o)
 .data          0x000000000080ab84        0x0 ../freq_meter_nios_bsp/\libhal_bsp.a(alt_icache_flush.o)
 .data          0x000000000080ab84        0x0 c:/altera/16.0/nios2eds/bin/gnu/h-x86_64-mingw32/bin/../lib/gcc/nios2-elf/5.2.0/../../../../../H-x86_64-mingw32/nios2-elf/lib\libsmallc.a(lib_a-exit.o)
 .data          0x000000000080ab84        0x0 c:/altera/16.0/nios2eds/bin/gnu/h-x86_64-mingw32/bin/../lib/gcc/nios2-elf/5.2.0/../../../../../H-x86_64-mingw32/nios2-elf/lib\libsmallc.a(lib_a-fputs.o)
 .data          0x000000000080ab84        0x0 c:/altera/16.0/nios2eds/bin/gnu/h-x86_64-mingw32/bin/../lib/gcc/nios2-elf/5.2.0/../../../../../H-x86_64-mingw32/nios2-elf/lib\libsmallc.a(lib_a-memcmp.o)
 .data          0x000000000080ab84        0x0 c:/altera/16.0/nios2eds/bin/gnu/h-x86_64-mingw32/bin/../lib/gcc/nios2-elf/5.2.0/../../../../../H-x86_64-mingw32/nios2-elf/lib\libsmallc.a(lib_a-__call_atexit.o)
 .data          0x000000000080ab84        0x0 ../freq_meter_nios_bsp/\libhal_bsp.a(alt_exit.o)
                0x0000000000812b84                _gp = ABSOLUTE ((. + 0x8000))
                [!provide]                        PROVIDE (gp, _gp)
 *(.rwdata .rwdata.*)
 *(.sdata .sdata.* .gnu.linkonce.s.*)
 .sdata._global_impure_ptr
                0x000000000080ab84        0x4 c:/altera/16.0/nios2eds/bin/gnu/h-x86_64-mingw32/bin/../lib/gcc/nios2-elf/5.2.0/../../../../../H-x86_64-mingw32/nios2-elf/lib\libsmallc.a(lib_a-impure.o)
                0x000000000080ab84                _global_impure_ptr
 .sdata._impure_ptr
                0x000000000080ab88        0x4 c:/altera/16.0/nios2eds/bin/gnu/h-x86_64-mingw32/bin/../lib/gcc/nios2-elf/5.2.0/../../../../../H-x86_64-mingw32/nios2-elf/lib\libsmallc.a(lib_a-impure.o)
                0x000000000080ab88                _impure_ptr
 .sdata         0x000000000080ab8c        0x4 ../freq_meter_nios_bsp/\libhal_bsp.a(alt_irq_vars.o)
                0x000000000080ab8c                alt_priority_mask
 .sdata         0x000000000080ab90       0x14 ../freq_meter_nios_bsp/\libhal_bsp.a(alt_dev.o)
                0x000000000080ab90                alt_fs_list
                0x000000000080ab98                alt_dev_list
                0x000000000080aba0                alt_max_fd
 .sdata         0x000000000080aba4        0x4 ../freq_meter_nios_bsp/\libhal_bsp.a(alt_errno.o)
                0x000000000080aba4                alt_errno
 .sdata         0x000000000080aba8        0x8 ../freq_meter_nios_bsp/\libhal_bsp.a(alt_tick.o)
                0x000000000080aba8                alt_alarm_list
 *(.sdata2 .sdata2.* .gnu.linkonce.s2.*)
                0x000000000080abb0                . = ALIGN (0x4)
                0x000000000080abb0                _edata = ABSOLUTE (.)
                [!provide]                        PROVIDE (edata, ABSOLUTE (.))
                0x000000000080abb0                PROVIDE (__ram_rwdata_end, ABSOLUTE (.))
                0x000000000080abb0                PROVIDE (__flash_rwdata_start, LOADADDR (.rwdata))

.bss            0x000000000080bf90    0x3d2c8
                0x000000000080bf90                __bss_start = ABSOLUTE (.)
                [!provide]                        PROVIDE (__sbss_start, ABSOLUTE (.))
                [!provide]                        PROVIDE (___sbss_start, ABSOLUTE (.))
 *(.dynsbss)
 *(.sbss .sbss.* .gnu.linkonce.sb.*)
 .sbss          0x000000000080bf90        0x8 obj/default/Source/portable/MemMang/heap_1.o
 .sbss          0x000000000080bf98       0x3c obj/default/Source/tasks.o
                0x000000000080bf98                pxCurrentTCB
 .sbss          0x000000000080bfd4        0x4 obj/default/main.o
                0x000000000080bfd4                n
 .sbss          0x000000000080bfd8        0xc obj/default/main.o
                0x000000000080bfd8                Queue_lcd_rs
                0x000000000080bfdc                Queue_lcd_data
                0x000000000080bfe0                Mutex_write_lcd
 .sbss          0x000000000080bfe4        0x4 c:/altera/16.0/nios2eds/bin/gnu/h-x86_64-mingw32/bin/../lib/gcc/nios2-elf/5.2.0/../../../../../H-x86_64-mingw32/nios2-elf/lib\libsmallc.a(lib_a-int_errno.o)
                0x000000000080bfe4                errno
 .sbss          0x000000000080bfe8        0x4 ../freq_meter_nios_bsp/\libhal_bsp.a(alt_irq_vars.o)
                0x000000000080bfe8                alt_irq_active
 .sbss          0x000000000080bfec        0xc ../freq_meter_nios_bsp/\libhal_bsp.a(alt_main.o)
                0x000000000080bfec                alt_argc
                0x000000000080bff0                alt_argv
                0x000000000080bff4                alt_envp
 .sbss          0x000000000080bff8        0x8 ../freq_meter_nios_bsp/\libhal_bsp.a(alt_tick.o)
                0x000000000080bff8                _alt_tick_rate
                0x000000000080bffc                _alt_nticks
 *(.sbss2 .sbss2.* .gnu.linkonce.sb2.*)
 *(.scommon)
                [!provide]                        PROVIDE (__sbss_end, ABSOLUTE (.))
                [!provide]                        PROVIDE (___sbss_end, ABSOLUTE (.))
 *(.dynbss)
 *(.bss .bss.* .gnu.linkonce.b.*)
 .bss           0x000000000080c000        0x0 ../freq_meter_nios_bsp//obj/HAL/src/crt0.o
 .bss           0x000000000080c000        0x0 obj/default/Source/croutine.o
 .bss           0x000000000080c000        0x0 obj/default/Source/event_groups.o
 .bss           0x000000000080c000        0x0 obj/default/Source/list.o
 .bss           0x000000000080c000        0x0 obj/default/Source/portable/GCC/NiosII/port.o
 .bss           0x000000000080c000    0x3d090 obj/default/Source/portable/MemMang/heap_1.o
 .bss           0x0000000000849090        0x0 obj/default/Source/queue.o
 .bss           0x0000000000849090        0x0 obj/default/Source/stream_buffer.o
 .bss           0x0000000000849090       0xc8 obj/default/Source/tasks.o
 .bss           0x0000000000849158        0x0 obj/default/Source/timers.o
 .bss           0x0000000000849158        0x0 obj/default/main.o
 .bss           0x0000000000849158        0x0 obj/default/Source/portable/GCC/NiosII/port_asm.o
 .bss           0x0000000000849158        0x0 c:/altera/16.0/nios2eds/bin/gnu/h-x86_64-mingw32/bin/../lib/gcc/nios2-elf/5.2.0/../../../../../H-x86_64-mingw32/nios2-elf/lib\libsmallc.a(lib_a-itoa.o)
 .bss           0x0000000000849158        0x0 c:/altera/16.0/nios2eds/bin/gnu/h-x86_64-mingw32/bin/../lib/gcc/nios2-elf/5.2.0/../../../../../H-x86_64-mingw32/nios2-elf/lib\libsmallc.a(lib_a-memcpy.o)
 .bss           0x0000000000849158        0x0 c:/altera/16.0/nios2eds/bin/gnu/h-x86_64-mingw32/bin/../lib/gcc/nios2-elf/5.2.0/../../../../../H-x86_64-mingw32/nios2-elf/lib\libsmallc.a(lib_a-memset.o)
 .bss           0x0000000000849158        0x0 c:/altera/16.0/nios2eds/bin/gnu/h-x86_64-mingw32/bin/../lib/gcc/nios2-elf/5.2.0/../../../../../H-x86_64-mingw32/nios2-elf/lib\libsmallc.a(lib_a-printf.o)
 .bss           0x0000000000849158        0x0 c:/altera/16.0/nios2eds/bin/gnu/h-x86_64-mingw32/bin/../lib/gcc/nios2-elf/5.2.0/../../../../../H-x86_64-mingw32/nios2-elf/lib\libsmallc.a(lib_a-puts.o)
 .bss           0x0000000000849158        0x0 c:/altera/16.0/nios2eds/bin/gnu/h-x86_64-mingw32/bin/../lib/gcc/nios2-elf/5.2.0/../../../../../H-x86_64-mingw32/nios2-elf/lib\libsmallc.a(lib_a-strlen.o)
 .bss           0x0000000000849158        0x0 c:/altera/16.0/nios2eds/bin/gnu/h-x86_64-mingw32/bin/../lib/gcc/nios2-elf/5.2.0/../../../../../H-x86_64-mingw32/nios2-elf/lib\libsmallc.a(lib_a-utoa.o)
 .bss           0x0000000000849158        0x0 c:/altera/16.0/nios2eds/bin/gnu/h-x86_64-mingw32/bin/../lib/gcc/nios2-elf/5.2.0/../../../../../H-x86_64-mingw32/nios2-elf/lib\libsmallc.a(lib_a-vfprintf.o)
 .bss           0x0000000000849158        0x0 c:/altera/16.0/nios2eds/bin/gnu/h-x86_64-mingw32/bin/../lib/gcc/nios2-elf/5.2.0/../../../../../H-x86_64-mingw32/nios2-elf/lib\libsmallc.a(lib_a-vsprintf.o)
 .bss           0x0000000000849158        0x0 c:/altera/16.0/nios2eds/bin/gnu/h-x86_64-mingw32/bin/../lib/gcc/nios2-elf/5.2.0/../../../../../H-x86_64-mingw32/nios2-elf/lib\libsmallc.a(lib_a-fvwrite_small_dev.o)
 .bss           0x0000000000849158        0x0 c:/altera/16.0/nios2eds/bin/gnu/h-x86_64-mingw32/bin/../lib/gcc/nios2-elf/5.2.0/../../../../../H-x86_64-mingw32/nios2-elf/lib\libsmallc.a(lib_a-fvwrite_small_str.o)
 .bss           0x0000000000849158        0x0 c:/altera/16.0/nios2eds/bin/gnu/h-x86_64-mingw32/bin/../lib/gcc/nios2-elf/5.2.0/../../../../../H-x86_64-mingw32/nios2-elf/lib\libsmallc.a(lib_a-impure.o)
 .bss           0x0000000000849158        0x0 c:/altera/16.0/nios2eds/bin/gnu/h-x86_64-mingw32/bin/../lib/gcc/nios2-elf/5.2.0/../../../../../H-x86_64-mingw32/nios2-elf/lib\libsmallc.a(lib_a-memmove.o)
 .bss           0x0000000000849158        0x0 c:/altera/16.0/nios2eds/bin/gnu/h-x86_64-mingw32/bin/../lib/gcc/nios2-elf/5.2.0/../../../../../H-x86_64-mingw32/nios2-elf/lib\libsmallc.a(lib_a-svfprintf.o)
 .bss           0x0000000000849158        0x0 c:/altera/16.0/nios2eds/bin/gnu/h-x86_64-mingw32/bin/../lib/gcc/nios2-elf/5.2.0/../../../../../H-x86_64-mingw32/nios2-elf/lib\libsmallc.a(lib_a-writer.o)
 .bss           0x0000000000849158        0x0 c:/altera/16.0/nios2eds/bin/gnu/h-x86_64-mingw32/bin/../lib/gcc/nios2-elf/5.2.0/../../../../../H-x86_64-mingw32/nios2-elf/lib\libsmallc.a(lib_a-int_errno.o)
 .bss           0x0000000000849158        0x0 c:/altera/16.0/nios2eds/bin/gnu/h-x86_64-mingw32/bin/../lib/gcc/nios2-elf/5.2.0\libgcc.a(lib2-divmod.o)
 .bss           0x0000000000849158        0x0 ../freq_meter_nios_bsp/\libhal_bsp.a(alt_irq_handler.o)
 .bss           0x0000000000849158        0x0 ../freq_meter_nios_bsp/\libhal_bsp.a(alt_irq_vars.o)
 .bss           0x0000000000849158        0x0 ../freq_meter_nios_bsp/\libhal_bsp.a(alt_load.o)
 .bss           0x0000000000849158        0x0 ../freq_meter_nios_bsp/\libhal_bsp.a(alt_main.o)
 .bss           0x0000000000849158        0x0 ../freq_meter_nios_bsp/\libhal_bsp.a(alt_putstr.o)
 .bss           0x0000000000849158        0x0 ../freq_meter_nios_bsp/\libhal_bsp.a(alt_write.o)
 .bss           0x0000000000849158        0x0 ../freq_meter_nios_bsp/\libhal_bsp.a(alt_sys_init.o)
 .bss           0x0000000000849158        0x0 ../freq_meter_nios_bsp/\libhal_bsp.a(altera_avalon_jtag_uart_fd.o)
 .bss           0x0000000000849158        0x0 ../freq_meter_nios_bsp/\libhal_bsp.a(altera_avalon_jtag_uart_init.o)
 .bss           0x0000000000849158        0x0 ../freq_meter_nios_bsp/\libhal_bsp.a(altera_avalon_jtag_uart_ioctl.o)
 .bss           0x0000000000849158        0x0 ../freq_meter_nios_bsp/\libhal_bsp.a(altera_avalon_jtag_uart_read.o)
 .bss           0x0000000000849158        0x0 ../freq_meter_nios_bsp/\libhal_bsp.a(altera_avalon_jtag_uart_write.o)
 .bss           0x0000000000849158        0x0 ../freq_meter_nios_bsp/\libhal_bsp.a(alt_alarm_start.o)
 .bss           0x0000000000849158        0x0 ../freq_meter_nios_bsp/\libhal_bsp.a(alt_close.o)
 .bss           0x0000000000849158        0x0 ../freq_meter_nios_bsp/\libhal_bsp.a(alt_dcache_flush_all.o)
 .bss           0x0000000000849158        0x0 ../freq_meter_nios_bsp/\libhal_bsp.a(alt_dev.o)
 .bss           0x0000000000849158        0x0 ../freq_meter_nios_bsp/\libhal_bsp.a(alt_dev_llist_insert.o)
 .bss           0x0000000000849158        0x0 ../freq_meter_nios_bsp/\libhal_bsp.a(alt_errno.o)
 .bss           0x0000000000849158        0x0 ../freq_meter_nios_bsp/\libhal_bsp.a(alt_icache_flush_all.o)
 .bss           0x0000000000849158        0x0 ../freq_meter_nios_bsp/\libhal_bsp.a(alt_io_redirect.o)
 .bss           0x0000000000849158        0x0 ../freq_meter_nios_bsp/\libhal_bsp.a(alt_open.o)
 .bss           0x0000000000849158        0x0 ../freq_meter_nios_bsp/\libhal_bsp.a(alt_release_fd.o)
 .bss           0x0000000000849158        0x0 ../freq_meter_nios_bsp/\libhal_bsp.a(alt_tick.o)
 .bss           0x0000000000849158        0x0 ../freq_meter_nios_bsp/\libhal_bsp.a(altera_nios2_gen2_irq.o)
 .bss           0x0000000000849158        0x0 ../freq_meter_nios_bsp/\libhal_bsp.a(alt_find_dev.o)
 .bss           0x0000000000849158        0x0 ../freq_meter_nios_bsp/\libhal_bsp.a(alt_find_file.o)
 .bss           0x0000000000849158        0x0 ../freq_meter_nios_bsp/\libhal_bsp.a(alt_get_fd.o)
 .bss           0x0000000000849158        0x0 ../freq_meter_nios_bsp/\libhal_bsp.a(alt_icache_flush.o)
 .bss           0x0000000000849158        0x0 c:/altera/16.0/nios2eds/bin/gnu/h-x86_64-mingw32/bin/../lib/gcc/nios2-elf/5.2.0/../../../../../H-x86_64-mingw32/nios2-elf/lib\libsmallc.a(lib_a-exit.o)
 .bss           0x0000000000849158        0x0 c:/altera/16.0/nios2eds/bin/gnu/h-x86_64-mingw32/bin/../lib/gcc/nios2-elf/5.2.0/../../../../../H-x86_64-mingw32/nios2-elf/lib\libsmallc.a(lib_a-fputs.o)
 .bss           0x0000000000849158        0x0 c:/altera/16.0/nios2eds/bin/gnu/h-x86_64-mingw32/bin/../lib/gcc/nios2-elf/5.2.0/../../../../../H-x86_64-mingw32/nios2-elf/lib\libsmallc.a(lib_a-memcmp.o)
 .bss           0x0000000000849158        0x0 c:/altera/16.0/nios2eds/bin/gnu/h-x86_64-mingw32/bin/../lib/gcc/nios2-elf/5.2.0/../../../../../H-x86_64-mingw32/nios2-elf/lib\libsmallc.a(lib_a-__call_atexit.o)
 .bss           0x0000000000849158        0x0 ../freq_meter_nios_bsp/\libhal_bsp.a(alt_exit.o)
 *(COMMON)
 COMMON         0x0000000000849158      0x100 ../freq_meter_nios_bsp/\libhal_bsp.a(alt_irq_handler.o)
                0x0000000000849158                alt_irq
                0x0000000000849258                . = ALIGN (0x4)
                0x0000000000849258                __bss_end = ABSOLUTE (.)

.sdram          0x0000000000849258        0x0
                [!provide]                        PROVIDE (_alt_partition_sdram_start, ABSOLUTE (.))
 *(.sdram .sdram. sdram.*)
                0x0000000000849258                . = ALIGN (0x4)
                [!provide]                        PROVIDE (_alt_partition_sdram_end, ABSOLUTE (.))
                0x0000000000849258                _end = ABSOLUTE (.)
                0x0000000000849258                end = ABSOLUTE (.)
                0x0000000000849258                __alt_stack_base = ABSOLUTE (.)
                [!provide]                        PROVIDE (_alt_partition_sdram_load_addr, LOADADDR (.sdram))

.onchip_memory2_0
                0x0000000001080000        0x0 load address 0x0000000000849258
                [!provide]                        PROVIDE (_alt_partition_onchip_memory2_0_start, ABSOLUTE (.))
 *(.onchip_memory2_0 .onchip_memory2_0. onchip_memory2_0.*)
                0x0000000001080000                . = ALIGN (0x4)
                [!provide]                        PROVIDE (_alt_partition_onchip_memory2_0_end, ABSOLUTE (.))
                [!provide]                        PROVIDE (_alt_partition_onchip_memory2_0_load_addr, LOADADDR (.onchip_memory2_0))

.stab
 *(.stab)

.stabstr
 *(.stabstr)

.stab.excl
 *(.stab.excl)

.stab.exclstr
 *(.stab.exclstr)

.stab.index
 *(.stab.index)

.stab.indexstr
 *(.stab.indexstr)

.comment        0x0000000000000000       0x23
 *(.comment)
 .comment       0x0000000000000000       0x23 obj/default/Source/croutine.o
                                         0x24 (size before relaxing)
 .comment       0x0000000000000023       0x24 obj/default/Source/event_groups.o
 .comment       0x0000000000000023       0x24 obj/default/Source/list.o
 .comment       0x0000000000000023       0x24 obj/default/Source/portable/GCC/NiosII/port.o
 .comment       0x0000000000000023       0x24 obj/default/Source/portable/MemMang/heap_1.o
 .comment       0x0000000000000023       0x24 obj/default/Source/queue.o
 .comment       0x0000000000000023       0x24 obj/default/Source/stream_buffer.o
 .comment       0x0000000000000023       0x24 obj/default/Source/tasks.o
 .comment       0x0000000000000023       0x24 obj/default/Source/timers.o
 .comment       0x0000000000000023       0x24 obj/default/main.o
 .comment       0x0000000000000023       0x24 c:/altera/16.0/nios2eds/bin/gnu/h-x86_64-mingw32/bin/../lib/gcc/nios2-elf/5.2.0/../../../../../H-x86_64-mingw32/nios2-elf/lib\libsmallc.a(lib_a-itoa.o)
 .comment       0x0000000000000023       0x24 c:/altera/16.0/nios2eds/bin/gnu/h-x86_64-mingw32/bin/../lib/gcc/nios2-elf/5.2.0/../../../../../H-x86_64-mingw32/nios2-elf/lib\libsmallc.a(lib_a-memcpy.o)
 .comment       0x0000000000000023       0x24 c:/altera/16.0/nios2eds/bin/gnu/h-x86_64-mingw32/bin/../lib/gcc/nios2-elf/5.2.0/../../../../../H-x86_64-mingw32/nios2-elf/lib\libsmallc.a(lib_a-memset.o)
 .comment       0x0000000000000023       0x24 c:/altera/16.0/nios2eds/bin/gnu/h-x86_64-mingw32/bin/../lib/gcc/nios2-elf/5.2.0/../../../../../H-x86_64-mingw32/nios2-elf/lib\libsmallc.a(lib_a-printf.o)
 .comment       0x0000000000000023       0x24 c:/altera/16.0/nios2eds/bin/gnu/h-x86_64-mingw32/bin/../lib/gcc/nios2-elf/5.2.0/../../../../../H-x86_64-mingw32/nios2-elf/lib\libsmallc.a(lib_a-puts.o)
 .comment       0x0000000000000023       0x24 c:/altera/16.0/nios2eds/bin/gnu/h-x86_64-mingw32/bin/../lib/gcc/nios2-elf/5.2.0/../../../../../H-x86_64-mingw32/nios2-elf/lib\libsmallc.a(lib_a-strlen.o)
 .comment       0x0000000000000023       0x24 c:/altera/16.0/nios2eds/bin/gnu/h-x86_64-mingw32/bin/../lib/gcc/nios2-elf/5.2.0/../../../../../H-x86_64-mingw32/nios2-elf/lib\libsmallc.a(lib_a-utoa.o)
 .comment       0x0000000000000023       0x24 c:/altera/16.0/nios2eds/bin/gnu/h-x86_64-mingw32/bin/../lib/gcc/nios2-elf/5.2.0/../../../../../H-x86_64-mingw32/nios2-elf/lib\libsmallc.a(lib_a-vfprintf.o)
 .comment       0x0000000000000023       0x24 c:/altera/16.0/nios2eds/bin/gnu/h-x86_64-mingw32/bin/../lib/gcc/nios2-elf/5.2.0/../../../../../H-x86_64-mingw32/nios2-elf/lib\libsmallc.a(lib_a-vsprintf.o)
 .comment       0x0000000000000023       0x24 c:/altera/16.0/nios2eds/bin/gnu/h-x86_64-mingw32/bin/../lib/gcc/nios2-elf/5.2.0/../../../../../H-x86_64-mingw32/nios2-elf/lib\libsmallc.a(lib_a-fvwrite_small_dev.o)
 .comment       0x0000000000000023       0x24 c:/altera/16.0/nios2eds/bin/gnu/h-x86_64-mingw32/bin/../lib/gcc/nios2-elf/5.2.0/../../../../../H-x86_64-mingw32/nios2-elf/lib\libsmallc.a(lib_a-fvwrite_small_str.o)
 .comment       0x0000000000000023       0x24 c:/altera/16.0/nios2eds/bin/gnu/h-x86_64-mingw32/bin/../lib/gcc/nios2-elf/5.2.0/../../../../../H-x86_64-mingw32/nios2-elf/lib\libsmallc.a(lib_a-impure.o)
 .comment       0x0000000000000023       0x24 c:/altera/16.0/nios2eds/bin/gnu/h-x86_64-mingw32/bin/../lib/gcc/nios2-elf/5.2.0/../../../../../H-x86_64-mingw32/nios2-elf/lib\libsmallc.a(lib_a-memmove.o)
 .comment       0x0000000000000023       0x24 c:/altera/16.0/nios2eds/bin/gnu/h-x86_64-mingw32/bin/../lib/gcc/nios2-elf/5.2.0/../../../../../H-x86_64-mingw32/nios2-elf/lib\libsmallc.a(lib_a-svfprintf.o)
 .comment       0x0000000000000023       0x24 c:/altera/16.0/nios2eds/bin/gnu/h-x86_64-mingw32/bin/../lib/gcc/nios2-elf/5.2.0/../../../../../H-x86_64-mingw32/nios2-elf/lib\libsmallc.a(lib_a-writer.o)
 .comment       0x0000000000000023       0x24 c:/altera/16.0/nios2eds/bin/gnu/h-x86_64-mingw32/bin/../lib/gcc/nios2-elf/5.2.0/../../../../../H-x86_64-mingw32/nios2-elf/lib\libsmallc.a(lib_a-int_errno.o)
 .comment       0x0000000000000023       0x24 c:/altera/16.0/nios2eds/bin/gnu/h-x86_64-mingw32/bin/../lib/gcc/nios2-elf/5.2.0\libgcc.a(lib2-divmod.o)
 .comment       0x0000000000000023       0x24 ../freq_meter_nios_bsp/\libhal_bsp.a(alt_irq_handler.o)
 .comment       0x0000000000000023       0x24 ../freq_meter_nios_bsp/\libhal_bsp.a(alt_irq_vars.o)
 .comment       0x0000000000000023       0x24 ../freq_meter_nios_bsp/\libhal_bsp.a(alt_load.o)
 .comment       0x0000000000000023       0x24 ../freq_meter_nios_bsp/\libhal_bsp.a(alt_main.o)
 .comment       0x0000000000000023       0x24 ../freq_meter_nios_bsp/\libhal_bsp.a(alt_putstr.o)
 .comment       0x0000000000000023       0x24 ../freq_meter_nios_bsp/\libhal_bsp.a(alt_write.o)
 .comment       0x0000000000000023       0x24 ../freq_meter_nios_bsp/\libhal_bsp.a(alt_sys_init.o)
 .comment       0x0000000000000023       0x24 ../freq_meter_nios_bsp/\libhal_bsp.a(altera_avalon_jtag_uart_fd.o)
 .comment       0x0000000000000023       0x24 ../freq_meter_nios_bsp/\libhal_bsp.a(altera_avalon_jtag_uart_init.o)
 .comment       0x0000000000000023       0x24 ../freq_meter_nios_bsp/\libhal_bsp.a(altera_avalon_jtag_uart_ioctl.o)
 .comment       0x0000000000000023       0x24 ../freq_meter_nios_bsp/\libhal_bsp.a(altera_avalon_jtag_uart_read.o)
 .comment       0x0000000000000023       0x24 ../freq_meter_nios_bsp/\libhal_bsp.a(altera_avalon_jtag_uart_write.o)
 .comment       0x0000000000000023       0x24 ../freq_meter_nios_bsp/\libhal_bsp.a(alt_alarm_start.o)
 .comment       0x0000000000000023       0x24 ../freq_meter_nios_bsp/\libhal_bsp.a(alt_close.o)
 .comment       0x0000000000000023       0x24 ../freq_meter_nios_bsp/\libhal_bsp.a(alt_dcache_flush_all.o)
 .comment       0x0000000000000023       0x24 ../freq_meter_nios_bsp/\libhal_bsp.a(alt_dev.o)
 .comment       0x0000000000000023       0x24 ../freq_meter_nios_bsp/\libhal_bsp.a(alt_dev_llist_insert.o)
 .comment       0x0000000000000023       0x24 ../freq_meter_nios_bsp/\libhal_bsp.a(alt_errno.o)
 .comment       0x0000000000000023       0x24 ../freq_meter_nios_bsp/\libhal_bsp.a(alt_icache_flush_all.o)
 .comment       0x0000000000000023       0x24 ../freq_meter_nios_bsp/\libhal_bsp.a(alt_io_redirect.o)
 .comment       0x0000000000000023       0x24 ../freq_meter_nios_bsp/\libhal_bsp.a(alt_open.o)
 .comment       0x0000000000000023       0x24 ../freq_meter_nios_bsp/\libhal_bsp.a(alt_release_fd.o)
 .comment       0x0000000000000023       0x24 ../freq_meter_nios_bsp/\libhal_bsp.a(alt_tick.o)
 .comment       0x0000000000000023       0x24 ../freq_meter_nios_bsp/\libhal_bsp.a(altera_nios2_gen2_irq.o)
 .comment       0x0000000000000023       0x24 ../freq_meter_nios_bsp/\libhal_bsp.a(alt_find_dev.o)
 .comment       0x0000000000000023       0x24 ../freq_meter_nios_bsp/\libhal_bsp.a(alt_find_file.o)
 .comment       0x0000000000000023       0x24 ../freq_meter_nios_bsp/\libhal_bsp.a(alt_get_fd.o)
 .comment       0x0000000000000023       0x24 ../freq_meter_nios_bsp/\libhal_bsp.a(alt_icache_flush.o)
 .comment       0x0000000000000023       0x24 c:/altera/16.0/nios2eds/bin/gnu/h-x86_64-mingw32/bin/../lib/gcc/nios2-elf/5.2.0/../../../../../H-x86_64-mingw32/nios2-elf/lib\libsmallc.a(lib_a-exit.o)
 .comment       0x0000000000000023       0x24 c:/altera/16.0/nios2eds/bin/gnu/h-x86_64-mingw32/bin/../lib/gcc/nios2-elf/5.2.0/../../../../../H-x86_64-mingw32/nios2-elf/lib\libsmallc.a(lib_a-fputs.o)
 .comment       0x0000000000000023       0x24 c:/altera/16.0/nios2eds/bin/gnu/h-x86_64-mingw32/bin/../lib/gcc/nios2-elf/5.2.0/../../../../../H-x86_64-mingw32/nios2-elf/lib\libsmallc.a(lib_a-memcmp.o)
 .comment       0x0000000000000023       0x24 c:/altera/16.0/nios2eds/bin/gnu/h-x86_64-mingw32/bin/../lib/gcc/nios2-elf/5.2.0/../../../../../H-x86_64-mingw32/nios2-elf/lib\libsmallc.a(lib_a-__call_atexit.o)
 .comment       0x0000000000000023       0x24 ../freq_meter_nios_bsp/\libhal_bsp.a(alt_exit.o)

.debug
 *(.debug)

.line
 *(.line)

.debug_srcinfo
 *(.debug_srcinfo)

.debug_sfnames
 *(.debug_sfnames)

.debug_aranges  0x0000000000000000      0x800
 *(.debug_aranges)
 .debug_aranges
                0x0000000000000000       0x28 ../freq_meter_nios_bsp//obj/HAL/src/crt0.o
 .debug_aranges
                0x0000000000000028       0x18 obj/default/Source/croutine.o
 .debug_aranges
                0x0000000000000040       0x20 obj/default/Source/event_groups.o
 .debug_aranges
                0x0000000000000060       0x20 obj/default/Source/list.o
 .debug_aranges
                0x0000000000000080       0x20 obj/default/Source/portable/GCC/NiosII/port.o
 .debug_aranges
                0x00000000000000a0       0x20 obj/default/Source/portable/MemMang/heap_1.o
 .debug_aranges
                0x00000000000000c0       0x20 obj/default/Source/queue.o
 .debug_aranges
                0x00000000000000e0       0x20 obj/default/Source/stream_buffer.o
 .debug_aranges
                0x0000000000000100       0x20 obj/default/Source/tasks.o
 .debug_aranges
                0x0000000000000120       0x18 obj/default/Source/timers.o
 .debug_aranges
                0x0000000000000138       0x20 obj/default/main.o
 .debug_aranges
                0x0000000000000158       0x40 obj/default/Source/portable/GCC/NiosII/port_asm.o
 .debug_aranges
                0x0000000000000198       0x28 c:/altera/16.0/nios2eds/bin/gnu/h-x86_64-mingw32/bin/../lib/gcc/nios2-elf/5.2.0/../../../../../H-x86_64-mingw32/nios2-elf/lib\libsmallc.a(lib_a-itoa.o)
 .debug_aranges
                0x00000000000001c0       0x20 c:/altera/16.0/nios2eds/bin/gnu/h-x86_64-mingw32/bin/../lib/gcc/nios2-elf/5.2.0/../../../../../H-x86_64-mingw32/nios2-elf/lib\libsmallc.a(lib_a-memcpy.o)
 .debug_aranges
                0x00000000000001e0       0x20 c:/altera/16.0/nios2eds/bin/gnu/h-x86_64-mingw32/bin/../lib/gcc/nios2-elf/5.2.0/../../../../../H-x86_64-mingw32/nios2-elf/lib\libsmallc.a(lib_a-memset.o)
 .debug_aranges
                0x0000000000000200       0x28 c:/altera/16.0/nios2eds/bin/gnu/h-x86_64-mingw32/bin/../lib/gcc/nios2-elf/5.2.0/../../../../../H-x86_64-mingw32/nios2-elf/lib\libsmallc.a(lib_a-printf.o)
 .debug_aranges
                0x0000000000000228       0x28 c:/altera/16.0/nios2eds/bin/gnu/h-x86_64-mingw32/bin/../lib/gcc/nios2-elf/5.2.0/../../../../../H-x86_64-mingw32/nios2-elf/lib\libsmallc.a(lib_a-puts.o)
 .debug_aranges
                0x0000000000000250       0x20 c:/altera/16.0/nios2eds/bin/gnu/h-x86_64-mingw32/bin/../lib/gcc/nios2-elf/5.2.0/../../../../../H-x86_64-mingw32/nios2-elf/lib\libsmallc.a(lib_a-strlen.o)
 .debug_aranges
                0x0000000000000270       0x28 c:/altera/16.0/nios2eds/bin/gnu/h-x86_64-mingw32/bin/../lib/gcc/nios2-elf/5.2.0/../../../../../H-x86_64-mingw32/nios2-elf/lib\libsmallc.a(lib_a-utoa.o)
 .debug_aranges
                0x0000000000000298       0x30 c:/altera/16.0/nios2eds/bin/gnu/h-x86_64-mingw32/bin/../lib/gcc/nios2-elf/5.2.0/../../../../../H-x86_64-mingw32/nios2-elf/lib\libsmallc.a(lib_a-vfprintf.o)
 .debug_aranges
                0x00000000000002c8       0x28 c:/altera/16.0/nios2eds/bin/gnu/h-x86_64-mingw32/bin/../lib/gcc/nios2-elf/5.2.0/../../../../../H-x86_64-mingw32/nios2-elf/lib\libsmallc.a(lib_a-vsprintf.o)
 .debug_aranges
                0x00000000000002f0       0x20 c:/altera/16.0/nios2eds/bin/gnu/h-x86_64-mingw32/bin/../lib/gcc/nios2-elf/5.2.0/../../../../../H-x86_64-mingw32/nios2-elf/lib\libsmallc.a(lib_a-fvwrite_small_dev.o)
 .debug_aranges
                0x0000000000000310       0x20 c:/altera/16.0/nios2eds/bin/gnu/h-x86_64-mingw32/bin/../lib/gcc/nios2-elf/5.2.0/../../../../../H-x86_64-mingw32/nios2-elf/lib\libsmallc.a(lib_a-fvwrite_small_str.o)
 .debug_aranges
                0x0000000000000330       0x18 c:/altera/16.0/nios2eds/bin/gnu/h-x86_64-mingw32/bin/../lib/gcc/nios2-elf/5.2.0/../../../../../H-x86_64-mingw32/nios2-elf/lib\libsmallc.a(lib_a-impure.o)
 .debug_aranges
                0x0000000000000348       0x20 c:/altera/16.0/nios2eds/bin/gnu/h-x86_64-mingw32/bin/../lib/gcc/nios2-elf/5.2.0/../../../../../H-x86_64-mingw32/nios2-elf/lib\libsmallc.a(lib_a-memmove.o)
 .debug_aranges
                0x0000000000000368       0x30 c:/altera/16.0/nios2eds/bin/gnu/h-x86_64-mingw32/bin/../lib/gcc/nios2-elf/5.2.0/../../../../../H-x86_64-mingw32/nios2-elf/lib\libsmallc.a(lib_a-svfprintf.o)
 .debug_aranges
                0x0000000000000398       0x20 c:/altera/16.0/nios2eds/bin/gnu/h-x86_64-mingw32/bin/../lib/gcc/nios2-elf/5.2.0/../../../../../H-x86_64-mingw32/nios2-elf/lib\libsmallc.a(lib_a-writer.o)
 .debug_aranges
                0x00000000000003b8       0x18 c:/altera/16.0/nios2eds/bin/gnu/h-x86_64-mingw32/bin/../lib/gcc/nios2-elf/5.2.0/../../../../../H-x86_64-mingw32/nios2-elf/lib\libsmallc.a(lib_a-int_errno.o)
 .debug_aranges
                0x00000000000003d0       0x20 c:/altera/16.0/nios2eds/bin/gnu/h-x86_64-mingw32/bin/../lib/gcc/nios2-elf/5.2.0\libgcc.a(lib2-divmod.o)
 .debug_aranges
                0x00000000000003f0       0x20 ../freq_meter_nios_bsp/\libhal_bsp.a(alt_irq_handler.o)
 .debug_aranges
                0x0000000000000410       0x18 ../freq_meter_nios_bsp/\libhal_bsp.a(alt_irq_vars.o)
 .debug_aranges
                0x0000000000000428       0x20 ../freq_meter_nios_bsp/\libhal_bsp.a(alt_load.o)
 .debug_aranges
                0x0000000000000448       0x20 ../freq_meter_nios_bsp/\libhal_bsp.a(alt_main.o)
 .debug_aranges
                0x0000000000000468       0x20 ../freq_meter_nios_bsp/\libhal_bsp.a(alt_putstr.o)
 .debug_aranges
                0x0000000000000488       0x20 ../freq_meter_nios_bsp/\libhal_bsp.a(alt_write.o)
 .debug_aranges
                0x00000000000004a8       0x20 ../freq_meter_nios_bsp/\libhal_bsp.a(alt_sys_init.o)
 .debug_aranges
                0x00000000000004c8       0x20 ../freq_meter_nios_bsp/\libhal_bsp.a(altera_avalon_jtag_uart_fd.o)
 .debug_aranges
                0x00000000000004e8       0x20 ../freq_meter_nios_bsp/\libhal_bsp.a(altera_avalon_jtag_uart_init.o)
 .debug_aranges
                0x0000000000000508       0x20 ../freq_meter_nios_bsp/\libhal_bsp.a(altera_avalon_jtag_uart_ioctl.o)
 .debug_aranges
                0x0000000000000528       0x20 ../freq_meter_nios_bsp/\libhal_bsp.a(altera_avalon_jtag_uart_read.o)
 .debug_aranges
                0x0000000000000548       0x20 ../freq_meter_nios_bsp/\libhal_bsp.a(altera_avalon_jtag_uart_write.o)
 .debug_aranges
                0x0000000000000568       0x20 ../freq_meter_nios_bsp/\libhal_bsp.a(alt_alarm_start.o)
 .debug_aranges
                0x0000000000000588       0x20 ../freq_meter_nios_bsp/\libhal_bsp.a(alt_close.o)
 .debug_aranges
                0x00000000000005a8       0x20 ../freq_meter_nios_bsp/\libhal_bsp.a(alt_dcache_flush_all.o)
 .debug_aranges
                0x00000000000005c8       0x20 ../freq_meter_nios_bsp/\libhal_bsp.a(alt_dev.o)
 .debug_aranges
                0x00000000000005e8       0x20 ../freq_meter_nios_bsp/\libhal_bsp.a(alt_dev_llist_insert.o)
 .debug_aranges
                0x0000000000000608       0x18 ../freq_meter_nios_bsp/\libhal_bsp.a(alt_errno.o)
 .debug_aranges
                0x0000000000000620       0x20 ../freq_meter_nios_bsp/\libhal_bsp.a(alt_icache_flush_all.o)
 .debug_aranges
                0x0000000000000640       0x20 ../freq_meter_nios_bsp/\libhal_bsp.a(alt_io_redirect.o)
 .debug_aranges
                0x0000000000000660       0x20 ../freq_meter_nios_bsp/\libhal_bsp.a(alt_open.o)
 .debug_aranges
                0x0000000000000680       0x20 ../freq_meter_nios_bsp/\libhal_bsp.a(alt_release_fd.o)
 .debug_aranges
                0x00000000000006a0       0x20 ../freq_meter_nios_bsp/\libhal_bsp.a(alt_tick.o)
 .debug_aranges
                0x00000000000006c0       0x20 ../freq_meter_nios_bsp/\libhal_bsp.a(altera_nios2_gen2_irq.o)
 .debug_aranges
                0x00000000000006e0       0x20 ../freq_meter_nios_bsp/\libhal_bsp.a(alt_find_dev.o)
 .debug_aranges
                0x0000000000000700       0x20 ../freq_meter_nios_bsp/\libhal_bsp.a(alt_find_file.o)
 .debug_aranges
                0x0000000000000720       0x20 ../freq_meter_nios_bsp/\libhal_bsp.a(alt_get_fd.o)
 .debug_aranges
                0x0000000000000740       0x20 ../freq_meter_nios_bsp/\libhal_bsp.a(alt_icache_flush.o)
 .debug_aranges
                0x0000000000000760       0x20 c:/altera/16.0/nios2eds/bin/gnu/h-x86_64-mingw32/bin/../lib/gcc/nios2-elf/5.2.0/../../../../../H-x86_64-mingw32/nios2-elf/lib\libsmallc.a(lib_a-exit.o)
 .debug_aranges
                0x0000000000000780       0x20 c:/altera/16.0/nios2eds/bin/gnu/h-x86_64-mingw32/bin/../lib/gcc/nios2-elf/5.2.0/../../../../../H-x86_64-mingw32/nios2-elf/lib\libsmallc.a(lib_a-fputs.o)
 .debug_aranges
                0x00000000000007a0       0x20 c:/altera/16.0/nios2eds/bin/gnu/h-x86_64-mingw32/bin/../lib/gcc/nios2-elf/5.2.0/../../../../../H-x86_64-mingw32/nios2-elf/lib\libsmallc.a(lib_a-memcmp.o)
 .debug_aranges
                0x00000000000007c0       0x20 c:/altera/16.0/nios2eds/bin/gnu/h-x86_64-mingw32/bin/../lib/gcc/nios2-elf/5.2.0/../../../../../H-x86_64-mingw32/nios2-elf/lib\libsmallc.a(lib_a-__call_atexit.o)
 .debug_aranges
                0x00000000000007e0       0x20 ../freq_meter_nios_bsp/\libhal_bsp.a(alt_exit.o)

.debug_pubnames
 *(.debug_pubnames)

.debug_info     0x0000000000000000     0xf5ad
 *(.debug_info .gnu.linkonce.wi.*)
 .debug_info    0x0000000000000000       0x97 ../freq_meter_nios_bsp//obj/HAL/src/crt0.o
 .debug_info    0x0000000000000097       0x9f obj/default/Source/croutine.o
 .debug_info    0x0000000000000136      0x656 obj/default/Source/event_groups.o
 .debug_info    0x000000000000078c      0x2d9 obj/default/Source/list.o
 .debug_info    0x0000000000000a65      0x458 obj/default/Source/portable/GCC/NiosII/port.o
 .debug_info    0x0000000000000ebd      0x1ab obj/default/Source/portable/MemMang/heap_1.o
 .debug_info    0x0000000000001068      0xe43 obj/default/Source/queue.o
 .debug_info    0x0000000000001eab      0xb33 obj/default/Source/stream_buffer.o
 .debug_info    0x00000000000029de     0x1584 obj/default/Source/tasks.o
 .debug_info    0x0000000000003f62       0x9f obj/default/Source/timers.o
 .debug_info    0x0000000000004001      0x7b5 obj/default/main.o
 .debug_info    0x00000000000047b6       0xaa obj/default/Source/portable/GCC/NiosII/port_asm.o
 .debug_info    0x0000000000004860      0x164 c:/altera/16.0/nios2eds/bin/gnu/h-x86_64-mingw32/bin/../lib/gcc/nios2-elf/5.2.0/../../../../../H-x86_64-mingw32/nios2-elf/lib\libsmallc.a(lib_a-itoa.o)
 .debug_info    0x00000000000049c4      0x119 c:/altera/16.0/nios2eds/bin/gnu/h-x86_64-mingw32/bin/../lib/gcc/nios2-elf/5.2.0/../../../../../H-x86_64-mingw32/nios2-elf/lib\libsmallc.a(lib_a-memcpy.o)
 .debug_info    0x0000000000004add       0xdc c:/altera/16.0/nios2eds/bin/gnu/h-x86_64-mingw32/bin/../lib/gcc/nios2-elf/5.2.0/../../../../../H-x86_64-mingw32/nios2-elf/lib\libsmallc.a(lib_a-memset.o)
 .debug_info    0x0000000000004bb9      0x699 c:/altera/16.0/nios2eds/bin/gnu/h-x86_64-mingw32/bin/../lib/gcc/nios2-elf/5.2.0/../../../../../H-x86_64-mingw32/nios2-elf/lib\libsmallc.a(lib_a-printf.o)
 .debug_info    0x0000000000005252      0x66d c:/altera/16.0/nios2eds/bin/gnu/h-x86_64-mingw32/bin/../lib/gcc/nios2-elf/5.2.0/../../../../../H-x86_64-mingw32/nios2-elf/lib\libsmallc.a(lib_a-puts.o)
 .debug_info    0x00000000000058bf       0xc9 c:/altera/16.0/nios2eds/bin/gnu/h-x86_64-mingw32/bin/../lib/gcc/nios2-elf/5.2.0/../../../../../H-x86_64-mingw32/nios2-elf/lib\libsmallc.a(lib_a-strlen.o)
 .debug_info    0x0000000000005988      0x1b6 c:/altera/16.0/nios2eds/bin/gnu/h-x86_64-mingw32/bin/../lib/gcc/nios2-elf/5.2.0/../../../../../H-x86_64-mingw32/nios2-elf/lib\libsmallc.a(lib_a-utoa.o)
 .debug_info    0x0000000000005b3e      0xb2b c:/altera/16.0/nios2eds/bin/gnu/h-x86_64-mingw32/bin/../lib/gcc/nios2-elf/5.2.0/../../../../../H-x86_64-mingw32/nios2-elf/lib\libsmallc.a(lib_a-vfprintf.o)
 .debug_info    0x0000000000006669      0x7a1 c:/altera/16.0/nios2eds/bin/gnu/h-x86_64-mingw32/bin/../lib/gcc/nios2-elf/5.2.0/../../../../../H-x86_64-mingw32/nios2-elf/lib\libsmallc.a(lib_a-vsprintf.o)
 .debug_info    0x0000000000006e0a      0x62b c:/altera/16.0/nios2eds/bin/gnu/h-x86_64-mingw32/bin/../lib/gcc/nios2-elf/5.2.0/../../../../../H-x86_64-mingw32/nios2-elf/lib\libsmallc.a(lib_a-fvwrite_small_dev.o)
 .debug_info    0x0000000000007435      0x700 c:/altera/16.0/nios2eds/bin/gnu/h-x86_64-mingw32/bin/../lib/gcc/nios2-elf/5.2.0/../../../../../H-x86_64-mingw32/nios2-elf/lib\libsmallc.a(lib_a-fvwrite_small_str.o)
 .debug_info    0x0000000000007b35      0x5a9 c:/altera/16.0/nios2eds/bin/gnu/h-x86_64-mingw32/bin/../lib/gcc/nios2-elf/5.2.0/../../../../../H-x86_64-mingw32/nios2-elf/lib\libsmallc.a(lib_a-impure.o)
 .debug_info    0x00000000000080de      0x10b c:/altera/16.0/nios2eds/bin/gnu/h-x86_64-mingw32/bin/../lib/gcc/nios2-elf/5.2.0/../../../../../H-x86_64-mingw32/nios2-elf/lib\libsmallc.a(lib_a-memmove.o)
 .debug_info    0x00000000000081e9      0xb2b c:/altera/16.0/nios2eds/bin/gnu/h-x86_64-mingw32/bin/../lib/gcc/nios2-elf/5.2.0/../../../../../H-x86_64-mingw32/nios2-elf/lib\libsmallc.a(lib_a-svfprintf.o)
 .debug_info    0x0000000000008d14      0x630 c:/altera/16.0/nios2eds/bin/gnu/h-x86_64-mingw32/bin/../lib/gcc/nios2-elf/5.2.0/../../../../../H-x86_64-mingw32/nios2-elf/lib\libsmallc.a(lib_a-writer.o)
 .debug_info    0x0000000000009344       0x8a c:/altera/16.0/nios2eds/bin/gnu/h-x86_64-mingw32/bin/../lib/gcc/nios2-elf/5.2.0/../../../../../H-x86_64-mingw32/nios2-elf/lib\libsmallc.a(lib_a-int_errno.o)
 .debug_info    0x00000000000093ce      0x2c3 c:/altera/16.0/nios2eds/bin/gnu/h-x86_64-mingw32/bin/../lib/gcc/nios2-elf/5.2.0\libgcc.a(lib2-divmod.o)
 .debug_info    0x0000000000009691      0x1a7 ../freq_meter_nios_bsp/\libhal_bsp.a(alt_irq_handler.o)
 .debug_info    0x0000000000009838       0x88 ../freq_meter_nios_bsp/\libhal_bsp.a(alt_irq_vars.o)
 .debug_info    0x00000000000098c0      0x145 ../freq_meter_nios_bsp/\libhal_bsp.a(alt_load.o)
 .debug_info    0x0000000000009a05      0x157 ../freq_meter_nios_bsp/\libhal_bsp.a(alt_main.o)
 .debug_info    0x0000000000009b5c      0x8a8 ../freq_meter_nios_bsp/\libhal_bsp.a(alt_putstr.o)
 .debug_info    0x000000000000a404      0x4b7 ../freq_meter_nios_bsp/\libhal_bsp.a(alt_write.o)
 .debug_info    0x000000000000a8bb      0x4ef ../freq_meter_nios_bsp/\libhal_bsp.a(alt_sys_init.o)
 .debug_info    0x000000000000adaa      0x52e ../freq_meter_nios_bsp/\libhal_bsp.a(altera_avalon_jtag_uart_fd.o)
 .debug_info    0x000000000000b2d8      0x3c3 ../freq_meter_nios_bsp/\libhal_bsp.a(altera_avalon_jtag_uart_init.o)
 .debug_info    0x000000000000b69b      0x280 ../freq_meter_nios_bsp/\libhal_bsp.a(altera_avalon_jtag_uart_ioctl.o)
 .debug_info    0x000000000000b91b      0x35b ../freq_meter_nios_bsp/\libhal_bsp.a(altera_avalon_jtag_uart_read.o)
 .debug_info    0x000000000000bc76      0x356 ../freq_meter_nios_bsp/\libhal_bsp.a(altera_avalon_jtag_uart_write.o)
 .debug_info    0x000000000000bfcc      0x2e2 ../freq_meter_nios_bsp/\libhal_bsp.a(alt_alarm_start.o)
 .debug_info    0x000000000000c2ae      0x321 ../freq_meter_nios_bsp/\libhal_bsp.a(alt_close.o)
 .debug_info    0x000000000000c5cf       0xa5 ../freq_meter_nios_bsp/\libhal_bsp.a(alt_dcache_flush_all.o)
 .debug_info    0x000000000000c674      0x49c ../freq_meter_nios_bsp/\libhal_bsp.a(alt_dev.o)
 .debug_info    0x000000000000cb10      0x1a9 ../freq_meter_nios_bsp/\libhal_bsp.a(alt_dev_llist_insert.o)
 .debug_info    0x000000000000ccb9       0xa6 ../freq_meter_nios_bsp/\libhal_bsp.a(alt_errno.o)
 .debug_info    0x000000000000cd5f       0x92 ../freq_meter_nios_bsp/\libhal_bsp.a(alt_icache_flush_all.o)
 .debug_info    0x000000000000cdf1      0x4a5 ../freq_meter_nios_bsp/\libhal_bsp.a(alt_io_redirect.o)
 .debug_info    0x000000000000d296      0x3bb ../freq_meter_nios_bsp/\libhal_bsp.a(alt_open.o)
 .debug_info    0x000000000000d651      0x2b0 ../freq_meter_nios_bsp/\libhal_bsp.a(alt_release_fd.o)
 .debug_info    0x000000000000d901      0x2af ../freq_meter_nios_bsp/\libhal_bsp.a(alt_tick.o)
 .debug_info    0x000000000000dbb0       0xb8 ../freq_meter_nios_bsp/\libhal_bsp.a(altera_nios2_gen2_irq.o)
 .debug_info    0x000000000000dc68      0x2e9 ../freq_meter_nios_bsp/\libhal_bsp.a(alt_find_dev.o)
 .debug_info    0x000000000000df51      0x2e6 ../freq_meter_nios_bsp/\libhal_bsp.a(alt_find_file.o)
 .debug_info    0x000000000000e237      0x310 ../freq_meter_nios_bsp/\libhal_bsp.a(alt_get_fd.o)
 .debug_info    0x000000000000e547       0xdc ../freq_meter_nios_bsp/\libhal_bsp.a(alt_icache_flush.o)
 .debug_info    0x000000000000e623       0xe5 c:/altera/16.0/nios2eds/bin/gnu/h-x86_64-mingw32/bin/../lib/gcc/nios2-elf/5.2.0/../../../../../H-x86_64-mingw32/nios2-elf/lib\libsmallc.a(lib_a-exit.o)
 .debug_info    0x000000000000e708      0x620 c:/altera/16.0/nios2eds/bin/gnu/h-x86_64-mingw32/bin/../lib/gcc/nios2-elf/5.2.0/../../../../../H-x86_64-mingw32/nios2-elf/lib\libsmallc.a(lib_a-fputs.o)
 .debug_info    0x000000000000ed28       0xf4 c:/altera/16.0/nios2eds/bin/gnu/h-x86_64-mingw32/bin/../lib/gcc/nios2-elf/5.2.0/../../../../../H-x86_64-mingw32/nios2-elf/lib\libsmallc.a(lib_a-memcmp.o)
 .debug_info    0x000000000000ee1c      0x67b c:/altera/16.0/nios2eds/bin/gnu/h-x86_64-mingw32/bin/../lib/gcc/nios2-elf/5.2.0/../../../../../H-x86_64-mingw32/nios2-elf/lib\libsmallc.a(lib_a-__call_atexit.o)
 .debug_info    0x000000000000f497      0x116 ../freq_meter_nios_bsp/\libhal_bsp.a(alt_exit.o)

.debug_abbrev   0x0000000000000000     0x45f4
 *(.debug_abbrev)
 .debug_abbrev  0x0000000000000000       0x12 ../freq_meter_nios_bsp//obj/HAL/src/crt0.o
 .debug_abbrev  0x0000000000000012       0x4b obj/default/Source/croutine.o
 .debug_abbrev  0x000000000000005d      0x151 obj/default/Source/event_groups.o
 .debug_abbrev  0x00000000000001ae       0xd8 obj/default/Source/list.o
 .debug_abbrev  0x0000000000000286      0x21c obj/default/Source/portable/GCC/NiosII/port.o
 .debug_abbrev  0x00000000000004a2      0x106 obj/default/Source/portable/MemMang/heap_1.o
 .debug_abbrev  0x00000000000005a8      0x1b6 obj/default/Source/queue.o
 .debug_abbrev  0x000000000000075e      0x1a9 obj/default/Source/stream_buffer.o
 .debug_abbrev  0x0000000000000907      0x268 obj/default/Source/tasks.o
 .debug_abbrev  0x0000000000000b6f       0x4b obj/default/Source/timers.o
 .debug_abbrev  0x0000000000000bba      0x1bf obj/default/main.o
 .debug_abbrev  0x0000000000000d79       0x12 obj/default/Source/portable/GCC/NiosII/port_asm.o
 .debug_abbrev  0x0000000000000d8b       0xc1 c:/altera/16.0/nios2eds/bin/gnu/h-x86_64-mingw32/bin/../lib/gcc/nios2-elf/5.2.0/../../../../../H-x86_64-mingw32/nios2-elf/lib\libsmallc.a(lib_a-itoa.o)
 .debug_abbrev  0x0000000000000e4c       0x9c c:/altera/16.0/nios2eds/bin/gnu/h-x86_64-mingw32/bin/../lib/gcc/nios2-elf/5.2.0/../../../../../H-x86_64-mingw32/nios2-elf/lib\libsmallc.a(lib_a-memcpy.o)
 .debug_abbrev  0x0000000000000ee8       0x8e c:/altera/16.0/nios2eds/bin/gnu/h-x86_64-mingw32/bin/../lib/gcc/nios2-elf/5.2.0/../../../../../H-x86_64-mingw32/nios2-elf/lib\libsmallc.a(lib_a-memset.o)
 .debug_abbrev  0x0000000000000f76      0x1ee c:/altera/16.0/nios2eds/bin/gnu/h-x86_64-mingw32/bin/../lib/gcc/nios2-elf/5.2.0/../../../../../H-x86_64-mingw32/nios2-elf/lib\libsmallc.a(lib_a-printf.o)
 .debug_abbrev  0x0000000000001164      0x1d6 c:/altera/16.0/nios2eds/bin/gnu/h-x86_64-mingw32/bin/../lib/gcc/nios2-elf/5.2.0/../../../../../H-x86_64-mingw32/nios2-elf/lib\libsmallc.a(lib_a-puts.o)
 .debug_abbrev  0x000000000000133a       0x7f c:/altera/16.0/nios2eds/bin/gnu/h-x86_64-mingw32/bin/../lib/gcc/nios2-elf/5.2.0/../../../../../H-x86_64-mingw32/nios2-elf/lib\libsmallc.a(lib_a-strlen.o)
 .debug_abbrev  0x00000000000013b9      0x101 c:/altera/16.0/nios2eds/bin/gnu/h-x86_64-mingw32/bin/../lib/gcc/nios2-elf/5.2.0/../../../../../H-x86_64-mingw32/nios2-elf/lib\libsmallc.a(lib_a-utoa.o)
 .debug_abbrev  0x00000000000014ba      0x2a1 c:/altera/16.0/nios2eds/bin/gnu/h-x86_64-mingw32/bin/../lib/gcc/nios2-elf/5.2.0/../../../../../H-x86_64-mingw32/nios2-elf/lib\libsmallc.a(lib_a-vfprintf.o)
 .debug_abbrev  0x000000000000175b      0x1f3 c:/altera/16.0/nios2eds/bin/gnu/h-x86_64-mingw32/bin/../lib/gcc/nios2-elf/5.2.0/../../../../../H-x86_64-mingw32/nios2-elf/lib\libsmallc.a(lib_a-vsprintf.o)
 .debug_abbrev  0x000000000000194e      0x1bc c:/altera/16.0/nios2eds/bin/gnu/h-x86_64-mingw32/bin/../lib/gcc/nios2-elf/5.2.0/../../../../../H-x86_64-mingw32/nios2-elf/lib\libsmallc.a(lib_a-fvwrite_small_dev.o)
 .debug_abbrev  0x0000000000001b0a      0x1b5 c:/altera/16.0/nios2eds/bin/gnu/h-x86_64-mingw32/bin/../lib/gcc/nios2-elf/5.2.0/../../../../../H-x86_64-mingw32/nios2-elf/lib\libsmallc.a(lib_a-fvwrite_small_str.o)
 .debug_abbrev  0x0000000000001cbf      0x14a c:/altera/16.0/nios2eds/bin/gnu/h-x86_64-mingw32/bin/../lib/gcc/nios2-elf/5.2.0/../../../../../H-x86_64-mingw32/nios2-elf/lib\libsmallc.a(lib_a-impure.o)
 .debug_abbrev  0x0000000000001e09       0x8d c:/altera/16.0/nios2eds/bin/gnu/h-x86_64-mingw32/bin/../lib/gcc/nios2-elf/5.2.0/../../../../../H-x86_64-mingw32/nios2-elf/lib\libsmallc.a(lib_a-memmove.o)
 .debug_abbrev  0x0000000000001e96      0x2a1 c:/altera/16.0/nios2eds/bin/gnu/h-x86_64-mingw32/bin/../lib/gcc/nios2-elf/5.2.0/../../../../../H-x86_64-mingw32/nios2-elf/lib\libsmallc.a(lib_a-svfprintf.o)
 .debug_abbrev  0x0000000000002137      0x1a6 c:/altera/16.0/nios2eds/bin/gnu/h-x86_64-mingw32/bin/../lib/gcc/nios2-elf/5.2.0/../../../../../H-x86_64-mingw32/nios2-elf/lib\libsmallc.a(lib_a-writer.o)
 .debug_abbrev  0x00000000000022dd       0x37 c:/altera/16.0/nios2eds/bin/gnu/h-x86_64-mingw32/bin/../lib/gcc/nios2-elf/5.2.0/../../../../../H-x86_64-mingw32/nios2-elf/lib\libsmallc.a(lib_a-int_errno.o)
 .debug_abbrev  0x0000000000002314      0x10e c:/altera/16.0/nios2eds/bin/gnu/h-x86_64-mingw32/bin/../lib/gcc/nios2-elf/5.2.0\libgcc.a(lib2-divmod.o)
 .debug_abbrev  0x0000000000002422      0x13a ../freq_meter_nios_bsp/\libhal_bsp.a(alt_irq_handler.o)
 .debug_abbrev  0x000000000000255c       0x40 ../freq_meter_nios_bsp/\libhal_bsp.a(alt_irq_vars.o)
 .debug_abbrev  0x000000000000259c       0x9f ../freq_meter_nios_bsp/\libhal_bsp.a(alt_load.o)
 .debug_abbrev  0x000000000000263b       0xc1 ../freq_meter_nios_bsp/\libhal_bsp.a(alt_main.o)
 .debug_abbrev  0x00000000000026fc      0x1af ../freq_meter_nios_bsp/\libhal_bsp.a(alt_putstr.o)
 .debug_abbrev  0x00000000000028ab      0x133 ../freq_meter_nios_bsp/\libhal_bsp.a(alt_write.o)
 .debug_abbrev  0x00000000000029de      0x187 ../freq_meter_nios_bsp/\libhal_bsp.a(alt_sys_init.o)
 .debug_abbrev  0x0000000000002b65      0x127 ../freq_meter_nios_bsp/\libhal_bsp.a(altera_avalon_jtag_uart_fd.o)
 .debug_abbrev  0x0000000000002c8c      0x19e ../freq_meter_nios_bsp/\libhal_bsp.a(altera_avalon_jtag_uart_init.o)
 .debug_abbrev  0x0000000000002e2a      0x111 ../freq_meter_nios_bsp/\libhal_bsp.a(altera_avalon_jtag_uart_ioctl.o)
 .debug_abbrev  0x0000000000002f3b      0x1aa ../freq_meter_nios_bsp/\libhal_bsp.a(altera_avalon_jtag_uart_read.o)
 .debug_abbrev  0x00000000000030e5      0x1a8 ../freq_meter_nios_bsp/\libhal_bsp.a(altera_avalon_jtag_uart_write.o)
 .debug_abbrev  0x000000000000328d      0x162 ../freq_meter_nios_bsp/\libhal_bsp.a(alt_alarm_start.o)
 .debug_abbrev  0x00000000000033ef      0x11f ../freq_meter_nios_bsp/\libhal_bsp.a(alt_close.o)
 .debug_abbrev  0x000000000000350e       0x5a ../freq_meter_nios_bsp/\libhal_bsp.a(alt_dcache_flush_all.o)
 .debug_abbrev  0x0000000000003568       0xd9 ../freq_meter_nios_bsp/\libhal_bsp.a(alt_dev.o)
 .debug_abbrev  0x0000000000003641      0x114 ../freq_meter_nios_bsp/\libhal_bsp.a(alt_dev_llist_insert.o)
 .debug_abbrev  0x0000000000003755       0x5a ../freq_meter_nios_bsp/\libhal_bsp.a(alt_errno.o)
 .debug_abbrev  0x00000000000037af       0x42 ../freq_meter_nios_bsp/\libhal_bsp.a(alt_icache_flush_all.o)
 .debug_abbrev  0x00000000000037f1      0x114 ../freq_meter_nios_bsp/\libhal_bsp.a(alt_io_redirect.o)
 .debug_abbrev  0x0000000000003905      0x148 ../freq_meter_nios_bsp/\libhal_bsp.a(alt_open.o)
 .debug_abbrev  0x0000000000003a4d       0xde ../freq_meter_nios_bsp/\libhal_bsp.a(alt_release_fd.o)
 .debug_abbrev  0x0000000000003b2b      0x16b ../freq_meter_nios_bsp/\libhal_bsp.a(alt_tick.o)
 .debug_abbrev  0x0000000000003c96       0x67 ../freq_meter_nios_bsp/\libhal_bsp.a(altera_nios2_gen2_irq.o)
 .debug_abbrev  0x0000000000003cfd       0xf0 ../freq_meter_nios_bsp/\libhal_bsp.a(alt_find_dev.o)
 .debug_abbrev  0x0000000000003ded       0xf0 ../freq_meter_nios_bsp/\libhal_bsp.a(alt_find_file.o)
 .debug_abbrev  0x0000000000003edd      0x10d ../freq_meter_nios_bsp/\libhal_bsp.a(alt_get_fd.o)
 .debug_abbrev  0x0000000000003fea       0x8c ../freq_meter_nios_bsp/\libhal_bsp.a(alt_icache_flush.o)
 .debug_abbrev  0x0000000000004076       0x8b c:/altera/16.0/nios2eds/bin/gnu/h-x86_64-mingw32/bin/../lib/gcc/nios2-elf/5.2.0/../../../../../H-x86_64-mingw32/nios2-elf/lib\libsmallc.a(lib_a-exit.o)
 .debug_abbrev  0x0000000000004101      0x1ae c:/altera/16.0/nios2eds/bin/gnu/h-x86_64-mingw32/bin/../lib/gcc/nios2-elf/5.2.0/../../../../../H-x86_64-mingw32/nios2-elf/lib\libsmallc.a(lib_a-fputs.o)
 .debug_abbrev  0x00000000000042af       0x7f c:/altera/16.0/nios2eds/bin/gnu/h-x86_64-mingw32/bin/../lib/gcc/nios2-elf/5.2.0/../../../../../H-x86_64-mingw32/nios2-elf/lib\libsmallc.a(lib_a-memcmp.o)
 .debug_abbrev  0x000000000000432e      0x1f6 c:/altera/16.0/nios2eds/bin/gnu/h-x86_64-mingw32/bin/../lib/gcc/nios2-elf/5.2.0/../../../../../H-x86_64-mingw32/nios2-elf/lib\libsmallc.a(lib_a-__call_atexit.o)
 .debug_abbrev  0x0000000000004524       0xd0 ../freq_meter_nios_bsp/\libhal_bsp.a(alt_exit.o)

.debug_line     0x0000000000000000     0x5f55
 *(.debug_line)
 .debug_line    0x0000000000000000       0x72 ../freq_meter_nios_bsp//obj/HAL/src/crt0.o
 .debug_line    0x0000000000000072       0x85 obj/default/Source/croutine.o
 .debug_line    0x00000000000000f7      0x284 obj/default/Source/event_groups.o
 .debug_line    0x000000000000037b      0x1dc obj/default/Source/list.o
 .debug_line    0x0000000000000557      0x2a5 obj/default/Source/portable/GCC/NiosII/port.o
 .debug_line    0x00000000000007fc      0x1eb obj/default/Source/portable/MemMang/heap_1.o
 .debug_line    0x00000000000009e7      0x509 obj/default/Source/queue.o
 .debug_line    0x0000000000000ef0      0x3b7 obj/default/Source/stream_buffer.o
 .debug_line    0x00000000000012a7      0x8db obj/default/Source/tasks.o
 .debug_line    0x0000000000001b82       0x85 obj/default/Source/timers.o
 .debug_line    0x0000000000001c07      0x3b1 obj/default/main.o
 .debug_line    0x0000000000001fb8       0xe5 obj/default/Source/portable/GCC/NiosII/port_asm.o
 .debug_line    0x000000000000209d      0x104 c:/altera/16.0/nios2eds/bin/gnu/h-x86_64-mingw32/bin/../lib/gcc/nios2-elf/5.2.0/../../../../../H-x86_64-mingw32/nios2-elf/lib\libsmallc.a(lib_a-itoa.o)
 .debug_line    0x00000000000021a1      0x15b c:/altera/16.0/nios2eds/bin/gnu/h-x86_64-mingw32/bin/../lib/gcc/nios2-elf/5.2.0/../../../../../H-x86_64-mingw32/nios2-elf/lib\libsmallc.a(lib_a-memcpy.o)
 .debug_line    0x00000000000022fc      0x15a c:/altera/16.0/nios2eds/bin/gnu/h-x86_64-mingw32/bin/../lib/gcc/nios2-elf/5.2.0/../../../../../H-x86_64-mingw32/nios2-elf/lib\libsmallc.a(lib_a-memset.o)
 .debug_line    0x0000000000002456      0x200 c:/altera/16.0/nios2eds/bin/gnu/h-x86_64-mingw32/bin/../lib/gcc/nios2-elf/5.2.0/../../../../../H-x86_64-mingw32/nios2-elf/lib\libsmallc.a(lib_a-printf.o)
 .debug_line    0x0000000000002656      0x203 c:/altera/16.0/nios2eds/bin/gnu/h-x86_64-mingw32/bin/../lib/gcc/nios2-elf/5.2.0/../../../../../H-x86_64-mingw32/nios2-elf/lib\libsmallc.a(lib_a-puts.o)
 .debug_line    0x0000000000002859      0x159 c:/altera/16.0/nios2eds/bin/gnu/h-x86_64-mingw32/bin/../lib/gcc/nios2-elf/5.2.0/../../../../../H-x86_64-mingw32/nios2-elf/lib\libsmallc.a(lib_a-strlen.o)
 .debug_line    0x00000000000029b2      0x134 c:/altera/16.0/nios2eds/bin/gnu/h-x86_64-mingw32/bin/../lib/gcc/nios2-elf/5.2.0/../../../../../H-x86_64-mingw32/nios2-elf/lib\libsmallc.a(lib_a-utoa.o)
 .debug_line    0x0000000000002ae6      0x34f c:/altera/16.0/nios2eds/bin/gnu/h-x86_64-mingw32/bin/../lib/gcc/nios2-elf/5.2.0/../../../../../H-x86_64-mingw32/nios2-elf/lib\libsmallc.a(lib_a-vfprintf.o)
 .debug_line    0x0000000000002e35      0x200 c:/altera/16.0/nios2eds/bin/gnu/h-x86_64-mingw32/bin/../lib/gcc/nios2-elf/5.2.0/../../../../../H-x86_64-mingw32/nios2-elf/lib\libsmallc.a(lib_a-vsprintf.o)
 .debug_line    0x0000000000003035      0x1ed c:/altera/16.0/nios2eds/bin/gnu/h-x86_64-mingw32/bin/../lib/gcc/nios2-elf/5.2.0/../../../../../H-x86_64-mingw32/nios2-elf/lib\libsmallc.a(lib_a-fvwrite_small_dev.o)
 .debug_line    0x0000000000003222      0x1fb c:/altera/16.0/nios2eds/bin/gnu/h-x86_64-mingw32/bin/../lib/gcc/nios2-elf/5.2.0/../../../../../H-x86_64-mingw32/nios2-elf/lib\libsmallc.a(lib_a-fvwrite_small_str.o)
 .debug_line    0x000000000000341d      0x153 c:/altera/16.0/nios2eds/bin/gnu/h-x86_64-mingw32/bin/../lib/gcc/nios2-elf/5.2.0/../../../../../H-x86_64-mingw32/nios2-elf/lib\libsmallc.a(lib_a-impure.o)
 .debug_line    0x0000000000003570      0x168 c:/altera/16.0/nios2eds/bin/gnu/h-x86_64-mingw32/bin/../lib/gcc/nios2-elf/5.2.0/../../../../../H-x86_64-mingw32/nios2-elf/lib\libsmallc.a(lib_a-memmove.o)