Archive member included to satisfy reference by file (symbol)

c:/altera/16.0/nios2eds/bin/gnu/h-x86_64-mingw32/bin/../lib/gcc/nios2-elf/5.2.0/../../../../../H-x86_64-mingw32/nios2-elf/lib\libsmallc.a(lib_a-memcpy.o)
                              obj/default/Source/queue.o (memcpy)
c:/altera/16.0/nios2eds/bin/gnu/h-x86_64-mingw32/bin/../lib/gcc/nios2-elf/5.2.0/../../../../../H-x86_64-mingw32/nios2-elf/lib\libsmallc.a(lib_a-memset.o)
                              obj/default/Source/stream_buffer.o (memset)
c:/altera/16.0/nios2eds/bin/gnu/h-x86_64-mingw32/bin/../lib/gcc/nios2-elf/5.2.0/../../../../../H-x86_64-mingw32/nios2-elf/lib\libsmallc.a(lib_a-puts.o)
                              obj/default/main.o (puts)
c:/altera/16.0/nios2eds/bin/gnu/h-x86_64-mingw32/bin/../lib/gcc/nios2-elf/5.2.0/../../../../../H-x86_64-mingw32/nios2-elf/lib\libsmallc.a(lib_a-strlen.o)
                              obj/default/main.o (strlen)
c:/altera/16.0/nios2eds/bin/gnu/h-x86_64-mingw32/bin/../lib/gcc/nios2-elf/5.2.0/../../../../../H-x86_64-mingw32/nios2-elf/lib\libsmallc.a(lib_a-vsprintf.o)
                              obj/default/main.o (vsprintf)
c:/altera/16.0/nios2eds/bin/gnu/h-x86_64-mingw32/bin/../lib/gcc/nios2-elf/5.2.0/../../../../../H-x86_64-mingw32/nios2-elf/lib\libsmallc.a(lib_a-fvwrite_small_dev.o)
                              c:/altera/16.0/nios2eds/bin/gnu/h-x86_64-mingw32/bin/../lib/gcc/nios2-elf/5.2.0/../../../../../H-x86_64-mingw32/nios2-elf/lib\libsmallc.a(lib_a-puts.o) (__sfvwrite_small_dev)
c:/altera/16.0/nios2eds/bin/gnu/h-x86_64-mingw32/bin/../lib/gcc/nios2-elf/5.2.0/../../../../../H-x86_64-mingw32/nios2-elf/lib\libsmallc.a(lib_a-fvwrite_small_str.o)
                              c:/altera/16.0/nios2eds/bin/gnu/h-x86_64-mingw32/bin/../lib/gcc/nios2-elf/5.2.0/../../../../../H-x86_64-mingw32/nios2-elf/lib\libsmallc.a(lib_a-vsprintf.o) (__sfvwrite_small_str)
c:/altera/16.0/nios2eds/bin/gnu/h-x86_64-mingw32/bin/../lib/gcc/nios2-elf/5.2.0/../../../../../H-x86_64-mingw32/nios2-elf/lib\libsmallc.a(lib_a-impure.o)
                              c:/altera/16.0/nios2eds/bin/gnu/h-x86_64-mingw32/bin/../lib/gcc/nios2-elf/5.2.0/../../../../../H-x86_64-mingw32/nios2-elf/lib\libsmallc.a(lib_a-puts.o) (_impure_ptr)
c:/altera/16.0/nios2eds/bin/gnu/h-x86_64-mingw32/bin/../lib/gcc/nios2-elf/5.2.0/../../../../../H-x86_64-mingw32/nios2-elf/lib\libsmallc.a(lib_a-memmove.o)
                              c:/altera/16.0/nios2eds/bin/gnu/h-x86_64-mingw32/bin/../lib/gcc/nios2-elf/5.2.0/../../../../../H-x86_64-mingw32/nios2-elf/lib\libsmallc.a(lib_a-fvwrite_small_str.o) (memmove)
c:/altera/16.0/nios2eds/bin/gnu/h-x86_64-mingw32/bin/../lib/gcc/nios2-elf/5.2.0/../../../../../H-x86_64-mingw32/nios2-elf/lib\libsmallc.a(lib_a-svfprintf.o)
                              c:/altera/16.0/nios2eds/bin/gnu/h-x86_64-mingw32/bin/../lib/gcc/nios2-elf/5.2.0/../../../../../H-x86_64-mingw32/nios2-elf/lib\libsmallc.a(lib_a-vsprintf.o) (___svfprintf_internal_r)
c:/altera/16.0/nios2eds/bin/gnu/h-x86_64-mingw32/bin/../lib/gcc/nios2-elf/5.2.0/../../../../../H-x86_64-mingw32/nios2-elf/lib\libsmallc.a(lib_a-writer.o)
                              c:/altera/16.0/nios2eds/bin/gnu/h-x86_64-mingw32/bin/../lib/gcc/nios2-elf/5.2.0/../../../../../H-x86_64-mingw32/nios2-elf/lib\libsmallc.a(lib_a-fvwrite_small_dev.o) (_write_r)
c:/altera/16.0/nios2eds/bin/gnu/h-x86_64-mingw32/bin/../lib/gcc/nios2-elf/5.2.0/../../../../../H-x86_64-mingw32/nios2-elf/lib\libsmallc.a(lib_a-int_errno.o)
                              c:/altera/16.0/nios2eds/bin/gnu/h-x86_64-mingw32/bin/../lib/gcc/nios2-elf/5.2.0/../../../../../H-x86_64-mingw32/nios2-elf/lib\libsmallc.a(lib_a-writer.o) (errno)
c:/altera/16.0/nios2eds/bin/gnu/h-x86_64-mingw32/bin/../lib/gcc/nios2-elf/5.2.0\libgcc.a(lib2-divmod.o)
                              c:/altera/16.0/nios2eds/bin/gnu/h-x86_64-mingw32/bin/../lib/gcc/nios2-elf/5.2.0/../../../../../H-x86_64-mingw32/nios2-elf/lib\libsmallc.a(lib_a-svfprintf.o) (__udivsi3)
../freq_meter_nios_bsp/\libhal_bsp.a(alt_irq_handler.o)
                              obj/default/Source/portable/GCC/NiosII/port.o (alt_irq)
../freq_meter_nios_bsp/\libhal_bsp.a(alt_irq_vars.o)
                              obj/default/Source/portable/GCC/NiosII/port.o (alt_irq_active)
../freq_meter_nios_bsp/\libhal_bsp.a(alt_load.o)
                              ../freq_meter_nios_bsp//obj/HAL/src/crt0.o (alt_load)
../freq_meter_nios_bsp/\libhal_bsp.a(alt_main.o)
                              ../freq_meter_nios_bsp//obj/HAL/src/crt0.o (alt_main)
../freq_meter_nios_bsp/\libhal_bsp.a(alt_putstr.o)
                              obj/default/main.o (alt_putstr)
../freq_meter_nios_bsp/\libhal_bsp.a(alt_write.o)
                              c:/altera/16.0/nios2eds/bin/gnu/h-x86_64-mingw32/bin/../lib/gcc/nios2-elf/5.2.0/../../../../../H-x86_64-mingw32/nios2-elf/lib\libsmallc.a(lib_a-writer.o) (write)
../freq_meter_nios_bsp/\libhal_bsp.a(alt_sys_init.o)
[...]
Memory Configuration

Name             Origin             Length             Attributes
reset            0x0000000000800000 0x0000000000000020
sdram            0x0000000000800020 0x00000000007fffe0
onchip_memory2_0 0x0000000001080000 0x0000000000055730
*default*        0x0000000000000000 0xffffffffffffffff

Linker script and memory map

LOAD ../freq_meter_nios_bsp//obj/HAL/src/crt0.o
LOAD obj/default/Source/croutine.o
LOAD obj/default/Source/event_groups.o
LOAD obj/default/Source/list.o
LOAD obj/default/Source/portable/GCC/NiosII/port.o
LOAD obj/default/Source/portable/MemMang/heap_1.o
LOAD obj/default/Source/queue.o
LOAD obj/default/Source/stream_buffer.o
LOAD obj/default/Source/tasks.o
LOAD obj/default/Source/timers.o
LOAD obj/default/main.o
LOAD obj/default/Source/portable/GCC/NiosII/port_asm.o
LOAD c:/altera/16.0/nios2eds/bin/gnu/h-x86_64-mingw32/bin/../lib/gcc/nios2-elf/5.2.0/../../../../../H-x86_64-mingw32/nios2-elf/lib\libstdc++.a
LOAD c:/altera/16.0/nios2eds/bin/gnu/h-x86_64-mingw32/bin/../lib/gcc/nios2-elf/5.2.0/../../../../../H-x86_64-mingw32/nios2-elf/lib\libm.a
LOAD c:/altera/16.0/nios2eds/bin/gnu/h-x86_64-mingw32/bin/../lib/gcc/nios2-elf/5.2.0\libgcc.a
START GROUP
LOAD c:/altera/16.0/nios2eds/bin/gnu/h-x86_64-mingw32/bin/../lib/gcc/nios2-elf/5.2.0/../../../../../H-x86_64-mingw32/nios2-elf/lib\libsmallc.a
LOAD c:/altera/16.0/nios2eds/bin/gnu/h-x86_64-mingw32/bin/../lib/gcc/nios2-elf/5.2.0\libgcc.a
LOAD ../freq_meter_nios_bsp/\libhal_bsp.a
LOAD c:/altera/16.0/nios2eds/bin/gnu/h-x86_64-mingw32/bin/../lib/gcc/nios2-elf/5.2.0/../../../../../H-x86_64-mingw32/nios2-elf/lib\libm.a
END GROUP
LOAD c:/altera/16.0/nios2eds/bin/gnu/h-x86_64-mingw32/bin/../lib/gcc/nios2-elf/5.2.0\libgcc.a
                0x0000000000800000                __alt_mem_sdram = 0x800000
                0x0000000001080000                __alt_mem_onchip_memory2_0 = 0x1080000

.entry          0x0000000000800000       0x20
 *(.entry)
 .entry         0x0000000000800000       0x20 ../freq_meter_nios_bsp//obj/HAL/src/crt0.o
                0x0000000000800000                __reset

.exceptions     0x0000000000800020      0x234
                0x0000000000800020                PROVIDE (__ram_exceptions_start, ABSOLUTE (.))
                0x0000000000800020                . = ALIGN (0x20)
 *(.irq)
 *(.exceptions.entry.label)
 *(.exceptions.entry.user)
 *(.exceptions.entry.ecc_fatal)
 *(.exceptions.entry)
 .exceptions.entry
                0x0000000000800020       0x8c obj/default/Source/portable/GCC/NiosII/port_asm.o
 *(.exceptions.irqtest.user)
 *(.exceptions.irqtest)
 .exceptions.irqtest
                0x00000000008000ac       0x14 obj/default/Source/portable/GCC/NiosII/port_asm.o
 *(.exceptions.irqhandler.user)
 *(.exceptions.irqhandler)
 .exceptions.irqhandler
                0x00000000008000c0        0x4 obj/default/Source/portable/GCC/NiosII/port_asm.o
 *(.exceptions.irqreturn.user)
 *(.exceptions.irqreturn)
 .exceptions.irqreturn
                0x00000000008000c4       0x8c obj/default/Source/portable/GCC/NiosII/port_asm.o
                0x00000000008000c4                restore_sp_from_pxCurrentTCB
 *(.exceptions.notirq.label)
 *(.exceptions.notirq.user)
 *(.exceptions.notirq)
 *(.exceptions.soft.user)
 *(.exceptions.soft)
 .exceptions.soft
                0x0000000000800150       0x2c obj/default/Source/portable/GCC/NiosII/port_asm.o
 *(.exceptions.unknown.user)
 *(.exceptions.unknown)
 *(.exceptions.exit.label)
 *(.exceptions.exit.user)
 *(.exceptions.exit)
 *(.exceptions)
 .exceptions    0x000000000080017c       0xd8 ../freq_meter_nios_bsp/\libhal_bsp.a(alt_irq_handler.o)
                0x000000000080017c                alt_irq_handler
                0x0000000000800254                PROVIDE (__ram_exceptions_end, ABSOLUTE (.))
                0x0000000000800020                PROVIDE (__flash_exceptions_start, LOADADDR (.exceptions))

.text           0x0000000000800254     0x8b64
                [!provide]                        PROVIDE (stext, ABSOLUTE (.))
 *(.interp)
 *(.hash)
 *(.dynsym)
 *(.dynstr)
 *(.gnu.version)
 *(.gnu.version_d)
 *(.gnu.version_r)
 *(.rel.init)
 *(.rela.init)
 *(.rel.text .rel.text.* .rel.gnu.linkonce.t.*)
 *(.rela.text .rela.text.* .rela.gnu.linkonce.t.*)
 *(.rel.fini)
 *(.rela.fini)
 *(.rel.rodata .rel.rodata.* .rel.gnu.linkonce.r.*)
 *(.rela.rodata .rela.rodata.* .rela.gnu.linkonce.r.*)
 *(.rel.data .rel.data.* .rel.gnu.linkonce.d.*)
 *(.rela.data .rela.data.* .rela.gnu.linkonce.d.*)
 *(.rel.tdata .rel.tdata.* .rel.gnu.linkonce.td.*)
 *(.rela.tdata .rela.tdata.* .rela.gnu.linkonce.td.*)
 *(.rel.tbss .rel.tbss.* .rel.gnu.linkonce.tb.*)
 *(.rela.tbss .rela.tbss.* .rela.gnu.linkonce.tb.*)
 *(.rel.ctors)
 *(.rela.ctors)
 *(.rel.dtors)
 *(.rela.dtors)
 *(.rel.got)
 *(.rela.got)
 *(.rel.sdata .rel.sdata.* .rel.gnu.linkonce.s.*)
 *(.rela.sdata .rela.sdata.* .rela.gnu.linkonce.s.*)
 *(.rel.sbss .rel.sbss.* .rel.gnu.linkonce.sb.*)
 *(.rela.sbss .rela.sbss.* .rela.gnu.linkonce.sb.*)
 *(.rel.sdata2 .rel.sdata2.* .rel.gnu.linkonce.s2.*)
 *(.rela.sdata2 .rela.sdata2.* .rela.gnu.linkonce.s2.*)
 *(.rel.sbss2 .rel.sbss2.* .rel.gnu.linkonce.sb2.*)
 *(.rela.sbss2 .rela.sbss2.* .rela.gnu.linkonce.sb2.*)
 *(.rel.bss .rel.bss.* .rel.gnu.linkonce.b.*)
 *(.rela.bss .rela.bss.* .rela.gnu.linkonce.b.*)
 *(.rel.plt)
 *(.rela.plt)
 *(.rel.dyn)
 *(.init)
 *(.plt)
 *(.text .stub .text.* .gnu.linkonce.t.*)
 .text          0x0000000000800254       0x4c ../freq_meter_nios_bsp//obj/HAL/src/crt0.o
                0x0000000000800254                _start
 .text          0x00000000008002a0        0x0 obj/default/Source/croutine.o
 .text          0x00000000008002a0      0x700 obj/default/Source/event_groups.o
                0x00000000008002a0                xEventGroupCreate
                0x00000000008002f4                xEventGroupSync
                0x0000000000800478                xEventGroupWaitBits
                0x0000000000800620                xEventGroupClearBits
                0x0000000000800688                xEventGroupGetBitsFromISR
                0x00000000008006c4                xEventGroupSetBits
                0x0000000000800844                vEventGroupDelete
                0x00000000008008b8                vEventGroupSetBitsCallback
                0x00000000008008f4                vEventGroupClearBitsCallback
 .text          0x00000000008009a0      0x290 obj/default/Source/list.o
                0x00000000008009a0                vListInitialise
                0x0000000000800a08                vListInitialiseItem
                0x0000000000800a34                vListInsertEnd
                0x0000000000800ac0                vListInsert
                0x0000000000800b98                uxListRemove
 .text          0x0000000000800c30      0x3ec obj/default/Source/portable/GCC/NiosII/port.o
                0x0000000000800c5c                pxPortInitialiseStack
                0x0000000000800d3c                xPortStartScheduler
                0x0000000000800d74                vPortEndScheduler
                0x0000000000800e30                vPortSysTickHandler
                0x0000000000800e7c                alt_irq_register
 .text          0x000000000080101c      0x134 obj/default/Source/portable/MemMang/heap_1.o
                0x000000000080101c                pvPortMalloc
                0x00000000008010dc                vPortFree
                0x0000000000801100                vPortInitialiseBlocks
                0x0000000000801124                xPortGetFreeHeapSize
 .text          0x0000000000801150     0x1470 obj/default/Source/queue.o
                0x0000000000801150                xQueueGenericReset
                0x0000000000801264                xQueueGenericCreate
                0x00000000008013e0                xQueueCreateMutex
                0x000000000080143c                xQueueGiveMutexRecursive
                0x00000000008014cc                xQueueTakeMutexRecursive
                0x0000000000801568                xQueueCreateCountingSemaphore
                0x00000000008015c0                xQueueGenericSend
                0x0000000000801774                xQueueGenericSendFromISR
                0x0000000000801868                xQueueGiveFromISR
                0x0000000000801944                xQueueReceive
                0x0000000000801aec                xQueueSemaphoreTake
                0x0000000000801cfc                xQueuePeek
                0x0000000000801eac                xQueueReceiveFromISR
                0x0000000000801f90                xQueuePeekFromISR
                0x000000000080200c                uxQueueMessagesWaiting
                0x000000000080204c                uxQueueSpacesAvailable
                0x00000000008020a0                uxQueueMessagesWaitingFromISR
                0x00000000008020d8                vQueueDelete
                0x00000000008024d0                xQueueIsQueueEmptyFromISR
                0x0000000000802570                xQueueIsQueueFullFromISR
 .text          0x00000000008025c0      0xea4 obj/default/Source/stream_buffer.o
                0x00000000008025c0                xStreamBufferGenericCreate
                0x000000000080266c                vStreamBufferDelete
                0x00000000008026d0                xStreamBufferReset
                0x000000000080276c                xStreamBufferSetTriggerLevel
                0x00000000008027d8                xStreamBufferSpacesAvailable
                0x0000000000802860                xStreamBufferBytesAvailable
                0x00000000008028a0                xStreamBufferSend
                0x0000000000802a28                xStreamBufferSendFromISR
                0x0000000000802bec                xStreamBufferReceive
                0x0000000000802d44                xStreamBufferNextMessageLengthBytes
                0x0000000000802dec                xStreamBufferReceiveFromISR
                0x0000000000802f8c                xStreamBufferIsEmpty
                0x0000000000802fe4                xStreamBufferIsFull
                0x0000000000803060                xStreamBufferSendCompletedFromISR
                0x00000000008030e4                xStreamBufferReceiveCompletedFromISR
 .text          0x0000000000803464     0x24ec obj/default/Source/tasks.o
                0x0000000000803464                xTaskCreate
                0x000000000080382c                vTaskDelete
                0x0000000000803914                vTaskDelayUntil
                0x0000000000803a04                vTaskDelay
                0x0000000000803a60                uxTaskPriorityGet
                0x0000000000803ab8                uxTaskPriorityGetFromISR
                0x0000000000803b04                vTaskPrioritySet
                0x0000000000803ca8                vTaskSuspend
                0x0000000000803e10                vTaskResume
                0x0000000000803edc                xTaskResumeFromISR
                0x0000000000803fbc                vTaskStartScheduler
                0x000000000080404c                vTaskEndScheduler
                0x0000000000804094                vTaskSuspendAll
                0x00000000008040c0                xTaskResumeAll
                0x0000000000804218                xTaskGetTickCount
                0x0000000000804240                xTaskGetTickCountFromISR
                0x000000000080426c                uxTaskGetNumberOfTasks
                0x000000000080428c                pcTaskGetName
                0x00000000008042cc                xTaskCatchUpTicks
                0x0000000000804318                xTaskIncrementTick
                0x00000000008044c8                vTaskSwitchContext
                0x00000000008045a0                vTaskPlaceOnEventList
                0x00000000008045f0                vTaskPlaceOnUnorderedEventList
                0x0000000000804654                xTaskRemoveFromEventList
                0x0000000000804748                vTaskRemoveFromUnorderedEventList
                0x0000000000804810                vTaskSetTimeOutState
                0x000000000080485c                vTaskInternalSetTimeOutState
                0x0000000000804898                xTaskCheckForTimeOut
                0x0000000000804978                vTaskMissedYield
                0x0000000000804b58                uxTaskGetStackHighWaterMark
                0x0000000000804c50                xTaskGetCurrentTaskHandle
                0x0000000000804c78                xTaskPriorityInherit
                0x0000000000804db8                xTaskPriorityDisinherit
                0x0000000000804eb4                vTaskPriorityDisinheritAfterTimeout
                0x0000000000804ff4                vTaskEnterCritical
                0x0000000000805048                vTaskExitCritical
                0x00000000008050a8                uxTaskResetEventItemValue
                0x00000000008050ec                pvTaskIncrementMutexHeldCount
                0x0000000000805124                ulTaskNotifyTake
                0x00000000008051d4                xTaskNotifyWait
                0x00000000008052c8                xTaskGenericNotify
                0x0000000000805474                xTaskGenericNotifyFromISR
                0x0000000000805658                vTaskNotifyGiveFromISR
                0x0000000000805778                xTaskNotifyStateClear
                0x00000000008057f0                ulTaskNotifyValueClear
 .text          0x0000000000805950        0x0 obj/default/Source/timers.o
 .text          0x0000000000805950      0xc40 obj/default/main.o
                0x0000000000805b08                hd44780_clear
                0x0000000000805b9c                hd44780_home
                0x0000000000805c30                hd44780_display
                0x0000000000805d04                hd44780_position
                0x0000000000805df0                hd44780_cgram
                0x0000000000805f20                hd44780_put
                0x0000000000805fb8                hd44780_print
                0x0000000000806054                hd44780_printf
                0x0000000000806110                hd44780_init
                0x000000000080627c                sayHello
                0x0000000000806364                sayInBitween
                0x00000000008063c4                task_lcd_write
                0x0000000000806470                main
 .text          0x0000000000806590        0x0 obj/default/Source/portable/GCC/NiosII/port_asm.o
 .text          0x0000000000806590        0x0 c:/altera/16.0/nios2eds/bin/gnu/h-x86_64-mingw32/bin/../lib/gcc/nios2-elf/5.2.0/../../../../../H-x86_64-mingw32/nios2-elf/lib\libsmallc.a(lib_a-memcpy.o)
 .text.memcpy   0x0000000000806590       0x28 c:/altera/16.0/nios2eds/bin/gnu/h-x86_64-mingw32/bin/../lib/gcc/nios2-elf/5.2.0/../../../../../H-x86_64-mingw32/nios2-elf/lib\libsmallc.a(lib_a-memcpy.o)
                0x0000000000806590                memcpy
 .text          0x00000000008065b8        0x0 c:/altera/16.0/nios2eds/bin/gnu/h-x86_64-mingw32/bin/../lib/gcc/nios2-elf/5.2.0/../../../../../H-x86_64-mingw32/nios2-elf/lib\libsmallc.a(lib_a-memset.o)
 .text.memset   0x00000000008065b8       0x20 c:/altera/16.0/nios2eds/bin/gnu/h-x86_64-mingw32/bin/../lib/gcc/nios2-elf/5.2.0/../../../../../H-x86_64-mingw32/nios2-elf/lib\libsmallc.a(lib_a-memset.o)
                0x00000000008065b8                memset
 .text          0x00000000008065d8        0x0 c:/altera/16.0/nios2eds/bin/gnu/h-x86_64-mingw32/bin/../lib/gcc/nios2-elf/5.2.0/../../../../../H-x86_64-mingw32/nios2-elf/lib\libsmallc.a(lib_a-puts.o)
 .text._puts_r  0x00000000008065d8       0x80 c:/altera/16.0/nios2eds/bin/gnu/h-x86_64-mingw32/bin/../lib/gcc/nios2-elf/5.2.0/../../../../../H-x86_64-mingw32/nios2-elf/lib\libsmallc.a(lib_a-puts.o)
                0x00000000008065d8                _puts_r
 .text.puts     0x0000000000806658       0x14 c:/altera/16.0/nios2eds/bin/gnu/h-x86_64-mingw32/bin/../lib/gcc/nios2-elf/5.2.0/../../../../../H-x86_64-mingw32/nios2-elf/lib\libsmallc.a(lib_a-puts.o)
                0x0000000000806658                puts
 .text          0x000000000080666c        0x0 c:/altera/16.0/nios2eds/bin/gnu/h-x86_64-mingw32/bin/../lib/gcc/nios2-elf/5.2.0/../../../../../H-x86_64-mingw32/nios2-elf/lib\libsmallc.a(lib_a-strlen.o)
 .text.strlen   0x000000000080666c       0x1c c:/altera/16.0/nios2eds/bin/gnu/h-x86_64-mingw32/bin/../lib/gcc/nios2-elf/5.2.0/../../../../../H-x86_64-mingw32/nios2-elf/lib\libsmallc.a(lib_a-strlen.o)
                0x000000000080666c                strlen
 .text          0x0000000000806688        0x0 c:/altera/16.0/nios2eds/bin/gnu/h-x86_64-mingw32/bin/../lib/gcc/nios2-elf/5.2.0/../../../../../H-x86_64-mingw32/nios2-elf/lib\libsmallc.a(lib_a-vsprintf.o)
 .text._vsprintf_r
                0x0000000000806688       0x5c c:/altera/16.0/nios2eds/bin/gnu/h-x86_64-mingw32/bin/../lib/gcc/nios2-elf/5.2.0/../../../../../H-x86_64-mingw32/nios2-elf/lib\libsmallc.a(lib_a-vsprintf.o)
                0x0000000000806688                _vsprintf_r
 .text.vsprintf
                0x00000000008066e4       0x1c c:/altera/16.0/nios2eds/bin/gnu/h-x86_64-mingw32/bin/../lib/gcc/nios2-elf/5.2.0/../../../../../H-x86_64-mingw32/nios2-elf/lib\libsmallc.a(lib_a-vsprintf.o)
                0x00000000008066e4                vsprintf
 .text          0x0000000000806700        0x0 c:/altera/16.0/nios2eds/bin/gnu/h-x86_64-mingw32/bin/../lib/gcc/nios2-elf/5.2.0/../../../../../H-x86_64-mingw32/nios2-elf/lib\libsmallc.a(lib_a-fvwrite_small_dev.o)
 .text.__sfvwrite_small_dev
                0x0000000000806700       0xb8 c:/altera/16.0/nios2eds/bin/gnu/h-x86_64-mingw32/bin/../lib/gcc/nios2-elf/5.2.0/../../../../../H-x86_64-mingw32/nios2-elf/lib\libsmallc.a(lib_a-fvwrite_small_dev.o)
                0x0000000000806700                __sfvwrite_small_dev
 .text          0x00000000008067b8        0x0 c:/altera/16.0/nios2eds/bin/gnu/h-x86_64-mingw32/bin/../lib/gcc/nios2-elf/5.2.0/../../../../../H-x86_64-mingw32/nios2-elf/lib\libsmallc.a(lib_a-fvwrite_small_str.o)
 .text.__sfvwrite_small_str
                0x00000000008067b8       0xa8 c:/altera/16.0/nios2eds/bin/gnu/h-x86_64-mingw32/bin/../lib/gcc/nios2-elf/5.2.0/../../../../../H-x86_64-mingw32/nios2-elf/lib\libsmallc.a(lib_a-fvwrite_small_str.o)
                0x00000000008067b8                __sfvwrite_small_str
 .text          0x0000000000806860        0x0 c:/altera/16.0/nios2eds/bin/gnu/h-x86_64-mingw32/bin/../lib/gcc/nios2-elf/5.2.0/../../../../../H-x86_64-mingw32/nios2-elf/lib\libsmallc.a(lib_a-impure.o)
 .text          0x0000000000806860        0x0 c:/altera/16.0/nios2eds/bin/gnu/h-x86_64-mingw32/bin/../lib/gcc/nios2-elf/5.2.0/../../../../../H-x86_64-mingw32/nios2-elf/lib\libsmallc.a(lib_a-memmove.o)
 .text.memmove  0x0000000000806860       0x60 c:/altera/16.0/nios2eds/bin/gnu/h-x86_64-mingw32/bin/../lib/gcc/nios2-elf/5.2.0/../../../../../H-x86_64-mingw32/nios2-elf/lib\libsmallc.a(lib_a-memmove.o)
                0x0000000000806860                memmove
 .text          0x00000000008068c0        0x0 c:/altera/16.0/nios2eds/bin/gnu/h-x86_64-mingw32/bin/../lib/gcc/nios2-elf/5.2.0/../../../../../H-x86_64-mingw32/nios2-elf/lib\libsmallc.a(lib_a-svfprintf.o)
 .text.print_repeat
                0x00000000008068c0       0x6c c:/altera/16.0/nios2eds/bin/gnu/h-x86_64-mingw32/bin/../lib/gcc/nios2-elf/5.2.0/../../../../../H-x86_64-mingw32/nios2-elf/lib\libsmallc.a(lib_a-svfprintf.o)
 .text.___svfprintf_internal_r
                0x000000000080692c      0x524 c:/altera/16.0/nios2eds/bin/gnu/h-x86_64-mingw32/bin/../lib/gcc/nios2-elf/5.2.0/../../../../../H-x86_64-mingw32/nios2-elf/lib\libsmallc.a(lib_a-svfprintf.o)
                0x000000000080692c                ___svfprintf_internal_r
 .text.__vfprintf_internal_unused
                0x0000000000806e50       0x1c c:/altera/16.0/nios2eds/bin/gnu/h-x86_64-mingw32/bin/../lib/gcc/nios2-elf/5.2.0/../../../../../H-x86_64-mingw32/nios2-elf/lib\libsmallc.a(lib_a-svfprintf.o)
                0x0000000000806e50                __vfprintf_internal_unused
 .text          0x0000000000806e6c        0x0 c:/altera/16.0/nios2eds/bin/gnu/h-x86_64-mingw32/bin/../lib/gcc/nios2-elf/5.2.0/../../../../../H-x86_64-mingw32/nios2-elf/lib\libsmallc.a(lib_a-writer.o)
 .text._write_r
                0x0000000000806e6c       0x58 c:/altera/16.0/nios2eds/bin/gnu/h-x86_64-mingw32/bin/../lib/gcc/nios2-elf/5.2.0/../../../../../H-x86_64-mingw32/nios2-elf/lib\libsmallc.a(lib_a-writer.o)
                0x0000000000806e6c                _write_r
 .text          0x0000000000806ec4        0x0 c:/altera/16.0/nios2eds/bin/gnu/h-x86_64-mingw32/bin/../lib/gcc/nios2-elf/5.2.0/../../../../../H-x86_64-mingw32/nios2-elf/lib\libsmallc.a(lib_a-int_errno.o)
 .text          0x0000000000806ec4      0x1b4 c:/altera/16.0/nios2eds/bin/gnu/h-x86_64-mingw32/bin/../lib/gcc/nios2-elf/5.2.0\libgcc.a(lib2-divmod.o)
                0x0000000000806ec4                __divsi3
                0x0000000000806f48                __modsi3
                0x0000000000806fbc                __udivsi3
                0x0000000000807020                __umodsi3
 .text          0x0000000000807078        0x0 ../freq_meter_nios_bsp/\libhal_bsp.a(alt_irq_handler.o)
 .text          0x0000000000807078        0x0 ../freq_meter_nios_bsp/\libhal_bsp.a(alt_irq_vars.o)
 .text          0x0000000000807078       0xec ../freq_meter_nios_bsp/\libhal_bsp.a(alt_load.o)
                0x00000000008070e0                alt_load
 .text          0x0000000000807164       0x6c ../freq_meter_nios_bsp/\libhal_bsp.a(alt_main.o)
                0x0000000000807164                alt_main
 .text          0x00000000008071d0       0x44 ../freq_meter_nios_bsp/\libhal_bsp.a(alt_putstr.o)
                0x00000000008071d0                alt_putstr
 .text          0x0000000000807214      0x148 ../freq_meter_nios_bsp/\libhal_bsp.a(alt_write.o)
                0x0000000000807264                write
 .text          0x000000000080735c       0xbc ../freq_meter_nios_bsp/\libhal_bsp.a(alt_sys_init.o)
                0x0000000000807394                alt_irq_init
                0x00000000008073cc                alt_sys_init
 .text          0x0000000000807418      0x164 ../freq_meter_nios_bsp/\libhal_bsp.a(altera_avalon_jtag_uart_fd.o)
                0x0000000000807418                altera_avalon_jtag_uart_read_fd
                0x0000000000807478                altera_avalon_jtag_uart_write_fd
                0x00000000008074d8                altera_avalon_jtag_uart_close_fd
                0x0000000000807528                altera_avalon_jtag_uart_ioctl_fd
 .text          0x000000000080757c      0x3dc ../freq_meter_nios_bsp/\libhal_bsp.a(altera_avalon_jtag_uart_init.o)
                0x000000000080757c                altera_avalon_jtag_uart_init
                0x00000000008078f0                altera_avalon_jtag_uart_close
 .text          0x0000000000807958       0xf0 ../freq_meter_nios_bsp/\libhal_bsp.a(altera_avalon_jtag_uart_ioctl.o)
                0x0000000000807958                altera_avalon_jtag_uart_ioctl
 .text          0x0000000000807a48      0x21c ../freq_meter_nios_bsp/\libhal_bsp.a(altera_avalon_jtag_uart_read.o)
                0x0000000000807a48                altera_avalon_jtag_uart_read
 .text          0x0000000000807c64      0x224 ../freq_meter_nios_bsp/\libhal_bsp.a(altera_avalon_jtag_uart_write.o)
                0x0000000000807c64                altera_avalon_jtag_uart_write
 .text          0x0000000000807e88      0x140 ../freq_meter_nios_bsp/\libhal_bsp.a(alt_alarm_start.o)
                0x0000000000807e88                alt_alarm_start
 .text          0x0000000000807fc8      0x120 ../freq_meter_nios_bsp/\libhal_bsp.a(alt_close.o)
                0x0000000000808018                close
 .text          0x00000000008080e8       0x48 ../freq_meter_nios_bsp/\libhal_bsp.a(alt_dcache_flush_all.o)
                0x00000000008080e8                alt_dcache_flush_all
 .text          0x0000000000808130       0x2c ../freq_meter_nios_bsp/\libhal_bsp.a(alt_dev.o)
 .text          0x000000000080815c       0xf4 ../freq_meter_nios_bsp/\libhal_bsp.a(alt_dev_llist_insert.o)
                0x00000000008081ac                alt_dev_llist_insert
 .text          0x0000000000808250        0x0 ../freq_meter_nios_bsp/\libhal_bsp.a(alt_errno.o)
 .text          0x0000000000808250       0x34 ../freq_meter_nios_bsp/\libhal_bsp.a(alt_icache_flush_all.o)
                0x0000000000808250                alt_icache_flush_all
 .text          0x0000000000808284      0x140 ../freq_meter_nios_bsp/\libhal_bsp.a(alt_io_redirect.o)
                0x0000000000808348                alt_io_redirect
 .text          0x00000000008083c4      0x274 ../freq_meter_nios_bsp/\libhal_bsp.a(alt_open.o)
                0x00000000008084e0                open
 .text          0x0000000000808638       0x64 ../freq_meter_nios_bsp/\libhal_bsp.a(alt_release_fd.o)
                0x0000000000808638                alt_release_fd
 .text          0x000000000080869c      0x1a4 ../freq_meter_nios_bsp/\libhal_bsp.a(alt_tick.o)
                0x000000000080869c                alt_alarm_stop
                0x0000000000808738                alt_tick
 .text          0x0000000000808840       0x24 ../freq_meter_nios_bsp/\libhal_bsp.a(altera_nios2_gen2_irq.o)
                0x0000000000808840                altera_nios2_gen2_irq_init
 .text          0x0000000000808864       0x90 ../freq_meter_nios_bsp/\libhal_bsp.a(alt_find_dev.o)
                0x0000000000808864                alt_find_dev
 .text          0x00000000008088f4      0x114 ../freq_meter_nios_bsp/\libhal_bsp.a(alt_find_file.o)
                0x00000000008088f4                alt_find_file
 .text          0x0000000000808a08       0xb4 ../freq_meter_nios_bsp/\libhal_bsp.a(alt_get_fd.o)
                0x0000000000808a08                alt_get_fd
 .text          0x0000000000808abc       0x90 ../freq_meter_nios_bsp/\libhal_bsp.a(alt_icache_flush.o)
                0x0000000000808abc                alt_icache_flush
 .text          0x0000000000808b4c        0x0 c:/altera/16.0/nios2eds/bin/gnu/h-x86_64-mingw32/bin/../lib/gcc/nios2-elf/5.2.0/../../../../../H-x86_64-mingw32/nios2-elf/lib\libsmallc.a(lib_a-exit.o)
 .text.exit     0x0000000000808b4c       0x20 c:/altera/16.0/nios2eds/bin/gnu/h-x86_64-mingw32/bin/../lib/gcc/nios2-elf/5.2.0/../../../../../H-x86_64-mingw32/nios2-elf/lib\libsmallc.a(lib_a-exit.o)
                0x0000000000808b4c                exit
 .text          0x0000000000808b6c        0x0 c:/altera/16.0/nios2eds/bin/gnu/h-x86_64-mingw32/bin/../lib/gcc/nios2-elf/5.2.0/../../../../../H-x86_64-mingw32/nios2-elf/lib\libsmallc.a(lib_a-fputs.o)
 .text.fputs    0x0000000000808b6c       0x58 c:/altera/16.0/nios2eds/bin/gnu/h-x86_64-mingw32/bin/../lib/gcc/nios2-elf/5.2.0/../../../../../H-x86_64-mingw32/nios2-elf/lib\libsmallc.a(lib_a-fputs.o)
                0x0000000000808b6c                fputs
 .text          0x0000000000808bc4        0x0 c:/altera/16.0/nios2eds/bin/gnu/h-x86_64-mingw32/bin/../lib/gcc/nios2-elf/5.2.0/../../../../../H-x86_64-mingw32/nios2-elf/lib\libsmallc.a(lib_a-memcmp.o)
 .text.memcmp   0x0000000000808bc4       0x30 c:/altera/16.0/nios2eds/bin/gnu/h-x86_64-mingw32/bin/../lib/gcc/nios2-elf/5.2.0/../../../../../H-x86_64-mingw32/nios2-elf/lib\libsmallc.a(lib_a-memcmp.o)
                0x0000000000808bc4                memcmp
 .text          0x0000000000808bf4        0x0 c:/altera/16.0/nios2eds/bin/gnu/h-x86_64-mingw32/bin/../lib/gcc/nios2-elf/5.2.0/../../../../../H-x86_64-mingw32/nios2-elf/lib\libsmallc.a(lib_a-__call_atexit.o)
 .text.__call_exitprocs
                0x0000000000808bf4      0x190 c:/altera/16.0/nios2eds/bin/gnu/h-x86_64-mingw32/bin/../lib/gcc/nios2-elf/5.2.0/../../../../../H-x86_64-mingw32/nios2-elf/lib\libsmallc.a(lib_a-__call_atexit.o)
                0x0000000000808bf4                __call_exitprocs
 .text          0x0000000000808d84       0x34 ../freq_meter_nios_bsp/\libhal_bsp.a(alt_exit.o)
                0x0000000000808d84                _exit
 *(.gnu.warning.*)
 *(.fini)
                [!provide]                        PROVIDE (__etext, ABSOLUTE (.))
                [!provide]                        PROVIDE (_etext, ABSOLUTE (.))
                [!provide]                        PROVIDE (etext, ABSOLUTE (.))
 *(.eh_frame_hdr)
                0x0000000000808db8                . = ALIGN (0x4)
                [!provide]                        PROVIDE (__preinit_array_start, ABSOLUTE (.))
 *(.preinit_array)
                [!provide]                        PROVIDE (__preinit_array_end, ABSOLUTE (.))
                [!provide]                        PROVIDE (__init_array_start, ABSOLUTE (.))
 *(.init_array)
                [!provide]                        PROVIDE (__init_array_end, ABSOLUTE (.))
                [!provide]                        PROVIDE (__fini_array_start, ABSOLUTE (.))
 *(.fini_array)
                [!provide]                        PROVIDE (__fini_array_end, ABSOLUTE (.))
 *(.eh_frame)
 *(.gcc_except_table .gcc_except_table.*)
 *(.dynamic)
                [!provide]                        PROVIDE (__CTOR_LIST__, ABSOLUTE (.))
 *(.ctors)
 *(SORT(.ctors.*))
                [!provide]                        PROVIDE (__CTOR_END__, ABSOLUTE (.))
                [!provide]                        PROVIDE (__DTOR_LIST__, ABSOLUTE (.))
 *(.dtors)
 *(SORT(.dtors.*))
                [!provide]                        PROVIDE (__DTOR_END__, ABSOLUTE (.))
 *(.jcr)
                0x0000000000808db8                . = ALIGN (0x4)

.rodata         0x0000000000808db8      0x150
                0x0000000000808db8                PROVIDE (__ram_rodata_start, ABSOLUTE (.))
                0x0000000000808db8                . = ALIGN (0x4)
 *(.rodata .rodata.* .gnu.linkonce.r.*)
 .rodata        0x0000000000808db8        0x5 obj/default/Source/tasks.o
 *fill*         0x0000000000808dbd        0x3 
 .rodata        0x0000000000808dc0      0x10e obj/default/main.o
 *fill*         0x0000000000808ece        0x2 
 .rodata.str1.4
                0x0000000000808ed0        0x4 c:/altera/16.0/nios2eds/bin/gnu/h-x86_64-mingw32/bin/../lib/gcc/nios2-elf/5.2.0/../../../../../H-x86_64-mingw32/nios2-elf/lib\libsmallc.a(lib_a-puts.o)
                                          0x2 (size before relaxing)
 .rodata        0x0000000000808ed4       0x11 ../freq_meter_nios_bsp/\libhal_bsp.a(alt_main.o)
 *fill*         0x0000000000808ee5        0x3 
 .rodata        0x0000000000808ee8       0x11 ../freq_meter_nios_bsp/\libhal_bsp.a(alt_sys_init.o)
 *fill*         0x0000000000808ef9        0x3 
 .rodata        0x0000000000808efc        0xa ../freq_meter_nios_bsp/\libhal_bsp.a(alt_dev.o)
 *(.rodata1)
                0x0000000000808f08                . = ALIGN (0x4)
 *fill*         0x0000000000808f06        0x2 
                0x0000000000808f08                PROVIDE (__ram_rodata_end, ABSOLUTE (.))
                0x0000000000808db8                PROVIDE (__flash_rodata_start, LOADADDR (.rodata))

.rwdata         0x0000000000808f08     0x1314 load address 0x000000000080a21c
                0x0000000000808f08                PROVIDE (__ram_rwdata_start, ABSOLUTE (.))
                0x0000000000808f08                . = ALIGN (0x4)
 *(.got.plt)
 *(.got)
 *(.data1)
 *(.data .data.* .gnu.linkonce.d.*)
 .data          0x0000000000808f08        0x0 ../freq_meter_nios_bsp//obj/HAL/src/crt0.o
 .data          0x0000000000808f08        0x0 obj/default/Source/croutine.o
 .data          0x0000000000808f08        0x0 obj/default/Source/event_groups.o
 .data          0x0000000000808f08        0x0 obj/default/Source/list.o
 .data          0x0000000000808f08        0x0 obj/default/Source/portable/GCC/NiosII/port.o
 .data          0x0000000000808f08        0x0 obj/default/Source/portable/MemMang/heap_1.o
 .data          0x0000000000808f08        0x0 obj/default/Source/queue.o
 .data          0x0000000000808f08        0x0 obj/default/Source/stream_buffer.o
 .data          0x0000000000808f08        0x0 obj/default/Source/tasks.o
 .data          0x0000000000808f08        0x0 obj/default/Source/timers.o
 .data          0x0000000000808f08        0x0 obj/default/main.o
 .data          0x0000000000808f08        0x0 obj/default/Source/portable/GCC/NiosII/port_asm.o
 .data          0x0000000000808f08        0x0 c:/altera/16.0/nios2eds/bin/gnu/h-x86_64-mingw32/bin/../lib/gcc/nios2-elf/5.2.0/../../../../../H-x86_64-mingw32/nios2-elf/lib\libsmallc.a(lib_a-memcpy.o)
 .data          0x0000000000808f08        0x0 c:/altera/16.0/nios2eds/bin/gnu/h-x86_64-mingw32/bin/../lib/gcc/nios2-elf/5.2.0/../../../../../H-x86_64-mingw32/nios2-elf/lib\libsmallc.a(lib_a-memset.o)
 .data          0x0000000000808f08        0x0 c:/altera/16.0/nios2eds/bin/gnu/h-x86_64-mingw32/bin/../lib/gcc/nios2-elf/5.2.0/../../../../../H-x86_64-mingw32/nios2-elf/lib\libsmallc.a(lib_a-puts.o)
 .data          0x0000000000808f08        0x0 c:/altera/16.0/nios2eds/bin/gnu/h-x86_64-mingw32/bin/../lib/gcc/nios2-elf/5.2.0/../../../../../H-x86_64-mingw32/nios2-elf/lib\libsmallc.a(lib_a-strlen.o)
 .data          0x0000000000808f08        0x0 c:/altera/16.0/nios2eds/bin/gnu/h-x86_64-mingw32/bin/../lib/gcc/nios2-elf/5.2.0/../../../../../H-x86_64-mingw32/nios2-elf/lib\libsmallc.a(lib_a-vsprintf.o)
 .data          0x0000000000808f08        0x0 c:/altera/16.0/nios2eds/bin/gnu/h-x86_64-mingw32/bin/../lib/gcc/nios2-elf/5.2.0/../../../../../H-x86_64-mingw32/nios2-elf/lib\libsmallc.a(lib_a-fvwrite_small_dev.o)
 .data          0x0000000000808f08        0x0 c:/altera/16.0/nios2eds/bin/gnu/h-x86_64-mingw32/bin/../lib/gcc/nios2-elf/5.2.0/../../../../../H-x86_64-mingw32/nios2-elf/lib\libsmallc.a(lib_a-fvwrite_small_str.o)
 .data          0x0000000000808f08        0x0 c:/altera/16.0/nios2eds/bin/gnu/h-x86_64-mingw32/bin/../lib/gcc/nios2-elf/5.2.0/../../../../../H-x86_64-mingw32/nios2-elf/lib\libsmallc.a(lib_a-impure.o)
 .data.impure_data
                0x0000000000808f08       0xe0 c:/altera/16.0/nios2eds/bin/gnu/h-x86_64-mingw32/bin/../lib/gcc/nios2-elf/5.2.0/../../../../../H-x86_64-mingw32/nios2-elf/lib\libsmallc.a(lib_a-impure.o)
 .data          0x0000000000808fe8        0x0 c:/altera/16.0/nios2eds/bin/gnu/h-x86_64-mingw32/bin/../lib/gcc/nios2-elf/5.2.0/../../../../../H-x86_64-mingw32/nios2-elf/lib\libsmallc.a(lib_a-memmove.o)
 .data          0x0000000000808fe8        0x0 c:/altera/16.0/nios2eds/bin/gnu/h-x86_64-mingw32/bin/../lib/gcc/nios2-elf/5.2.0/../../../../../H-x86_64-mingw32/nios2-elf/lib\libsmallc.a(lib_a-svfprintf.o)
 .data          0x0000000000808fe8        0x0 c:/altera/16.0/nios2eds/bin/gnu/h-x86_64-mingw32/bin/../lib/gcc/nios2-elf/5.2.0/../../../../../H-x86_64-mingw32/nios2-elf/lib\libsmallc.a(lib_a-writer.o)
 .data          0x0000000000808fe8        0x0 c:/altera/16.0/nios2eds/bin/gnu/h-x86_64-mingw32/bin/../lib/gcc/nios2-elf/5.2.0/../../../../../H-x86_64-mingw32/nios2-elf/lib\libsmallc.a(lib_a-int_errno.o)
 .data          0x0000000000808fe8        0x0 c:/altera/16.0/nios2eds/bin/gnu/h-x86_64-mingw32/bin/../lib/gcc/nios2-elf/5.2.0\libgcc.a(lib2-divmod.o)
 .data          0x0000000000808fe8        0x0 ../freq_meter_nios_bsp/\libhal_bsp.a(alt_irq_handler.o)
 .data          0x0000000000808fe8        0x0 ../freq_meter_nios_bsp/\libhal_bsp.a(alt_irq_vars.o)
 .data          0x0000000000808fe8        0x0 ../freq_meter_nios_bsp/\libhal_bsp.a(alt_load.o)
 .data          0x0000000000808fe8        0x0 ../freq_meter_nios_bsp/\libhal_bsp.a(alt_main.o)
 .data          0x0000000000808fe8        0x0 ../freq_meter_nios_bsp/\libhal_bsp.a(alt_putstr.o)
 .data          0x0000000000808fe8        0x0 ../freq_meter_nios_bsp/\libhal_bsp.a(alt_write.o)
 .data          0x0000000000808fe8     0x1060 ../freq_meter_nios_bsp/\libhal_bsp.a(alt_sys_init.o)
 .data          0x000000000080a048        0x0 ../freq_meter_nios_bsp/\libhal_bsp.a(altera_avalon_jtag_uart_fd.o)
 .data          0x000000000080a048        0x0 ../freq_meter_nios_bsp/\libhal_bsp.a(altera_avalon_jtag_uart_init.o)
 .data          0x000000000080a048        0x0 ../freq_meter_nios_bsp/\libhal_bsp.a(altera_avalon_jtag_uart_ioctl.o)
 .data          0x000000000080a048        0x0 ../freq_meter_nios_bsp/\libhal_bsp.a(altera_avalon_jtag_uart_read.o)
 .data          0x000000000080a048        0x0 ../freq_meter_nios_bsp/\libhal_bsp.a(altera_avalon_jtag_uart_write.o)
 .data          0x000000000080a048        0x0 ../freq_meter_nios_bsp/\libhal_bsp.a(alt_alarm_start.o)
 .data          0x000000000080a048        0x0 ../freq_meter_nios_bsp/\libhal_bsp.a(alt_close.o)
 .data          0x000000000080a048        0x0 ../freq_meter_nios_bsp/\libhal_bsp.a(alt_dcache_flush_all.o)
 .data          0x000000000080a048      0x1a8 ../freq_meter_nios_bsp/\libhal_bsp.a(alt_dev.o)
                0x000000000080a048                alt_dev_null
                0x000000000080a070                alt_fd_list
 .data          0x000000000080a1f0        0x0 ../freq_meter_nios_bsp/\libhal_bsp.a(alt_dev_llist_insert.o)
 .data          0x000000000080a1f0        0x0 ../freq_meter_nios_bsp/\libhal_bsp.a(alt_errno.o)
 .data          0x000000000080a1f0        0x0 ../freq_meter_nios_bsp/\libhal_bsp.a(alt_icache_flush_all.o)
 .data          0x000000000080a1f0        0x0 ../freq_meter_nios_bsp/\libhal_bsp.a(alt_io_redirect.o)
 .data          0x000000000080a1f0        0x0 ../freq_meter_nios_bsp/\libhal_bsp.a(alt_open.o)
 .data          0x000000000080a1f0        0x0 ../freq_meter_nios_bsp/\libhal_bsp.a(alt_release_fd.o)
 .data          0x000000000080a1f0        0x0 ../freq_meter_nios_bsp/\libhal_bsp.a(alt_tick.o)
 .data          0x000000000080a1f0        0x0 ../freq_meter_nios_bsp/\libhal_bsp.a(altera_nios2_gen2_irq.o)
 .data          0x000000000080a1f0        0x0 ../freq_meter_nios_bsp/\libhal_bsp.a(alt_find_dev.o)
 .data          0x000000000080a1f0        0x0 ../freq_meter_nios_bsp/\libhal_bsp.a(alt_find_file.o)
 .data          0x000000000080a1f0        0x0 ../freq_meter_nios_bsp/\libhal_bsp.a(alt_get_fd.o)
 .data          0x000000000080a1f0        0x0 ../freq_meter_nios_bsp/\libhal_bsp.a(alt_icache_flush.o)
 .data          0x000000000080a1f0        0x0 c:/altera/16.0/nios2eds/bin/gnu/h-x86_64-mingw32/bin/../lib/gcc/nios2-elf/5.2.0/../../../../../H-x86_64-mingw32/nios2-elf/lib\libsmallc.a(lib_a-exit.o)
 .data          0x000000000080a1f0        0x0 c:/altera/16.0/nios2eds/bin/gnu/h-x86_64-mingw32/bin/../lib/gcc/nios2-elf/5.2.0/../../../../../H-x86_64-mingw32/nios2-elf/lib\libsmallc.a(lib_a-fputs.o)
 .data          0x000000000080a1f0        0x0 c:/altera/16.0/nios2eds/bin/gnu/h-x86_64-mingw32/bin/../lib/gcc/nios2-elf/5.2.0/../../../../../H-x86_64-mingw32/nios2-elf/lib\libsmallc.a(lib_a-memcmp.o)
 .data          0x000000000080a1f0        0x0 c:/altera/16.0/nios2eds/bin/gnu/h-x86_64-mingw32/bin/../lib/gcc/nios2-elf/5.2.0/../../../../../H-x86_64-mingw32/nios2-elf/lib\libsmallc.a(lib_a-__call_atexit.o)
 .data          0x000000000080a1f0        0x0 ../freq_meter_nios_bsp/\libhal_bsp.a(alt_exit.o)
                0x00000000008121f0                _gp = ABSOLUTE ((. + 0x8000))
                [!provide]                        PROVIDE (gp, _gp)
 *(.rwdata .rwdata.*)
 *(.sdata .sdata.* .gnu.linkonce.s.*)
 .sdata._global_impure_ptr
                0x000000000080a1f0        0x4 c:/altera/16.0/nios2eds/bin/gnu/h-x86_64-mingw32/bin/../lib/gcc/nios2-elf/5.2.0/../../../../../H-x86_64-mingw32/nios2-elf/lib\libsmallc.a(lib_a-impure.o)
                0x000000000080a1f0                _global_impure_ptr
 .sdata._impure_ptr
                0x000000000080a1f4        0x4 c:/altera/16.0/nios2eds/bin/gnu/h-x86_64-mingw32/bin/../lib/gcc/nios2-elf/5.2.0/../../../../../H-x86_64-mingw32/nios2-elf/lib\libsmallc.a(lib_a-impure.o)
                0x000000000080a1f4                _impure_ptr
 .sdata         0x000000000080a1f8        0x4 ../freq_meter_nios_bsp/\libhal_bsp.a(alt_irq_vars.o)
                0x000000000080a1f8                alt_priority_mask
 .sdata         0x000000000080a1fc       0x14 ../freq_meter_nios_bsp/\libhal_bsp.a(alt_dev.o)
                0x000000000080a1fc                alt_fs_list
                0x000000000080a204                alt_dev_list
                0x000000000080a20c                alt_max_fd
 .sdata         0x000000000080a210        0x4 ../freq_meter_nios_bsp/\libhal_bsp.a(alt_errno.o)
                0x000000000080a210                alt_errno
 .sdata         0x000000000080a214        0x8 ../freq_meter_nios_bsp/\libhal_bsp.a(alt_tick.o)
                0x000000000080a214                alt_alarm_list
 *(.sdata2 .sdata2.* .gnu.linkonce.s2.*)
                0x000000000080a21c                . = ALIGN (0x4)
                0x000000000080a21c                _edata = ABSOLUTE (.)
                [!provide]                        PROVIDE (edata, ABSOLUTE (.))
                0x000000000080a21c                PROVIDE (__ram_rwdata_end, ABSOLUTE (.))
                0x000000000080a21c                PROVIDE (__flash_rwdata_start, LOADADDR (.rwdata))

.bss            0x000000000080b530    0x3d2c8
                0x000000000080b530                __bss_start = ABSOLUTE (.)
                [!provide]                        PROVIDE (__sbss_start, ABSOLUTE (.))
                [!provide]                        PROVIDE (___sbss_start, ABSOLUTE (.))
 *(.dynsbss)
 *(.sbss .sbss.* .gnu.linkonce.sb.*)
 .sbss          0x000000000080b530        0x8 obj/default/Source/portable/MemMang/heap_1.o
 .sbss          0x000000000080b538       0x3c obj/default/Source/tasks.o
                0x000000000080b538                pxCurrentTCB
 .sbss          0x000000000080b574        0x4 obj/default/main.o
                0x000000000080b574                n
 .sbss          0x000000000080b578        0xc obj/default/main.o
                0x000000000080b578                Queue_lcd_rs
                0x000000000080b57c                Queue_lcd_data
                0x000000000080b580                Mutex_write_lcd
 .sbss          0x000000000080b584        0x4 c:/altera/16.0/nios2eds/bin/gnu/h-x86_64-mingw32/bin/../lib/gcc/nios2-elf/5.2.0/../../../../../H-x86_64-mingw32/nios2-elf/lib\libsmallc.a(lib_a-int_errno.o)
                0x000000000080b584                errno
 .sbss          0x000000000080b588        0x4 ../freq_meter_nios_bsp/\libhal_bsp.a(alt_irq_vars.o)
                0x000000000080b588                alt_irq_active
 .sbss          0x000000000080b58c        0xc ../freq_meter_nios_bsp/\libhal_bsp.a(alt_main.o)
                0x000000000080b58c                alt_argc
                0x000000000080b590                alt_argv
                0x000000000080b594                alt_envp
 .sbss          0x000000000080b598        0x8 ../freq_meter_nios_bsp/\libhal_bsp.a(alt_tick.o)
                0x000000000080b598                _alt_tick_rate
                0x000000000080b59c                _alt_nticks
 *(.sbss2 .sbss2.* .gnu.linkonce.sb2.*)
 *(.scommon)
                [!provide]                        PROVIDE (__sbss_end, ABSOLUTE (.))
                [!provide]                        PROVIDE (___sbss_end, ABSOLUTE (.))
 *(.dynbss)
 *(.bss .bss.* .gnu.linkonce.b.*)
 .bss           0x000000000080b5a0        0x0 ../freq_meter_nios_bsp//obj/HAL/src/crt0.o
 .bss           0x000000000080b5a0        0x0 obj/default/Source/croutine.o
 .bss           0x000000000080b5a0        0x0 obj/default/Source/event_groups.o
 .bss           0x000000000080b5a0        0x0 obj/default/Source/list.o
 .bss           0x000000000080b5a0        0x0 obj/default/Source/portable/GCC/NiosII/port.o
 .bss           0x000000000080b5a0    0x3d090 obj/default/Source/portable/MemMang/heap_1.o
 .bss           0x0000000000848630        0x0 obj/default/Source/queue.o
 .bss           0x0000000000848630        0x0 obj/default/Source/stream_buffer.o
 .bss           0x0000000000848630       0xc8 obj/default/Source/tasks.o
 .bss           0x00000000008486f8        0x0 obj/default/Source/timers.o
 .bss           0x00000000008486f8        0x0 obj/default/main.o
 .bss           0x00000000008486f8        0x0 obj/default/Source/portable/GCC/NiosII/port_asm.o
 .bss           0x00000000008486f8        0x0 c:/altera/16.0/nios2eds/bin/gnu/h-x86_64-mingw32/bin/../lib/gcc/nios2-elf/5.2.0/../../../../../H-x86_64-mingw32/nios2-elf/lib\libsmallc.a(lib_a-memcpy.o)
 .bss           0x00000000008486f8        0x0 c:/altera/16.0/nios2eds/bin/gnu/h-x86_64-mingw32/bin/../lib/gcc/nios2-elf/5.2.0/../../../../../H-x86_64-mingw32/nios2-elf/lib\libsmallc.a(lib_a-memset.o)
 .bss           0x00000000008486f8        0x0 c:/altera/16.0/nios2eds/bin/gnu/h-x86_64-mingw32/bin/../lib/gcc/nios2-elf/5.2.0/../../../../../H-x86_64-mingw32/nios2-elf/lib\libsmallc.a(lib_a-puts.o)
 .bss           0x00000000008486f8        0x0 c:/altera/16.0/nios2eds/bin/gnu/h-x86_64-mingw32/bin/../lib/gcc/nios2-elf/5.2.0/../../../../../H-x86_64-mingw32/nios2-elf/lib\libsmallc.a(lib_a-strlen.o)
 .bss           0x00000000008486f8        0x0 c:/altera/16.0/nios2eds/bin/gnu/h-x86_64-mingw32/bin/../lib/gcc/nios2-elf/5.2.0/../../../../../H-x86_64-mingw32/nios2-elf/lib\libsmallc.a(lib_a-vsprintf.o)
 .bss           0x00000000008486f8        0x0 c:/altera/16.0/nios2eds/bin/gnu/h-x86_64-mingw32/bin/../lib/gcc/nios2-elf/5.2.0/../../../../../H-x86_64-mingw32/nios2-elf/lib\libsmallc.a(lib_a-fvwrite_small_dev.o)
 .bss           0x00000000008486f8        0x0 c:/altera/16.0/nios2eds/bin/gnu/h-x86_64-mingw32/bin/../lib/gcc/nios2-elf/5.2.0/../../../../../H-x86_64-mingw32/nios2-elf/lib\libsmallc.a(lib_a-fvwrite_small_str.o)
 .bss           0x00000000008486f8        0x0 c:/altera/16.0/nios2eds/bin/gnu/h-x86_64-mingw32/bin/../lib/gcc/nios2-elf/5.2.0/../../../../../H-x86_64-mingw32/nios2-elf/lib\libsmallc.a(lib_a-impure.o)
 .bss           0x00000000008486f8        0x0 c:/altera/16.0/nios2eds/bin/gnu/h-x86_64-mingw32/bin/../lib/gcc/nios2-elf/5.2.0/../../../../../H-x86_64-mingw32/nios2-elf/lib\libsmallc.a(lib_a-memmove.o)
 .bss           0x00000000008486f8        0x0 c:/altera/16.0/nios2eds/bin/gnu/h-x86_64-mingw32/bin/../lib/gcc/nios2-elf/5.2.0/../../../../../H-x86_64-mingw32/nios2-elf/lib\libsmallc.a(lib_a-svfprintf.o)
 .bss           0x00000000008486f8        0x0 c:/altera/16.0/nios2eds/bin/gnu/h-x86_64-mingw32/bin/../lib/gcc/nios2-elf/5.2.0/../../../../../H-x86_64-mingw32/nios2-elf/lib\libsmallc.a(lib_a-writer.o)
 .bss           0x00000000008486f8        0x0 c:/altera/16.0/nios2eds/bin/gnu/h-x86_64-mingw32/bin/../lib/gcc/nios2-elf/5.2.0/../../../../../H-x86_64-mingw32/nios2-elf/lib\libsmallc.a(lib_a-int_errno.o)
 .bss           0x00000000008486f8        0x0 c:/altera/16.0/nios2eds/bin/gnu/h-x86_64-mingw32/bin/../lib/gcc/nios2-elf/5.2.0\libgcc.a(lib2-divmod.o)
 .bss           0x00000000008486f8        0x0 ../freq_meter_nios_bsp/\libhal_bsp.a(alt_irq_handler.o)
 .bss           0x00000000008486f8        0x0 ../freq_meter_nios_bsp/\libhal_bsp.a(alt_irq_vars.o)
 .bss           0x00000000008486f8        0x0 ../freq_meter_nios_bsp/\libhal_bsp.a(alt_load.o)
 .bss           0x00000000008486f8        0x0 ../freq_meter_nios_bsp/\libhal_bsp.a(alt_main.o)
 .bss           0x00000000008486f8        0x0 ../freq_meter_nios_bsp/\libhal_bsp.a(alt_putstr.o)
 .bss           0x00000000008486f8        0x0 ../freq_meter_nios_bsp/\libhal_bsp.a(alt_write.o)
 .bss           0x00000000008486f8        0x0 ../freq_meter_nios_bsp/\libhal_bsp.a(alt_sys_init.o)
 .bss           0x00000000008486f8        0x0 ../freq_meter_nios_bsp/\libhal_bsp.a(altera_avalon_jtag_uart_fd.o)
 .bss           0x00000000008486f8        0x0 ../freq_meter_nios_bsp/\libhal_bsp.a(altera_avalon_jtag_uart_init.o)
 .bss           0x00000000008486f8        0x0 ../freq_meter_nios_bsp/\libhal_bsp.a(altera_avalon_jtag_uart_ioctl.o)
 .bss           0x00000000008486f8        0x0 ../freq_meter_nios_bsp/\libhal_bsp.a(altera_avalon_jtag_uart_read.o)
 .bss           0x00000000008486f8        0x0 ../freq_meter_nios_bsp/\libhal_bsp.a(altera_avalon_jtag_uart_write.o)
 .bss           0x00000000008486f8        0x0 ../freq_meter_nios_bsp/\libhal_bsp.a(alt_alarm_start.o)
 .bss           0x00000000008486f8        0x0 ../freq_meter_nios_bsp/\libhal_bsp.a(alt_close.o)
 .bss           0x00000000008486f8        0x0 ../freq_meter_nios_bsp/\libhal_bsp.a(alt_dcache_flush_all.o)
 .bss           0x00000000008486f8        0x0 ../freq_meter_nios_bsp/\libhal_bsp.a(alt_dev.o)
 .bss           0x00000000008486f8        0x0 ../freq_meter_nios_bsp/\libhal_bsp.a(alt_dev_llist_insert.o)
 .bss           0x00000000008486f8        0x0 ../freq_meter_nios_bsp/\libhal_bsp.a(alt_errno.o)
 .bss           0x00000000008486f8        0x0 ../freq_meter_nios_bsp/\libhal_bsp.a(alt_icache_flush_all.o)
 .bss           0x00000000008486f8        0x0 ../freq_meter_nios_bsp/\libhal_bsp.a(alt_io_redirect.o)
 .bss           0x00000000008486f8        0x0 ../freq_meter_nios_bsp/\libhal_bsp.a(alt_open.o)
 .bss           0x00000000008486f8        0x0 ../freq_meter_nios_bsp/\libhal_bsp.a(alt_release_fd.o)
 .bss           0x00000000008486f8        0x0 ../freq_meter_nios_bsp/\libhal_bsp.a(alt_tick.o)
 .bss           0x00000000008486f8        0x0 ../freq_meter_nios_bsp/\libhal_bsp.a(altera_nios2_gen2_irq.o)
 .bss           0x00000000008486f8        0x0 ../freq_meter_nios_bsp/\libhal_bsp.a(alt_find_dev.o)
 .bss           0x00000000008486f8        0x0 ../freq_meter_nios_bsp/\libhal_bsp.a(alt_find_file.o)
 .bss           0x00000000008486f8        0x0 ../freq_meter_nios_bsp/\libhal_bsp.a(alt_get_fd.o)
 .bss           0x00000000008486f8        0x0 ../freq_meter_nios_bsp/\libhal_bsp.a(alt_icache_flush.o)
 .bss           0x00000000008486f8        0x0 c:/altera/16.0/nios2eds/bin/gnu/h-x86_64-mingw32/bin/../lib/gcc/nios2-elf/5.2.0/../../../../../H-x86_64-mingw32/nios2-elf/lib\libsmallc.a(lib_a-exit.o)
 .bss           0x00000000008486f8        0x0 c:/altera/16.0/nios2eds/bin/gnu/h-x86_64-mingw32/bin/../lib/gcc/nios2-elf/5.2.0/../../../../../H-x86_64-mingw32/nios2-elf/lib\libsmallc.a(lib_a-fputs.o)
 .bss           0x00000000008486f8        0x0 c:/altera/16.0/nios2eds/bin/gnu/h-x86_64-mingw32/bin/../lib/gcc/nios2-elf/5.2.0/../../../../../H-x86_64-mingw32/nios2-elf/lib\libsmallc.a(lib_a-memcmp.o)
 .bss           0x00000000008486f8        0x0 c:/altera/16.0/nios2eds/bin/gnu/h-x86_64-mingw32/bin/../lib/gcc/nios2-elf/5.2.0/../../../../../H-x86_64-mingw32/nios2-elf/lib\libsmallc.a(lib_a-__call_atexit.o)
 .bss           0x00000000008486f8        0x0 ../freq_meter_nios_bsp/\libhal_bsp.a(alt_exit.o)
 *(COMMON)
 COMMON         0x00000000008486f8      0x100 ../freq_meter_nios_bsp/\libhal_bsp.a(alt_irq_handler.o)
                0x00000000008486f8                alt_irq
                0x00000000008487f8                . = ALIGN (0x4)
                0x00000000008487f8                __bss_end = ABSOLUTE (.)

.sdram          0x00000000008487f8        0x0
                [!provide]                        PROVIDE (_alt_partition_sdram_start, ABSOLUTE (.))
 *(.sdram .sdram. sdram.*)
                0x00000000008487f8                . = ALIGN (0x4)
                [!provide]                        PROVIDE (_alt_partition_sdram_end, ABSOLUTE (.))
                0x00000000008487f8                _end = ABSOLUTE (.)
                0x00000000008487f8                end = ABSOLUTE (.)
                0x00000000008487f8                __alt_stack_base = ABSOLUTE (.)
                [!provide]                        PROVIDE (_alt_partition_sdram_load_addr, LOADADDR (.sdram))

.onchip_memory2_0
                0x0000000001080000        0x0 load address 0x00000000008487f8
                [!provide]                        PROVIDE (_alt_partition_onchip_memory2_0_start, ABSOLUTE (.))
 *(.onchip_memory2_0 .onchip_memory2_0. onchip_memory2_0.*)
                0x0000000001080000                . = ALIGN (0x4)
                [!provide]                        PROVIDE (_alt_partition_onchip_memory2_0_end, ABSOLUTE (.))
                [!provide]                        PROVIDE (_alt_partition_onchip_memory2_0_load_addr, LOADADDR (.onchip_memory2_0))

.stab
 *(.stab)

.stabstr
 *(.stabstr)

.stab.excl
 *(.stab.excl)

.stab.exclstr
 *(.stab.exclstr)

.stab.index
 *(.stab.index)

.stab.indexstr
 *(.stab.indexstr)

.comment        0x0000000000000000       0x23
 *(.comment)
 .comment       0x0000000000000000       0x23 obj/default/Source/croutine.o
                                         0x24 (size before relaxing)
 .comment       0x0000000000000023       0x24 obj/default/Source/event_groups.o
 .comment       0x0000000000000023       0x24 obj/default/Source/list.o
 .comment       0x0000000000000023       0x24 obj/default/Source/portable/GCC/NiosII/port.o
 .comment       0x0000000000000023       0x24 obj/default/Source/portable/MemMang/heap_1.o
 .comment       0x0000000000000023       0x24 obj/default/Source/queue.o
 .comment       0x0000000000000023       0x24 obj/default/Source/stream_buffer.o
 .comment       0x0000000000000023       0x24 obj/default/Source/tasks.o
 .comment       0x0000000000000023       0x24 obj/default/Source/timers.o
 .comment       0x0000000000000023       0x24 obj/default/main.o
 .comment       0x0000000000000023       0x24 c:/altera/16.0/nios2eds/bin/gnu/h-x86_64-mingw32/bin/../lib/gcc/nios2-elf/5.2.0/../../../../../H-x86_64-mingw32/nios2-elf/lib\libsmallc.a(lib_a-memcpy.o)
 .comment       0x0000000000000023       0x24 c:/altera/16.0/nios2eds/bin/gnu/h-x86_64-mingw32/bin/../lib/gcc/nios2-elf/5.2.0/../../../../../H-x86_64-mingw32/nios2-elf/lib\libsmallc.a(lib_a-memset.o)
 .comment       0x0000000000000023       0x24 c:/altera/16.0/nios2eds/bin/gnu/h-x86_64-mingw32/bin/../lib/gcc/nios2-elf/5.2.0/../../../../../H-x86_64-mingw32/nios2-elf/lib\libsmallc.a(lib_a-puts.o)
 .comment       0x0000000000000023       0x24 c:/altera/16.0/nios2eds/bin/gnu/h-x86_64-mingw32/bin/../lib/gcc/nios2-elf/5.2.0/../../../../../H-x86_64-mingw32/nios2-elf/lib\libsmallc.a(lib_a-strlen.o)
 .comment       0x0000000000000023       0x24 c:/altera/16.0/nios2eds/bin/gnu/h-x86_64-mingw32/bin/../lib/gcc/nios2-elf/5.2.0/../../../../../H-x86_64-mingw32/nios2-elf/lib\libsmallc.a(lib_a-vsprintf.o)
 .comment       0x0000000000000023       0x24 c:/altera/16.0/nios2eds/bin/gnu/h-x86_64-mingw32/bin/../lib/gcc/nios2-elf/5.2.0/../../../../../H-x86_64-mingw32/nios2-elf/lib\libsmallc.a(lib_a-fvwrite_small_dev.o)
 .comment       0x0000000000000023       0x24 c:/altera/16.0/nios2eds/bin/gnu/h-x86_64-mingw32/bin/../lib/gcc/nios2-elf/5.2.0/../../../../../H-x86_64-mingw32/nios2-elf/lib\libsmallc.a(lib_a-fvwrite_small_str.o)
 .comment       0x0000000000000023       0x24 c:/altera/16.0/nios2eds/bin/gnu/h-x86_64-mingw32/bin/../lib/gcc/nios2-elf/5.2.0/../../../../../H-x86_64-mingw32/nios2-elf/lib\libsmallc.a(lib_a-impure.o)
 .comment       0x0000000000000023       0x24 c:/altera/16.0/nios2eds/bin/gnu/h-x86_64-mingw32/bin/../lib/gcc/nios2-elf/5.2.0/../../../../../H-x86_64-mingw32/nios2-elf/lib\libsmallc.a(lib_a-memmove.o)
 .comment       0x0000000000000023       0x24 c:/altera/16.0/nios2eds/bin/gnu/h-x86_64-mingw32/bin/../lib/gcc/nios2-elf/5.2.0/../../../../../H-x86_64-mingw32/nios2-elf/lib\libsmallc.a(lib_a-svfprintf.o)
 .comment       0x0000000000000023       0x24 c:/altera/16.0/nios2eds/bin/gnu/h-x86_64-mingw32/bin/../lib/gcc/nios2-elf/5.2.0/../../../../../H-x86_64-mingw32/nios2-elf/lib\libsmallc.a(lib_a-writer.o)
 .comment       0x0000000000000023       0x24 c:/altera/16.0/nios2eds/bin/gnu/h-x86_64-mingw32/bin/../lib/gcc/nios2-elf/5.2.0/../../../../../H-x86_64-mingw32/nios2-elf/lib\libsmallc.a(lib_a-int_errno.o)
 .comment       0x0000000000000023       0x24 c:/altera/16.0/nios2eds/bin/gnu/h-x86_64-mingw32/bin/../lib/gcc/nios2-elf/5.2.0\libgcc.a(lib2-divmod.o)
 .comment       0x0000000000000023       0x24 ../freq_meter_nios_bsp/\libhal_bsp.a(alt_irq_handler.o)
 .comment       0x0000000000000023       0x24 ../freq_meter_nios_bsp/\libhal_bsp.a(alt_irq_vars.o)
 .comment       0x0000000000000023       0x24 ../freq_meter_nios_bsp/\libhal_bsp.a(alt_load.o)
 .comment       0x0000000000000023       0x24 ../freq_meter_nios_bsp/\libhal_bsp.a(alt_main.o)
 .comment       0x0000000000000023       0x24 ../freq_meter_nios_bsp/\libhal_bsp.a(alt_putstr.o)
 .comment       0x0000000000000023       0x24 ../freq_meter_nios_bsp/\libhal_bsp.a(alt_write.o)
 .comment       0x0000000000000023       0x24 ../freq_meter_nios_bsp/\libhal_bsp.a(alt_sys_init.o)
 .comment       0x0000000000000023       0x24 ../freq_meter_nios_bsp/\libhal_bsp.a(altera_avalon_jtag_uart_fd.o)
 .comment       0x0000000000000023       0x24 ../freq_meter_nios_bsp/\libhal_bsp.a(altera_avalon_jtag_uart_init.o)
 .comment       0x0000000000000023       0x24 ../freq_meter_nios_bsp/\libhal_bsp.a(altera_avalon_jtag_uart_ioctl.o)
 .comment       0x0000000000000023       0x24 ../freq_meter_nios_bsp/\libhal_bsp.a(altera_avalon_jtag_uart_read.o)
 .comment       0x0000000000000023       0x24 ../freq_meter_nios_bsp/\libhal_bsp.a(altera_avalon_jtag_uart_write.o)
 .comment       0x0000000000000023       0x24 ../freq_meter_nios_bsp/\libhal_bsp.a(alt_alarm_start.o)
 .comment       0x0000000000000023       0x24 ../freq_meter_nios_bsp/\libhal_bsp.a(alt_close.o)
 .comment       0x0000000000000023       0x24 ../freq_meter_nios_bsp/\libhal_bsp.a(alt_dcache_flush_all.o)
 .comment       0x0000000000000023       0x24 ../freq_meter_nios_bsp/\libhal_bsp.a(alt_dev.o)
 .comment       0x0000000000000023       0x24 ../freq_meter_nios_bsp/\libhal_bsp.a(alt_dev_llist_insert.o)
 .comment       0x0000000000000023       0x24 ../freq_meter_nios_bsp/\libhal_bsp.a(alt_errno.o)
 .comment       0x0000000000000023       0x24 ../freq_meter_nios_bsp/\libhal_bsp.a(alt_icache_flush_all.o)
 .comment       0x0000000000000023       0x24 ../freq_meter_nios_bsp/\libhal_bsp.a(alt_io_redirect.o)
 .comment       0x0000000000000023       0x24 ../freq_meter_nios_bsp/\libhal_bsp.a(alt_open.o)
 .comment       0x0000000000000023       0x24 ../freq_meter_nios_bsp/\libhal_bsp.a(alt_release_fd.o)
 .comment       0x0000000000000023       0x24 ../freq_meter_nios_bsp/\libhal_bsp.a(alt_tick.o)
 .comment       0x0000000000000023       0x24 ../freq_meter_nios_bsp/\libhal_bsp.a(altera_nios2_gen2_irq.o)
 .comment       0x0000000000000023       0x24 ../freq_meter_nios_bsp/\libhal_bsp.a(alt_find_dev.o)
 .comment       0x0000000000000023       0x24 ../freq_meter_nios_bsp/\libhal_bsp.a(alt_find_file.o)
 .comment       0x0000000000000023       0x24 ../freq_meter_nios_bsp/\libhal_bsp.a(alt_get_fd.o)
 .comment       0x0000000000000023       0x24 ../freq_meter_nios_bsp/\libhal_bsp.a(alt_icache_flush.o)
 .comment       0x0000000000000023       0x24 c:/altera/16.0/nios2eds/bin/gnu/h-x86_64-mingw32/bin/../lib/gcc/nios2-elf/5.2.0/../../../../../H-x86_64-mingw32/nios2-elf/lib\libsmallc.a(lib_a-exit.o)
 .comment       0x0000000000000023       0x24 c:/altera/16.0/nios2eds/bin/gnu/h-x86_64-mingw32/bin/../lib/gcc/nios2-elf/5.2.0/../../../../../H-x86_64-mingw32/nios2-elf/lib\libsmallc.a(lib_a-fputs.o)
 .comment       0x0000000000000023       0x24 c:/altera/16.0/nios2eds/bin/gnu/h-x86_64-mingw32/bin/../lib/gcc/nios2-elf/5.2.0/../../../../../H-x86_64-mingw32/nios2-elf/lib\libsmallc.a(lib_a-memcmp.o)
 .comment       0x0000000000000023       0x24 c:/altera/16.0/nios2eds/bin/gnu/h-x86_64-mingw32/bin/../lib/gcc/nios2-elf/5.2.0/../../../../../H-x86_64-mingw32/nios2-elf/lib\libsmallc.a(lib_a-__call_atexit.o)
 .comment       0x0000000000000023       0x24 ../freq_meter_nios_bsp/\libhal_bsp.a(alt_exit.o)

.debug
 *(.debug)

.line
 *(.line)

.debug_srcinfo
 *(.debug_srcinfo)

.debug_sfnames
 *(.debug_sfnames)

.debug_aranges  0x0000000000000000      0x758
 *(.debug_aranges)
 .debug_aranges
                0x0000000000000000       0x28 ../freq_meter_nios_bsp//obj/HAL/src/crt0.o
 .debug_aranges
                0x0000000000000028       0x18 obj/default/Source/croutine.o
 .debug_aranges
                0x0000000000000040       0x20 obj/default/Source/event_groups.o
 .debug_aranges
                0x0000000000000060       0x20 obj/default/Source/list.o
 .debug_aranges
                0x0000000000000080       0x20 obj/default/Source/portable/GCC/NiosII/port.o
 .debug_aranges
                0x00000000000000a0       0x20 obj/default/Source/portable/MemMang/heap_1.o
 .debug_aranges
                0x00000000000000c0       0x20 obj/default/Source/queue.o
 .debug_aranges
                0x00000000000000e0       0x20 obj/default/Source/stream_buffer.o
 .debug_aranges
                0x0000000000000100       0x20 obj/default/Source/tasks.o
 .debug_aranges
                0x0000000000000120       0x18 obj/default/Source/timers.o
 .debug_aranges
                0x0000000000000138       0x20 obj/default/main.o
 .debug_aranges
                0x0000000000000158       0x40 obj/default/Source/portable/GCC/NiosII/port_asm.o
 .debug_aranges
                0x0000000000000198       0x20 c:/altera/16.0/nios2eds/bin/gnu/h-x86_64-mingw32/bin/../lib/gcc/nios2-elf/5.2.0/../../../../../H-x86_64-mingw32/nios2-elf/lib\libsmallc.a(lib_a-memcpy.o)
 .debug_aranges
                0x00000000000001b8       0x20 c:/altera/16.0/nios2eds/bin/gnu/h-x86_64-mingw32/bin/../lib/gcc/nios2-elf/5.2.0/../../../../../H-x86_64-mingw32/nios2-elf/lib\libsmallc.a(lib_a-memset.o)
 .debug_aranges
                0x00000000000001d8       0x28 c:/altera/16.0/nios2eds/bin/gnu/h-x86_64-mingw32/bin/../lib/gcc/nios2-elf/5.2.0/../../../../../H-x86_64-mingw32/nios2-elf/lib\libsmallc.a(lib_a-puts.o)
 .debug_aranges
                0x0000000000000200       0x20 c:/altera/16.0/nios2eds/bin/gnu/h-x86_64-mingw32/bin/../lib/gcc/nios2-elf/5.2.0/../../../../../H-x86_64-mingw32/nios2-elf/lib\libsmallc.a(lib_a-strlen.o)
 .debug_aranges
                0x0000000000000220       0x28 c:/altera/16.0/nios2eds/bin/gnu/h-x86_64-mingw32/bin/../lib/gcc/nios2-elf/5.2.0/../../../../../H-x86_64-mingw32/nios2-elf/lib\libsmallc.a(lib_a-vsprintf.o)
 .debug_aranges
                0x0000000000000248       0x20 c:/altera/16.0/nios2eds/bin/gnu/h-x86_64-mingw32/bin/../lib/gcc/nios2-elf/5.2.0/../../../../../H-x86_64-mingw32/nios2-elf/lib\libsmallc.a(lib_a-fvwrite_small_dev.o)
 .debug_aranges
                0x0000000000000268       0x20 c:/altera/16.0/nios2eds/bin/gnu/h-x86_64-mingw32/bin/../lib/gcc/nios2-elf/5.2.0/../../../../../H-x86_64-mingw32/nios2-elf/lib\libsmallc.a(lib_a-fvwrite_small_str.o)
 .debug_aranges
                0x0000000000000288       0x18 c:/altera/16.0/nios2eds/bin/gnu/h-x86_64-mingw32/bin/../lib/gcc/nios2-elf/5.2.0/../../../../../H-x86_64-mingw32/nios2-elf/lib\libsmallc.a(lib_a-impure.o)
 .debug_aranges
                0x00000000000002a0       0x20 c:/altera/16.0/nios2eds/bin/gnu/h-x86_64-mingw32/bin/../lib/gcc/nios2-elf/5.2.0/../../../../../H-x86_64-mingw32/nios2-elf/lib\libsmallc.a(lib_a-memmove.o)
 .debug_aranges
                0x00000000000002c0       0x30 c:/altera/16.0/nios2eds/bin/gnu/h-x86_64-mingw32/bin/../lib/gcc/nios2-elf/5.2.0/../../../../../H-x86_64-mingw32/nios2-elf/lib\libsmallc.a(lib_a-svfprintf.o)
 .debug_aranges
                0x00000000000002f0       0x20 c:/altera/16.0/nios2eds/bin/gnu/h-x86_64-mingw32/bin/../lib/gcc/nios2-elf/5.2.0/../../../../../H-x86_64-mingw32/nios2-elf/lib\libsmallc.a(lib_a-writer.o)
 .debug_aranges
                0x0000000000000310       0x18 c:/altera/16.0/nios2eds/bin/gnu/h-x86_64-mingw32/bin/../lib/gcc/nios2-elf/5.2.0/../../../../../H-x86_64-mingw32/nios2-elf/lib\libsmallc.a(lib_a-int_errno.o)
 .debug_aranges
                0x0000000000000328       0x20 c:/altera/16.0/nios2eds/bin/gnu/h-x86_64-mingw32/bin/../lib/gcc/nios2-elf/5.2.0\libgcc.a(lib2-divmod.o)
 .debug_aranges
                0x0000000000000348       0x20 ../freq_meter_nios_bsp/\libhal_bsp.a(alt_irq_handler.o)
 .debug_aranges
                0x0000000000000368       0x18 ../freq_meter_nios_bsp/\libhal_bsp.a(alt_irq_vars.o)
 .debug_aranges
                0x0000000000000380       0x20 ../freq_meter_nios_bsp/\libhal_bsp.a(alt_load.o)
 .debug_aranges
                0x00000000000003a0       0x20 ../freq_meter_nios_bsp/\libhal_bsp.a(alt_main.o)
 .debug_aranges
                0x00000000000003c0       0x20 ../freq_meter_nios_bsp/\libhal_bsp.a(alt_putstr.o)
 .debug_aranges
                0x00000000000003e0       0x20 ../freq_meter_nios_bsp/\libhal_bsp.a(alt_write.o)
 .debug_aranges
                0x0000000000000400       0x20 ../freq_meter_nios_bsp/\libhal_bsp.a(alt_sys_init.o)
 .debug_aranges
                0x0000000000000420       0x20 ../freq_meter_nios_bsp/\libhal_bsp.a(altera_avalon_jtag_uart_fd.o)
 .debug_aranges
                0x0000000000000440       0x20 ../freq_meter_nios_bsp/\libhal_bsp.a(altera_avalon_jtag_uart_init.o)
 .debug_aranges
                0x0000000000000460       0x20 ../freq_meter_nios_bsp/\libhal_bsp.a(altera_avalon_jtag_uart_ioctl.o)
 .debug_aranges
                0x0000000000000480       0x20 ../freq_meter_nios_bsp/\libhal_bsp.a(altera_avalon_jtag_uart_read.o)
 .debug_aranges
                0x00000000000004a0       0x20 ../freq_meter_nios_bsp/\libhal_bsp.a(altera_avalon_jtag_uart_write.o)
 .debug_aranges
                0x00000000000004c0       0x20 ../freq_meter_nios_bsp/\libhal_bsp.a(alt_alarm_start.o)
 .debug_aranges
                0x00000000000004e0       0x20 ../freq_meter_nios_bsp/\libhal_bsp.a(alt_close.o)
 .debug_aranges
                0x0000000000000500       0x20 ../freq_meter_nios_bsp/\libhal_bsp.a(alt_dcache_flush_all.o)
 .debug_aranges
                0x0000000000000520       0x20 ../freq_meter_nios_bsp/\libhal_bsp.a(alt_dev.o)
 .debug_aranges
                0x0000000000000540       0x20 ../freq_meter_nios_bsp/\libhal_bsp.a(alt_dev_llist_insert.o)
 .debug_aranges
                0x0000000000000560       0x18 ../freq_meter_nios_bsp/\libhal_bsp.a(alt_errno.o)
 .debug_aranges
                0x0000000000000578       0x20 ../freq_meter_nios_bsp/\libhal_bsp.a(alt_icache_flush_all.o)
 .debug_aranges
                0x0000000000000598       0x20 ../freq_meter_nios_bsp/\libhal_bsp.a(alt_io_redirect.o)
 .debug_aranges
                0x00000000000005b8       0x20 ../freq_meter_nios_bsp/\libhal_bsp.a(alt_open.o)
 .debug_aranges
                0x00000000000005d8       0x20 ../freq_meter_nios_bsp/\libhal_bsp.a(alt_release_fd.o)
 .debug_aranges
                0x00000000000005f8       0x20 ../freq_meter_nios_bsp/\libhal_bsp.a(alt_tick.o)
 .debug_aranges
                0x0000000000000618       0x20 ../freq_meter_nios_bsp/\libhal_bsp.a(altera_nios2_gen2_irq.o)
 .debug_aranges
                0x0000000000000638       0x20 ../freq_meter_nios_bsp/\libhal_bsp.a(alt_find_dev.o)
 .debug_aranges
                0x0000000000000658       0x20 ../freq_meter_nios_bsp/\libhal_bsp.a(alt_find_file.o)
 .debug_aranges
                0x0000000000000678       0x20 ../freq_meter_nios_bsp/\libhal_bsp.a(alt_get_fd.o)
 .debug_aranges
                0x0000000000000698       0x20 ../freq_meter_nios_bsp/\libhal_bsp.a(alt_icache_flush.o)
 .debug_aranges
                0x00000000000006b8       0x20 c:/altera/16.0/nios2eds/bin/gnu/h-x86_64-mingw32/bin/../lib/gcc/nios2-elf/5.2.0/../../../../../H-x86_64-mingw32/nios2-elf/lib\libsmallc.a(lib_a-exit.o)
 .debug_aranges
                0x00000000000006d8       0x20 c:/altera/16.0/nios2eds/bin/gnu/h-x86_64-mingw32/bin/../lib/gcc/nios2-elf/5.2.0/../../../../../H-x86_64-mingw32/nios2-elf/lib\libsmallc.a(lib_a-fputs.o)
 .debug_aranges
                0x00000000000006f8       0x20 c:/altera/16.0/nios2eds/bin/gnu/h-x86_64-mingw32/bin/../lib/gcc/nios2-elf/5.2.0/../../../../../H-x86_64-mingw32/nios2-elf/lib\libsmallc.a(lib_a-memcmp.o)
 .debug_aranges
                0x0000000000000718       0x20 c:/altera/16.0/nios2eds/bin/gnu/h-x86_64-mingw32/bin/../lib/gcc/nios2-elf/5.2.0/../../../../../H-x86_64-mingw32/nios2-elf/lib\libsmallc.a(lib_a-__call_atexit.o)
 .debug_aranges
                0x0000000000000738       0x20 ../freq_meter_nios_bsp/\libhal_bsp.a(alt_exit.o)

.debug_pubnames
 *(.debug_pubnames)

.debug_info     0x0000000000000000     0xe08f
 *(.debug_info .gnu.linkonce.wi.*)
 .debug_info    0x0000000000000000       0x97 ../freq_meter_nios_bsp//obj/HAL/src/crt0.o
 .debug_info    0x0000000000000097       0x9f obj/default/Source/croutine.o
 .debug_info    0x0000000000000136      0x656 obj/default/Source/event_groups.o
 .debug_info    0x000000000000078c      0x2d9 obj/default/Source/list.o
 .debug_info    0x0000000000000a65      0x458 obj/default/Source/portable/GCC/NiosII/port.o
 .debug_info    0x0000000000000ebd      0x1ab obj/default/Source/portable/MemMang/heap_1.o
 .debug_info    0x0000000000001068      0xe43 obj/default/Source/queue.o
 .debug_info    0x0000000000001eab      0xb33 obj/default/Source/stream_buffer.o
 .debug_info    0x00000000000029de     0x1584 obj/default/Source/tasks.o
 .debug_info    0x0000000000003f62       0x9f obj/default/Source/timers.o
 .debug_info    0x0000000000004001      0x775 obj/default/main.o
 .debug_info    0x0000000000004776       0xaa obj/default/Source/portable/GCC/NiosII/port_asm.o
 .debug_info    0x0000000000004820      0x119 c:/altera/16.0/nios2eds/bin/gnu/h-x86_64-mingw32/bin/../lib/gcc/nios2-elf/5.2.0/../../../../../H-x86_64-mingw32/nios2-elf/lib\libsmallc.a(lib_a-memcpy.o)
 .debug_info    0x0000000000004939       0xdc c:/altera/16.0/nios2eds/bin/gnu/h-x86_64-mingw32/bin/../lib/gcc/nios2-elf/5.2.0/../../../../../H-x86_64-mingw32/nios2-elf/lib\libsmallc.a(lib_a-memset.o)
 .debug_info    0x0000000000004a15      0x66d c:/altera/16.0/nios2eds/bin/gnu/h-x86_64-mingw32/bin/../lib/gcc/nios2-elf/5.2.0/../../../../../H-x86_64-mingw32/nios2-elf/lib\libsmallc.a(lib_a-puts.o)
 .debug_info    0x0000000000005082       0xc9 c:/altera/16.0/nios2eds/bin/gnu/h-x86_64-mingw32/bin/../lib/gcc/nios2-elf/5.2.0/../../../../../H-x86_64-mingw32/nios2-elf/lib\libsmallc.a(lib_a-strlen.o)
 .debug_info    0x000000000000514b      0x7a1 c:/altera/16.0/nios2eds/bin/gnu/h-x86_64-mingw32/bin/../lib/gcc/nios2-elf/5.2.0/../../../../../H-x86_64-mingw32/nios2-elf/lib\libsmallc.a(lib_a-vsprintf.o)
 .debug_info    0x00000000000058ec      0x62b c:/altera/16.0/nios2eds/bin/gnu/h-x86_64-mingw32/bin/../lib/gcc/nios2-elf/5.2.0/../../../../../H-x86_64-mingw32/nios2-elf/lib\libsmallc.a(lib_a-fvwrite_small_dev.o)
 .debug_info    0x0000000000005f17      0x700 c:/altera/16.0/nios2eds/bin/gnu/h-x86_64-mingw32/bin/../lib/gcc/nios2-elf/5.2.0/../../../../../H-x86_64-mingw32/nios2-elf/lib\libsmallc.a(lib_a-fvwrite_small_str.o)
 .debug_info    0x0000000000006617      0x5a9 c:/altera/16.0/nios2eds/bin/gnu/h-x86_64-mingw32/bin/../lib/gcc/nios2-elf/5.2.0/../../../../../H-x86_64-mingw32/nios2-elf/lib\libsmallc.a(lib_a-impure.o)
 .debug_info    0x0000000000006bc0      0x10b c:/altera/16.0/nios2eds/bin/gnu/h-x86_64-mingw32/bin/../lib/gcc/nios2-elf/5.2.0/../../../../../H-x86_64-mingw32/nios2-elf/lib\libsmallc.a(lib_a-memmove.o)
 .debug_info    0x0000000000006ccb      0xb2b c:/altera/16.0/nios2eds/bin/gnu/h-x86_64-mingw32/bin/../lib/gcc/nios2-elf/5.2.0/../../../../../H-x86_64-mingw32/nios2-elf/lib\libsmallc.a(lib_a-svfprintf.o)
 .debug_info    0x00000000000077f6      0x630 c:/altera/16.0/nios2eds/bin/gnu/h-x86_64-mingw32/bin/../lib/gcc/nios2-elf/5.2.0/../../../../../H-x86_64-mingw32/nios2-elf/lib\libsmallc.a(lib_a-writer.o)
 .debug_info    0x0000000000007e26       0x8a c:/altera/16.0/nios2eds/bin/gnu/h-x86_64-mingw32/bin/../lib/gcc/nios2-elf/5.2.0/../../../../../H-x86_64-mingw32/nios2-elf/lib\libsmallc.a(lib_a-int_errno.o)
 .debug_info    0x0000000000007eb0      0x2c3 c:/altera/16.0/nios2eds/bin/gnu/h-x86_64-mingw32/bin/../lib/gcc/nios2-elf/5.2.0\libgcc.a(lib2-divmod.o)
 .debug_info    0x0000000000008173      0x1a7 ../freq_meter_nios_bsp/\libhal_bsp.a(alt_irq_handler.o)
 .debug_info    0x000000000000831a       0x88 ../freq_meter_nios_bsp/\libhal_bsp.a(alt_irq_vars.o)
 .debug_info    0x00000000000083a2      0x145 ../freq_meter_nios_bsp/\libhal_bsp.a(alt_load.o)
 .debug_info    0x00000000000084e7      0x157 ../freq_meter_nios_bsp/\libhal_bsp.a(alt_main.o)
 .debug_info    0x000000000000863e      0x8a8 ../freq_meter_nios_bsp/\libhal_bsp.a(alt_putstr.o)
 .debug_info    0x0000000000008ee6      0x4b7 ../freq_meter_nios_bsp/\libhal_bsp.a(alt_write.o)
 .debug_info    0x000000000000939d      0x4ef ../freq_meter_nios_bsp/\libhal_bsp.a(alt_sys_init.o)
 .debug_info    0x000000000000988c      0x52e ../freq_meter_nios_bsp/\libhal_bsp.a(altera_avalon_jtag_uart_fd.o)
 .debug_info    0x0000000000009dba      0x3c3 ../freq_meter_nios_bsp/\libhal_bsp.a(altera_avalon_jtag_uart_init.o)
 .debug_info    0x000000000000a17d      0x280 ../freq_meter_nios_bsp/\libhal_bsp.a(altera_avalon_jtag_uart_ioctl.o)
 .debug_info    0x000000000000a3fd      0x35b ../freq_meter_nios_bsp/\libhal_bsp.a(altera_avalon_jtag_uart_read.o)
 .debug_info    0x000000000000a758      0x356 ../freq_meter_nios_bsp/\libhal_bsp.a(altera_avalon_jtag_uart_write.o)
 .debug_info    0x000000000000aaae      0x2e2 ../freq_meter_nios_bsp/\libhal_bsp.a(alt_alarm_start.o)
 .debug_info    0x000000000000ad90      0x321 ../freq_meter_nios_bsp/\libhal_bsp.a(alt_close.o)
 .debug_info    0x000000000000b0b1       0xa5 ../freq_meter_nios_bsp/\libhal_bsp.a(alt_dcache_flush_all.o)
 .debug_info    0x000000000000b156      0x49c ../freq_meter_nios_bsp/\libhal_bsp.a(alt_dev.o)
 .debug_info    0x000000000000b5f2      0x1a9 ../freq_meter_nios_bsp/\libhal_bsp.a(alt_dev_llist_insert.o)
 .debug_info    0x000000000000b79b       0xa6 ../freq_meter_nios_bsp/\libhal_bsp.a(alt_errno.o)
 .debug_info    0x000000000000b841       0x92 ../freq_meter_nios_bsp/\libhal_bsp.a(alt_icache_flush_all.o)
 .debug_info    0x000000000000b8d3      0x4a5 ../freq_meter_nios_bsp/\libhal_bsp.a(alt_io_redirect.o)
 .debug_info    0x000000000000bd78      0x3bb ../freq_meter_nios_bsp/\libhal_bsp.a(alt_open.o)
 .debug_info    0x000000000000c133      0x2b0 ../freq_meter_nios_bsp/\libhal_bsp.a(alt_release_fd.o)
 .debug_info    0x000000000000c3e3      0x2af ../freq_meter_nios_bsp/\libhal_bsp.a(alt_tick.o)
 .debug_info    0x000000000000c692       0xb8 ../freq_meter_nios_bsp/\libhal_bsp.a(altera_nios2_gen2_irq.o)
 .debug_info    0x000000000000c74a      0x2e9 ../freq_meter_nios_bsp/\libhal_bsp.a(alt_find_dev.o)
 .debug_info    0x000000000000ca33      0x2e6 ../freq_meter_nios_bsp/\libhal_bsp.a(alt_find_file.o)
 .debug_info    0x000000000000cd19      0x310 ../freq_meter_nios_bsp/\libhal_bsp.a(alt_get_fd.o)
 .debug_info    0x000000000000d029       0xdc ../freq_meter_nios_bsp/\libhal_bsp.a(alt_icache_flush.o)
 .debug_info    0x000000000000d105       0xe5 c:/altera/16.0/nios2eds/bin/gnu/h-x86_64-mingw32/bin/../lib/gcc/nios2-elf/5.2.0/../../../../../H-x86_64-mingw32/nios2-elf/lib\libsmallc.a(lib_a-exit.o)
 .debug_info    0x000000000000d1ea      0x620 c:/altera/16.0/nios2eds/bin/gnu/h-x86_64-mingw32/bin/../lib/gcc/nios2-elf/5.2.0/../../../../../H-x86_64-mingw32/nios2-elf/lib\libsmallc.a(lib_a-fputs.o)
 .debug_info    0x000000000000d80a       0xf4 c:/altera/16.0/nios2eds/bin/gnu/h-x86_64-mingw32/bin/../lib/gcc/nios2-elf/5.2.0/../../../../../H-x86_64-mingw32/nios2-elf/lib\libsmallc.a(lib_a-memcmp.o)
 .debug_info    0x000000000000d8fe      0x67b c:/altera/16.0/nios2eds/bin/gnu/h-x86_64-mingw32/bin/../lib/gcc/nios2-elf/5.2.0/../../../../../H-x86_64-mingw32/nios2-elf/lib\libsmallc.a(lib_a-__call_atexit.o)
 .debug_info    0x000000000000df79      0x116 ../freq_meter_nios_bsp/\libhal_bsp.a(alt_exit.o)

.debug_abbrev   0x0000000000000000     0x3fa3
 *(.debug_abbrev)
 .debug_abbrev  0x0000000000000000       0x12 ../freq_meter_nios_bsp//obj/HAL/src/crt0.o
 .debug_abbrev  0x0000000000000012       0x4b obj/default/Source/croutine.o
 .debug_abbrev  0x000000000000005d      0x151 obj/default/Source/event_groups.o
 .debug_abbrev  0x00000000000001ae       0xd8 obj/default/Source/list.o
 .debug_abbrev  0x0000000000000286      0x21c obj/default/Source/portable/GCC/NiosII/port.o
 .debug_abbrev  0x00000000000004a2      0x106 obj/default/Source/portable/MemMang/heap_1.o
 .debug_abbrev  0x00000000000005a8      0x1b6 obj/default/Source/queue.o
 .debug_abbrev  0x000000000000075e      0x1a9 obj/default/Source/stream_buffer.o
 .debug_abbrev  0x0000000000000907      0x268 obj/default/Source/tasks.o
 .debug_abbrev  0x0000000000000b6f       0x4b obj/default/Source/timers.o
 .debug_abbrev  0x0000000000000bba      0x1bf obj/default/main.o
 .debug_abbrev  0x0000000000000d79       0x12 obj/default/Source/portable/GCC/NiosII/port_asm.o
 .debug_abbrev  0x0000000000000d8b       0x9c c:/altera/16.0/nios2eds/bin/gnu/h-x86_64-mingw32/bin/../lib/gcc/nios2-elf/5.2.0/../../../../../H-x86_64-mingw32/nios2-elf/lib\libsmallc.a(lib_a-memcpy.o)
 .debug_abbrev  0x0000000000000e27       0x8e c:/altera/16.0/nios2eds/bin/gnu/h-x86_64-mingw32/bin/../lib/gcc/nios2-elf/5.2.0/../../../../../H-x86_64-mingw32/nios2-elf/lib\libsmallc.a(lib_a-memset.o)
 .debug_abbrev  0x0000000000000eb5      0x1d6 c:/altera/16.0/nios2eds/bin/gnu/h-x86_64-mingw32/bin/../lib/gcc/nios2-elf/5.2.0/../../../../../H-x86_64-mingw32/nios2-elf/lib\libsmallc.a(lib_a-puts.o)
 .debug_abbrev  0x000000000000108b       0x7f c:/altera/16.0/nios2eds/bin/gnu/h-x86_64-mingw32/bin/../lib/gcc/nios2-elf/5.2.0/../../../../../H-x86_64-mingw32/nios2-elf/lib\libsmallc.a(lib_a-strlen.o)
 .debug_abbrev  0x000000000000110a      0x1f3 c:/altera/16.0/nios2eds/bin/gnu/h-x86_64-mingw32/bin/../lib/gcc/nios2-elf/5.2.0/../../../../../H-x86_64-mingw32/nios2-elf/lib\libsmallc.a(lib_a-vsprintf.o)
 .debug_abbrev  0x00000000000012fd      0x1bc c:/altera/16.0/nios2eds/bin/gnu/h-x86_64-mingw32/bin/../lib/gcc/nios2-elf/5.2.0/../../../../../H-x86_64-mingw32/nios2-elf/lib\libsmallc.a(lib_a-fvwrite_small_dev.o)
 .debug_abbrev  0x00000000000014b9      0x1b5 c:/altera/16.0/nios2eds/bin/gnu/h-x86_64-mingw32/bin/../lib/gcc/nios2-elf/5.2.0/../../../../../H-x86_64-mingw32/nios2-elf/lib\libsmallc.a(lib_a-fvwrite_small_str.o)
 .debug_abbrev  0x000000000000166e      0x14a c:/altera/16.0/nios2eds/bin/gnu/h-x86_64-mingw32/bin/../lib/gcc/nios2-elf/5.2.0/../../../../../H-x86_64-mingw32/nios2-elf/lib\libsmallc.a(lib_a-impure.o)
 .debug_abbrev  0x00000000000017b8       0x8d c:/altera/16.0/nios2eds/bin/gnu/h-x86_64-mingw32/bin/../lib/gcc/nios2-elf/5.2.0/../../../../../H-x86_64-mingw32/nios2-elf/lib\libsmallc.a(lib_a-memmove.o)
 .debug_abbrev  0x0000000000001845      0x2a1 c:/altera/16.0/nios2eds/bin/gnu/h-x86_64-mingw32/bin/../lib/gcc/nios2-elf/5.2.0/../../../../../H-x86_64-mingw32/nios2-elf/lib\libsmallc.a(lib_a-svfprintf.o)
 .debug_abbrev  0x0000000000001ae6      0x1a6 c:/altera/16.0/nios2eds/bin/gnu/h-x86_64-mingw32/bin/../lib/gcc/nios2-elf/5.2.0/../../../../../H-x86_64-mingw32/nios2-elf/lib\libsmallc.a(lib_a-writer.o)
 .debug_abbrev  0x0000000000001c8c       0x37 c:/altera/16.0/nios2eds/bin/gnu/h-x86_64-mingw32/bin/../lib/gcc/nios2-elf/5.2.0/../../../../../H-x86_64-mingw32/nios2-elf/lib\libsmallc.a(lib_a-int_errno.o)
 .debug_abbrev  0x0000000000001cc3      0x10e c:/altera/16.0/nios2eds/bin/gnu/h-x86_64-mingw32/bin/../lib/gcc/nios2-elf/5.2.0\libgcc.a(lib2-divmod.o)
 .debug_abbrev  0x0000000000001dd1      0x13a ../freq_meter_nios_bsp/\libhal_bsp.a(alt_irq_handler.o)
 .debug_abbrev  0x0000000000001f0b       0x40 ../freq_meter_nios_bsp/\libhal_bsp.a(alt_irq_vars.o)
 .debug_abbrev  0x0000000000001f4b       0x9f ../freq_meter_nios_bsp/\libhal_bsp.a(alt_load.o)
 .debug_abbrev  0x0000000000001fea       0xc1 ../freq_meter_nios_bsp/\libhal_bsp.a(alt_main.o)
 .debug_abbrev  0x00000000000020ab      0x1af ../freq_meter_nios_bsp/\libhal_bsp.a(alt_putstr.o)
 .debug_abbrev  0x000000000000225a      0x133 ../freq_meter_nios_bsp/\libhal_bsp.a(alt_write.o)
 .debug_abbrev  0x000000000000238d      0x187 ../freq_meter_nios_bsp/\libhal_bsp.a(alt_sys_init.o)
 .debug_abbrev  0x0000000000002514      0x127 ../freq_meter_nios_bsp/\libhal_bsp.a(altera_avalon_jtag_uart_fd.o)
 .debug_abbrev  0x000000000000263b      0x19e ../freq_meter_nios_bsp/\libhal_bsp.a(altera_avalon_jtag_uart_init.o)
 .debug_abbrev  0x00000000000027d9      0x111 ../freq_meter_nios_bsp/\libhal_bsp.a(altera_avalon_jtag_uart_ioctl.o)
 .debug_abbrev  0x00000000000028ea      0x1aa ../freq_meter_nios_bsp/\libhal_bsp.a(altera_avalon_jtag_uart_read.o)
 .debug_abbrev  0x0000000000002a94      0x1a8 ../freq_meter_nios_bsp/\libhal_bsp.a(altera_avalon_jtag_uart_write.o)
 .debug_abbrev  0x0000000000002c3c      0x162 ../freq_meter_nios_bsp/\libhal_bsp.a(alt_alarm_start.o)
 .debug_abbrev  0x0000000000002d9e      0x11f ../freq_meter_nios_bsp/\libhal_bsp.a(alt_close.o)
 .debug_abbrev  0x0000000000002ebd       0x5a ../freq_meter_nios_bsp/\libhal_bsp.a(alt_dcache_flush_all.o)
 .debug_abbrev  0x0000000000002f17       0xd9 ../freq_meter_nios_bsp/\libhal_bsp.a(alt_dev.o)
 .debug_abbrev  0x0000000000002ff0      0x114 ../freq_meter_nios_bsp/\libhal_bsp.a(alt_dev_llist_insert.o)
 .debug_abbrev  0x0000000000003104       0x5a ../freq_meter_nios_bsp/\libhal_bsp.a(alt_errno.o)
 .debug_abbrev  0x000000000000315e       0x42 ../freq_meter_nios_bsp/\libhal_bsp.a(alt_icache_flush_all.o)
 .debug_abbrev  0x00000000000031a0      0x114 ../freq_meter_nios_bsp/\libhal_bsp.a(alt_io_redirect.o)
 .debug_abbrev  0x00000000000032b4      0x148 ../freq_meter_nios_bsp/\libhal_bsp.a(alt_open.o)
 .debug_abbrev  0x00000000000033fc       0xde ../freq_meter_nios_bsp/\libhal_bsp.a(alt_release_fd.o)
 .debug_abbrev  0x00000000000034da      0x16b ../freq_meter_nios_bsp/\libhal_bsp.a(alt_tick.o)
 .debug_abbrev  0x0000000000003645       0x67 ../freq_meter_nios_bsp/\libhal_bsp.a(altera_nios2_gen2_irq.o)
 .debug_abbrev  0x00000000000036ac       0xf0 ../freq_meter_nios_bsp/\libhal_bsp.a(alt_find_dev.o)
 .debug_abbrev  0x000000000000379c       0xf0 ../freq_meter_nios_bsp/\libhal_bsp.a(alt_find_file.o)
 .debug_abbrev  0x000000000000388c      0x10d ../freq_meter_nios_bsp/\libhal_bsp.a(alt_get_fd.o)
 .debug_abbrev  0x0000000000003999       0x8c ../freq_meter_nios_bsp/\libhal_bsp.a(alt_icache_flush.o)
 .debug_abbrev  0x0000000000003a25       0x8b c:/altera/16.0/nios2eds/bin/gnu/h-x86_64-mingw32/bin/../lib/gcc/nios2-elf/5.2.0/../../../../../H-x86_64-mingw32/nios2-elf/lib\libsmallc.a(lib_a-exit.o)
 .debug_abbrev  0x0000000000003ab0      0x1ae c:/altera/16.0/nios2eds/bin/gnu/h-x86_64-mingw32/bin/../lib/gcc/nios2-elf/5.2.0/../../../../../H-x86_64-mingw32/nios2-elf/lib\libsmallc.a(lib_a-fputs.o)
 .debug_abbrev  0x0000000000003c5e       0x7f c:/altera/16.0/nios2eds/bin/gnu/h-x86_64-mingw32/bin/../lib/gcc/nios2-elf/5.2.0/../../../../../H-x86_64-mingw32/nios2-elf/lib\libsmallc.a(lib_a-memcmp.o)
 .debug_abbrev  0x0000000000003cdd      0x1f6 c:/altera/16.0/nios2eds/bin/gnu/h-x86_64-mingw32/bin/../lib/gcc/nios2-elf/5.2.0/../../../../../H-x86_64-mingw32/nios2-elf/lib\libsmallc.a(lib_a-__call_atexit.o)
 .debug_abbrev  0x0000000000003ed3       0xd0 ../freq_meter_nios_bsp/\libhal_bsp.a(alt_exit.o)

.debug_line     0x0000000000000000     0x579e
 *(.debug_line)
 .debug_line    0x0000000000000000       0x72 ../freq_meter_nios_bsp//obj/HAL/src/crt0.o
 .debug_line    0x0000000000000072       0x85 obj/default/Source/croutine.o
 .debug_line    0x00000000000000f7      0x284 obj/default/Source/event_groups.o
 .debug_line    0x000000000000037b      0x1dc obj/default/Source/list.o
 .debug_line    0x0000000000000557      0x2a5 obj/default/Source/portable/GCC/NiosII/port.o
 .debug_line    0x00000000000007fc      0x1eb obj/default/Source/portable/MemMang/heap_1.o
 .debug_line    0x00000000000009e7      0x509 obj/default/Source/queue.o
 .debug_line    0x0000000000000ef0      0x3b7 obj/default/Source/stream_buffer.o
 .debug_line    0x00000000000012a7      0x8db obj/default/Source/tasks.o
 .debug_line    0x0000000000001b82       0x85 obj/default/Source/timers.o
 .debug_line    0x0000000000001c07      0x381 obj/default/main.o
 .debug_line    0x0000000000001f88       0xe5 obj/default/Source/portable/GCC/NiosII/port_asm.o
 .debug_line    0x000000000000206d      0x15b c:/altera/16.0/nios2eds/bin/gnu/h-x86_64-mingw32/bin/../lib/gcc/nios2-elf/5.2.0/../../../../../H-x86_64-mingw32/nios2-elf/lib\libsmallc.a(lib_a-memcpy.o)
 .debug_line    0x00000000000021c8      0x15a c:/altera/16.0/nios2eds/bin/gnu/h-x86_64-mingw32/bin/../lib/gcc/nios2-elf/5.2.0/../../../../../H-x86_64-mingw32/nios2-elf/lib\libsmallc.a(lib_a-memset.o)
 .debug_line    0x0000000000002322      0x203 c:/altera/16.0/nios2eds/bin/gnu/h-x86_64-mingw32/bin/../lib/gcc/nios2-elf/5.2.0/../../../../../H-x86_64-mingw32/nios2-elf/lib\libsmallc.a(lib_a-puts.o)
 .debug_line    0x0000000000002525      0x159 c:/altera/16.0/nios2eds/bin/gnu/h-x86_64-mingw32/bin/../lib/gcc/nios2-elf/5.2.0/../../../../../H-x86_64-mingw32/nios2-elf/lib\libsmallc.a(lib_a-strlen.o)
 .debug_line    0x000000000000267e      0x200 c:/altera/16.0/nios2eds/bin/gnu/h-x86_64-mingw32/bin/../lib/gcc/nios2-elf/5.2.0/../../../../../H-x86_64-mingw32/nios2-elf/lib\libsmallc.a(lib_a-vsprintf.o)
 .debug_line    0x000000000000287e      0x1ed c:/altera/16.0/nios2eds/bin/gnu/h-x86_64-mingw32/bin/../lib/gcc/nios2-elf/5.2.0/../../../../../H-x86_64-mingw32/nios2-elf/lib\libsmallc.a(lib_a-fvwrite_small_dev.o)
 .debug_line    0x0000000000002a6b      0x1fb c:/altera/16.0/nios2eds/bin/gnu/h-x86_64-mingw32/bin/../lib/gcc/nios2-elf/5.2.0/../../../../../H-x86_64-mingw32/nios2-elf/lib\libsmallc.a(lib_a-fvwrite_small_str.o)
 .debug_line    0x0000000000002c66      0x153 c:/altera/16.0/nios2eds/bin/gnu/h-x86_64-mingw32/bin/../lib/gcc/nios2-elf/5.2.0/../../../../../H-x86_64-mingw32/nios2-elf/lib\libsmallc.a(lib_a-impure.o)
 .debug_line    0x0000000000002db9      0x168 c:/altera/16.0/nios2eds/bin/gnu/h-x86_64-mingw32/bin/../lib/gcc/nios2-elf/5.2.0/../../../../../H-x86_64-mingw32/nios2-elf/lib\libsmallc.a(lib_a-memmove.o)
 .debug_line    0x0000000000002f21      0x34f c:/altera/16.0/nios2eds/bin/gnu/h-x86_64-mingw32/bin/../lib/gcc/nios2-elf/5.2.0/../../../../../H-x86_64-mingw32/nios2-elf/lib\libsmallc.a(lib_a-svfprintf.o)
 .debug_line    0x0000000000003270      0x1ea c:/altera/16.0/nios2eds/bin/gnu/h-x86_64-mingw32/bin/../lib/gcc/nios2-elf/5.2.0/../../../../../H-x86_64-mingw32/nios2-elf/lib\libsmallc.a(lib_a-writer.o)
 .debug_line    0x000000000000345a       0x5c c:/altera/16.0/nios2eds/bin/gnu/h-x86_64-mingw32/bin/../lib/gcc/nios2-elf/5.2.0/../../../../../H-x86_64-mingw32/nios2-elf/lib\libsmallc.a(lib_a-int_errno.o)
 .debug_line    0x00000000000034b6      0x102 c:/altera/16.0/nios2eds/bin/gnu/h-x86_64-mingw32/bin/../lib/gcc/nios2-elf/5.2.0\libgcc.a(lib2-divmod.o)
 .debug_line    0x00000000000035b8       0xcd ../freq_meter_nios_bsp/\libhal_bsp.a(alt_irq_handler.o)
 .debug_line    0x0000000000003685       0x50 ../freq_meter_nios_bsp/\libhal_bsp.a(alt_irq_vars.o)
 .debug_line    0x00000000000036d5       0x8e ../freq_meter_nios_bsp/\libhal_bsp.a(alt_load.o)
 .debug_line    0x0000000000003763       0xcb ../freq_meter_nios_bsp/\libhal_bsp.a(alt_main.o)
 .debug_line    0x000000000000382e      0x10d ../freq_meter_nios_bsp/\libhal_bsp.a(alt_putstr.o)
 .debug_line    0x000000000000393b      0x1cc ../freq_meter_nios_bsp/\libhal_bsp.a(alt_write.o)
 .debug_line    0x0000000000003b07      0x164 ../freq_meter_nios_bsp/\libhal_bsp.a(alt_sys_init.o)
 .debug_line    0x0000000000003c6b      0x12f ../freq_meter_nios_bsp/\libhal_bsp.a(altera_avalon_jtag_uart_fd.o)
 .debug_line    0x0000000000003d9a      0x19f ../freq_meter_nios_bsp/\libhal_bsp.a(altera_avalon_jtag_uart_init.o)
 .debug_line    0x0000000000003f39      0x131 ../freq_meter_nios_bsp/\libhal_bsp.a(altera_avalon_jtag_uart_ioctl.o)
 .debug_line    0x000000000000406a      0x185 ../freq_meter_nios_bsp/\libhal_bsp.a(altera_avalon_jtag_uart_read.o)
 .debug_line    0x00000000000041ef      0x184 ../freq_meter_nios_bsp/\libhal_bsp.a(altera_avalon_jtag_uart_write.o)
 .debug_line    0x0000000000004373      0x10e ../freq_meter_nios_bsp/\libhal_bsp.a(alt_alarm_start.o)
 .debug_line    0x0000000000004481      0x15e ../freq_meter_nios_bsp/\libhal_bsp.a(alt_close.o)
 .debug_line    0x00000000000045df       0x61 ../freq_meter_nios_bsp/\libhal_bsp.a(alt_dcache_flush_all.o)
 .debug_line    0x0000000000004640       0xf0 ../freq_meter_nios_bsp/\libhal_bsp.a(alt_dev.o)
 .debug_line    0x0000000000004730       0xd0 ../freq_meter_nios_bsp/\libhal_bsp.a(alt_dev_llist_insert.o)
 .debug_line    0x0000000000004800       0x51 ../freq_meter_nios_bsp/\libhal_bsp.a(alt_errno.o)
 .debug_line    0x0000000000004851       0x50 ../freq_meter_nios_bsp/\libhal_bsp.a(alt_icache_flush_all.o)
 .debug_line    0x00000000000048a1      0x12b ../freq_meter_nios_bsp/\libhal_bsp.a(alt_io_redirect.o)
 .debug_line    0x00000000000049cc      0x12a ../freq_meter_nios_bsp/\libhal_bsp.a(alt_open.o)
 .debug_line    0x0000000000004af6       0xae ../freq_meter_nios_bsp/\libhal_bsp.a(alt_release_fd.o)
 .debug_line    0x0000000000004ba4      0x113 ../freq_meter_nios_bsp/\libhal_bsp.a(alt_tick.o)
 .debug_line    0x0000000000004cb7       0x8d ../freq_meter_nios_bsp/\libhal_bsp.a(altera_nios2_gen2_irq.o)
 .debug_line    0x0000000000004d44       0xb5 ../freq_meter_nios_bsp/\libhal_bsp.a(alt_find_dev.o)
 .debug_line    0x0000000000004df9       0xd1 ../freq_meter_nios_bsp/\libhal_bsp.a(alt_find_file.o)
 .debug_line    0x0000000000004eca       0xd5 ../freq_meter_nios_bsp/\libhal_bsp.a(alt_get_fd.o)
 .debug_line    0x0000000000004f9f       0x81 ../freq_meter_nios_bsp/\libhal_bsp.a(alt_icache_flush.o)
 .debug_line    0x0000000000005020      0x156 c:/altera/16.0/nios2eds/bin/gnu/h-x86_64-mingw32/bin/../lib/gcc/nios2-elf/5.2.0/../../../../../H-x86_64-mingw32/nios2-elf/lib\libsmallc.a(lib_a-exit.o)
 .debug_line    0x0000000000005176      0x1ef c:/altera/16.0/nios2eds/bin/gnu/h-x86_64-mingw32/bin/../lib/gcc/nios2-elf/5.2.0/../../../../../H-x86_64-mingw32/nios2-elf/lib\libsmallc.a(lib_a-fputs.o)
 .debug_line    0x0000000000005365      0x15d c:/altera/16.0/nios2eds/bin/gnu/h-x86_64-mingw32/bin/../lib/gcc/nios2-elf/5.2.0/../../../../../H-x86_64-mingw32/nios2-elf/lib\libsmallc.a(lib_a-memcmp.o)
 .debug_line    0x00000000000054c2      0x22f c:/altera/16.0/nios2eds/bin/gnu/h-x86_64-mingw32/bin/../lib/gcc/nios2-elf/5.2.0/../../../../../H-x86_64-mingw32/nios2-elf/lib\libsmallc.a(lib_a-__call_atexit.o)
 .debug_line    0x00000000000056f1       0xad ../freq_meter_nios_bsp/\libhal_bsp.a(alt_exit.o)

.debug_frame    0x0000000000000000     0x2250
 *(.debug_frame)
 .debug_frame   0x0000000000000000      0x198 obj/default/Source/event_groups.o
 .debug_frame   0x0000000000000198       0xc4 obj/default/Source/list.o
 .debug_frame   0x000000000000025c      0x11c obj/default/Source/portable/GCC/NiosII/port.o
 .debug_frame   0x0000000000000378       0xa4 obj/default/Source/portable/MemMang/heap_1.o
 .debug_frame   0x000000000000041c      0x468 obj/default/Source/queue.o
 .debug_frame   0x0000000000000884      0x348 obj/default/Source/stream_buffer.o
 .debug_frame   0x0000000000000bcc      0x858 obj/default/Source/tasks.o
 .debug_frame   0x0000000000001424      0x294 obj/default/main.o
 .debug_frame   0x00000000000016b8       0x20 c:/altera/16.0/nios2eds/bin/gnu/h-x86_64-mingw32/bin/../lib/gcc/nios2-elf/5.2.0/../../../../../H-x86_64-mingw32/nios2-elf/lib\libsmallc.a(lib_a-memcpy.o)
 .debug_frame   0x00000000000016d8       0x20 c:/altera/16.0/nios2eds/bin/gnu/h-x86_64-mingw32/bin/../lib/gcc/nios2-elf/5.2.0/../../../../../H-x86_64-mingw32/nios2-elf/lib\libsmallc.a(lib_a-memset.o)
 .debug_frame   0x00000000000016f8       0x48 c:/altera/16.0/nios2eds/bin/gnu/h-x86_64-mingw32/bin/../lib/gcc/nios2-elf/5.2.0/../../../../../H-x86_64-mingw32/nios2-elf/lib\libsmallc.a(lib_a-puts.o)
 .debug_frame   0x0000000000001740       0x20 c:/altera/16.0/nios2eds/bin/gnu/h-x86_64-mingw32/bin/../lib/gcc/nios2-elf/5.2.0/../../../../../H-x86_64-mingw32/nios2-elf/lib\libsmallc.a(lib_a-strlen.o)
 .debug_frame   0x0000000000001760       0x3c c:/altera/16.0/nios2eds/bin/gnu/h-x86_64-mingw32/bin/../lib/gcc/nios2-elf/5.2.0/../../../../../H-x86_64-mingw32/nios2-elf/lib\libsmallc.a(lib_a-vsprintf.o)
 .debug_frame   0x000000000000179c       0x58 c:/altera/16.0/nios2eds/bin/gnu/h-x86_64-mingw32/bin/../lib/gcc/nios2-elf/5.2.0/../../../../../H-x86_64-mingw32/nios2-elf/lib\libsmallc.a(lib_a-fvwrite_small_dev.o)
 .debug_frame   0x00000000000017f4       0x44 c:/altera/16.0/nios2eds/bin/gnu/h-x86_64-mingw32/bin/../lib/gcc/nios2-elf/5.2.0/../../../../../H-x86_64-mingw32/nios2-elf/lib\libsmallc.a(lib_a-fvwrite_small_str.o)
 .debug_frame   0x0000000000001838       0x20 c:/altera/16.0/nios2eds/bin/gnu/h-x86_64-mingw32/bin/../lib/gcc/nios2-elf/5.2.0/../../../../../H-x86_64-mingw32/nios2-elf/lib\libsmallc.a(lib_a-memmove.o)
 .debug_frame   0x0000000000001858       0x8c c:/altera/16.0/nios2eds/bin/gnu/h-x86_64-mingw32/bin/../lib/gcc/nios2-elf/5.2.0/../../../../../H-x86_64-mingw32/nios2-elf/lib\libsmallc.a(lib_a-svfprintf.o)
 .debug_frame   0x00000000000018e4       0x38 c:/altera/16.0/nios2eds/bin/gnu/h-x86_64-mingw32/bin/../lib/gcc/nios2-elf/5.2.0/../../../../../H-x86_64-mingw32/nios2-elf/lib\libsmallc.a(lib_a-writer.o)
 .debug_frame   0x000000000000191c       0x50 c:/altera/16.0/nios2eds/bin/gnu/h-x86_64-mingw32/bin/../lib/gcc/nios2-elf/5.2.0\libgcc.a(lib2-divmod.o)
 .debug_frame   0x000000000000196c       0x38 ../freq_meter_nios_bsp/\libhal_bsp.a(alt_irq_handler.o)
 .debug_frame   0x00000000000019a4       0x5c ../freq_meter_nios_bsp/\libhal_bsp.a(alt_load.o)
 .debug_frame   0x0000000000001a00       0x2c ../freq_meter_nios_bsp/\libhal_bsp.a(alt_main.o)
 .debug_frame   0x0000000000001a2c       0x38 ../freq_meter_nios_bsp/\libhal_bsp.a(alt_putstr.o)
 .debug_frame   0x0000000000001a64       0x60 ../freq_meter_nios_bsp/\libhal_bsp.a(alt_write.o)
 .debug_frame   0x0000000000001ac4       0x88 ../freq_meter_nios_bsp/\libhal_bsp.a(alt_sys_init.o)
 .debug_frame   0x0000000000001b4c       0xb0 ../freq_meter_nios_bsp/\libhal_bsp.a(altera_avalon_jtag_uart_fd.o)
 .debug_frame   0x0000000000001bfc       0xa4 ../freq_meter_nios_bsp/\libhal_bsp.a(altera_avalon_jtag_uart_init.o)
 .debug_frame   0x0000000000001ca0       0x34 ../freq_meter_nios_bsp/\libhal_bsp.a(altera_avalon_jtag_uart_ioctl.o)
 .debug_frame   0x0000000000001cd4       0x38 ../freq_meter_nios_bsp/\libhal_bsp.a(altera_avalon_jtag_uart_read.o)
 .debug_frame   0x0000000000001d0c       0x38 ../freq_meter_nios_bsp/\libhal_bsp.a(altera_avalon_jtag_uart_write.o)
 .debug_frame   0x0000000000001d44       0x34 ../freq_meter_nios_bsp/\libhal_bsp.a(alt_alarm_start.o)
 .debug_frame   0x0000000000001d78       0x60 ../freq_meter_nios_bsp/\libhal_bsp.a(alt_close.o)
 .debug_frame   0x0000000000001dd8       0x34 ../freq_meter_nios_bsp/\libhal_bsp.a(alt_dcache_flush_all.o)
 .debug_frame   0x0000000000001e0c       0x34 ../freq_meter_nios_bsp/\libhal_bsp.a(alt_dev.o)
 .debug_frame   0x0000000000001e40       0x60 ../freq_meter_nios_bsp/\libhal_bsp.a(alt_dev_llist_insert.o)
 .debug_frame   0x0000000000001ea0       0x38 ../freq_meter_nios_bsp/\libhal_bsp.a(alt_icache_flush_all.o)
 .debug_frame   0x0000000000001ed8       0x60 ../freq_meter_nios_bsp/\libhal_bsp.a(alt_io_redirect.o)
 .debug_frame   0x0000000000001f38       0x84 ../freq_meter_nios_bsp/\libhal_bsp.a(alt_open.o)