Archive member included to satisfy reference by file (symbol)

c:/altera/16.0/nios2eds/bin/gnu/h-x86_64-mingw32/bin/../lib/gcc/nios2-elf/5.2.0/../../../../../H-x86_64-mingw32/nios2-elf/lib\libsmallc.a(lib_a-itoa.o)
                              obj/default/main.o (itoa)
c:/altera/16.0/nios2eds/bin/gnu/h-x86_64-mingw32/bin/../lib/gcc/nios2-elf/5.2.0/../../../../../H-x86_64-mingw32/nios2-elf/lib\libsmallc.a(lib_a-memcpy.o)
                              obj/default/Source/queue.o (memcpy)
c:/altera/16.0/nios2eds/bin/gnu/h-x86_64-mingw32/bin/../lib/gcc/nios2-elf/5.2.0/../../../../../H-x86_64-mingw32/nios2-elf/lib\libsmallc.a(lib_a-memset.o)
                              obj/default/Source/stream_buffer.o (memset)
c:/altera/16.0/nios2eds/bin/gnu/h-x86_64-mingw32/bin/../lib/gcc/nios2-elf/5.2.0/../../../../../H-x86_64-mingw32/nios2-elf/lib\libsmallc.a(lib_a-puts.o)
                              obj/default/main.o (puts)
c:/altera/16.0/nios2eds/bin/gnu/h-x86_64-mingw32/bin/../lib/gcc/nios2-elf/5.2.0/../../../../../H-x86_64-mingw32/nios2-elf/lib\libsmallc.a(lib_a-strlen.o)
                              obj/default/main.o (strlen)
c:/altera/16.0/nios2eds/bin/gnu/h-x86_64-mingw32/bin/../lib/gcc/nios2-elf/5.2.0/../../../../../H-x86_64-mingw32/nios2-elf/lib\libsmallc.a(lib_a-utoa.o)
                              c:/altera/16.0/nios2eds/bin/gnu/h-x86_64-mingw32/bin/../lib/gcc/nios2-elf/5.2.0/../../../../../H-x86_64-mingw32/nios2-elf/lib\libsmallc.a(lib_a-itoa.o) (__utoa)
c:/altera/16.0/nios2eds/bin/gnu/h-x86_64-mingw32/bin/../lib/gcc/nios2-elf/5.2.0/../../../../../H-x86_64-mingw32/nios2-elf/lib\libsmallc.a(lib_a-vsprintf.o)
                              obj/default/main.o (vsprintf)
c:/altera/16.0/nios2eds/bin/gnu/h-x86_64-mingw32/bin/../lib/gcc/nios2-elf/5.2.0/../../../../../H-x86_64-mingw32/nios2-elf/lib\libsmallc.a(lib_a-fvwrite_small_dev.o)
                              c:/altera/16.0/nios2eds/bin/gnu/h-x86_64-mingw32/bin/../lib/gcc/nios2-elf/5.2.0/../../../../../H-x86_64-mingw32/nios2-elf/lib\libsmallc.a(lib_a-puts.o) (__sfvwrite_small_dev)
c:/altera/16.0/nios2eds/bin/gnu/h-x86_64-mingw32/bin/../lib/gcc/nios2-elf/5.2.0/../../../../../H-x86_64-mingw32/nios2-elf/lib\libsmallc.a(lib_a-fvwrite_small_str.o)
                              c:/altera/16.0/nios2eds/bin/gnu/h-x86_64-mingw32/bin/../lib/gcc/nios2-elf/5.2.0/../../../../../H-x86_64-mingw32/nios2-elf/lib\libsmallc.a(lib_a-vsprintf.o) (__sfvwrite_small_str)
c:/altera/16.0/nios2eds/bin/gnu/h-x86_64-mingw32/bin/../lib/gcc/nios2-elf/5.2.0/../../../../../H-x86_64-mingw32/nios2-elf/lib\libsmallc.a(lib_a-impure.o)
                              c:/altera/16.0/nios2eds/bin/gnu/h-x86_64-mingw32/bin/../lib/gcc/nios2-elf/5.2.0/../../../../../H-x86_64-mingw32/nios2-elf/lib\libsmallc.a(lib_a-puts.o) (_impure_ptr)
c:/altera/16.0/nios2eds/bin/gnu/h-x86_64-mingw32/bin/../lib/gcc/nios2-elf/5.2.0/../../../../../H-x86_64-mingw32/nios2-elf/lib\libsmallc.a(lib_a-memmove.o)
                              c:/altera/16.0/nios2eds/bin/gnu/h-x86_64-mingw32/bin/../lib/gcc/nios2-elf/5.2.0/../../../../../H-x86_64-mingw32/nios2-elf/lib\libsmallc.a(lib_a-fvwrite_small_str.o) (memmove)
c:/altera/16.0/nios2eds/bin/gnu/h-x86_64-mingw32/bin/../lib/gcc/nios2-elf/5.2.0/../../../../../H-x86_64-mingw32/nios2-elf/lib\libsmallc.a(lib_a-svfprintf.o)
                              c:/altera/16.0/nios2eds/bin/gnu/h-x86_64-mingw32/bin/../lib/gcc/nios2-elf/5.2.0/../../../../../H-x86_64-mingw32/nios2-elf/lib\libsmallc.a(lib_a-vsprintf.o) (___svfprintf_internal_r)
c:/altera/16.0/nios2eds/bin/gnu/h-x86_64-mingw32/bin/../lib/gcc/nios2-elf/5.2.0/../../../../../H-x86_64-mingw32/nios2-elf/lib\libsmallc.a(lib_a-writer.o)
                              c:/altera/16.0/nios2eds/bin/gnu/h-x86_64-mingw32/bin/../lib/gcc/nios2-elf/5.2.0/../../../../../H-x86_64-mingw32/nios2-elf/lib\libsmallc.a(lib_a-fvwrite_small_dev.o) (_write_r)
c:/altera/16.0/nios2eds/bin/gnu/h-x86_64-mingw32/bin/../lib/gcc/nios2-elf/5.2.0/../../../../../H-x86_64-mingw32/nios2-elf/lib\libsmallc.a(lib_a-int_errno.o)
                              c:/altera/16.0/nios2eds/bin/gnu/h-x86_64-mingw32/bin/../lib/gcc/nios2-elf/5.2.0/../../../../../H-x86_64-mingw32/nios2-elf/lib\libsmallc.a(lib_a-writer.o) (errno)
c:/altera/16.0/nios2eds/bin/gnu/h-x86_64-mingw32/bin/../lib/gcc/nios2-elf/5.2.0\libgcc.a(lib2-divmod.o)
                              c:/altera/16.0/nios2eds/bin/gnu/h-x86_64-mingw32/bin/../lib/gcc/nios2-elf/5.2.0/../../../../../H-x86_64-mingw32/nios2-elf/lib\libsmallc.a(lib_a-utoa.o) (__udivsi3)
../freq_meter_nios_bsp/\libhal_bsp.a(alt_irq_handler.o)
                              obj/default/Source/portable/GCC/NiosII/port.o (alt_irq)
../freq_meter_nios_bsp/\libhal_bsp.a(alt_irq_vars.o)
                              obj/default/Source/portable/GCC/NiosII/port.o (alt_irq_active)
../freq_meter_nios_bsp/\libhal_bsp.a(alt_load.o)
                              ../freq_meter_nios_bsp//obj/HAL/src/crt0.o (alt_load)
../freq_meter_nios_bsp/\libhal_bsp.a(alt_main.o)
[...]
Memory Configuration

Name             Origin             Length             Attributes
reset            0x0000000000800000 0x0000000000000020
sdram            0x0000000000800020 0x00000000007fffe0
onchip_memory2_0 0x0000000001080000 0x0000000000055730
*default*        0x0000000000000000 0xffffffffffffffff

Linker script and memory map

LOAD ../freq_meter_nios_bsp//obj/HAL/src/crt0.o
LOAD obj/default/Source/croutine.o
LOAD obj/default/Source/event_groups.o
LOAD obj/default/Source/list.o
LOAD obj/default/Source/portable/GCC/NiosII/port.o
LOAD obj/default/Source/portable/MemMang/heap_1.o
LOAD obj/default/Source/queue.o
LOAD obj/default/Source/stream_buffer.o
LOAD obj/default/Source/tasks.o
LOAD obj/default/Source/timers.o
LOAD obj/default/main.o
LOAD obj/default/Source/portable/GCC/NiosII/port_asm.o
LOAD c:/altera/16.0/nios2eds/bin/gnu/h-x86_64-mingw32/bin/../lib/gcc/nios2-elf/5.2.0/../../../../../H-x86_64-mingw32/nios2-elf/lib\libstdc++.a
LOAD c:/altera/16.0/nios2eds/bin/gnu/h-x86_64-mingw32/bin/../lib/gcc/nios2-elf/5.2.0/../../../../../H-x86_64-mingw32/nios2-elf/lib\libm.a
LOAD c:/altera/16.0/nios2eds/bin/gnu/h-x86_64-mingw32/bin/../lib/gcc/nios2-elf/5.2.0\libgcc.a
START GROUP
LOAD c:/altera/16.0/nios2eds/bin/gnu/h-x86_64-mingw32/bin/../lib/gcc/nios2-elf/5.2.0/../../../../../H-x86_64-mingw32/nios2-elf/lib\libsmallc.a
LOAD c:/altera/16.0/nios2eds/bin/gnu/h-x86_64-mingw32/bin/../lib/gcc/nios2-elf/5.2.0\libgcc.a
LOAD ../freq_meter_nios_bsp/\libhal_bsp.a
LOAD c:/altera/16.0/nios2eds/bin/gnu/h-x86_64-mingw32/bin/../lib/gcc/nios2-elf/5.2.0/../../../../../H-x86_64-mingw32/nios2-elf/lib\libm.a
END GROUP
LOAD c:/altera/16.0/nios2eds/bin/gnu/h-x86_64-mingw32/bin/../lib/gcc/nios2-elf/5.2.0\libgcc.a
                0x0000000000800000                __alt_mem_sdram = 0x800000
                0x0000000001080000                __alt_mem_onchip_memory2_0 = 0x1080000

.entry          0x0000000000800000       0x20
 *(.entry)
 .entry         0x0000000000800000       0x20 ../freq_meter_nios_bsp//obj/HAL/src/crt0.o
                0x0000000000800000                __reset

.exceptions     0x0000000000800020      0x234
                0x0000000000800020                PROVIDE (__ram_exceptions_start, ABSOLUTE (.))
                0x0000000000800020                . = ALIGN (0x20)
 *(.irq)
 *(.exceptions.entry.label)
 *(.exceptions.entry.user)
 *(.exceptions.entry.ecc_fatal)
 *(.exceptions.entry)
 .exceptions.entry
                0x0000000000800020       0x8c obj/default/Source/portable/GCC/NiosII/port_asm.o
 *(.exceptions.irqtest.user)
 *(.exceptions.irqtest)
 .exceptions.irqtest
                0x00000000008000ac       0x14 obj/default/Source/portable/GCC/NiosII/port_asm.o
 *(.exceptions.irqhandler.user)
 *(.exceptions.irqhandler)
 .exceptions.irqhandler
                0x00000000008000c0        0x4 obj/default/Source/portable/GCC/NiosII/port_asm.o
 *(.exceptions.irqreturn.user)
 *(.exceptions.irqreturn)
 .exceptions.irqreturn
                0x00000000008000c4       0x8c obj/default/Source/portable/GCC/NiosII/port_asm.o
                0x00000000008000c4                restore_sp_from_pxCurrentTCB
 *(.exceptions.notirq.label)
 *(.exceptions.notirq.user)
 *(.exceptions.notirq)
 *(.exceptions.soft.user)
 *(.exceptions.soft)
 .exceptions.soft
                0x0000000000800150       0x2c obj/default/Source/portable/GCC/NiosII/port_asm.o
 *(.exceptions.unknown.user)
 *(.exceptions.unknown)
 *(.exceptions.exit.label)
 *(.exceptions.exit.user)
 *(.exceptions.exit)
 *(.exceptions)
 .exceptions    0x000000000080017c       0xd8 ../freq_meter_nios_bsp/\libhal_bsp.a(alt_irq_handler.o)
                0x000000000080017c                alt_irq_handler
                0x0000000000800254                PROVIDE (__ram_exceptions_end, ABSOLUTE (.))
                0x0000000000800020                PROVIDE (__flash_exceptions_start, LOADADDR (.exceptions))

.text           0x0000000000800254     0x8db8
                [!provide]                        PROVIDE (stext, ABSOLUTE (.))
 *(.interp)
 *(.hash)
 *(.dynsym)
 *(.dynstr)
 *(.gnu.version)
 *(.gnu.version_d)
 *(.gnu.version_r)
 *(.rel.init)
 *(.rela.init)
 *(.rel.text .rel.text.* .rel.gnu.linkonce.t.*)
 *(.rela.text .rela.text.* .rela.gnu.linkonce.t.*)
 *(.rel.fini)
 *(.rela.fini)
 *(.rel.rodata .rel.rodata.* .rel.gnu.linkonce.r.*)
 *(.rela.rodata .rela.rodata.* .rela.gnu.linkonce.r.*)
 *(.rel.data .rel.data.* .rel.gnu.linkonce.d.*)
 *(.rela.data .rela.data.* .rela.gnu.linkonce.d.*)
 *(.rel.tdata .rel.tdata.* .rel.gnu.linkonce.td.*)
 *(.rela.tdata .rela.tdata.* .rela.gnu.linkonce.td.*)
 *(.rel.tbss .rel.tbss.* .rel.gnu.linkonce.tb.*)
 *(.rela.tbss .rela.tbss.* .rela.gnu.linkonce.tb.*)
 *(.rel.ctors)
 *(.rela.ctors)
 *(.rel.dtors)
 *(.rela.dtors)
 *(.rel.got)
 *(.rela.got)
 *(.rel.sdata .rel.sdata.* .rel.gnu.linkonce.s.*)
 *(.rela.sdata .rela.sdata.* .rela.gnu.linkonce.s.*)
 *(.rel.sbss .rel.sbss.* .rel.gnu.linkonce.sb.*)
 *(.rela.sbss .rela.sbss.* .rela.gnu.linkonce.sb.*)
 *(.rel.sdata2 .rel.sdata2.* .rel.gnu.linkonce.s2.*)
 *(.rela.sdata2 .rela.sdata2.* .rela.gnu.linkonce.s2.*)
 *(.rel.sbss2 .rel.sbss2.* .rel.gnu.linkonce.sb2.*)
 *(.rela.sbss2 .rela.sbss2.* .rela.gnu.linkonce.sb2.*)
 *(.rel.bss .rel.bss.* .rel.gnu.linkonce.b.*)
 *(.rela.bss .rela.bss.* .rela.gnu.linkonce.b.*)
 *(.rel.plt)
 *(.rela.plt)
 *(.rel.dyn)
 *(.init)
 *(.plt)
 *(.text .stub .text.* .gnu.linkonce.t.*)
 .text          0x0000000000800254       0x4c ../freq_meter_nios_bsp//obj/HAL/src/crt0.o
                0x0000000000800254                _start
 .text          0x00000000008002a0        0x0 obj/default/Source/croutine.o
 .text          0x00000000008002a0      0x700 obj/default/Source/event_groups.o
                0x00000000008002a0                xEventGroupCreate
                0x00000000008002f4                xEventGroupSync
                0x0000000000800478                xEventGroupWaitBits
                0x0000000000800620                xEventGroupClearBits
                0x0000000000800688                xEventGroupGetBitsFromISR
                0x00000000008006c4                xEventGroupSetBits
                0x0000000000800844                vEventGroupDelete
                0x00000000008008b8                vEventGroupSetBitsCallback
                0x00000000008008f4                vEventGroupClearBitsCallback
 .text          0x00000000008009a0      0x290 obj/default/Source/list.o
                0x00000000008009a0                vListInitialise
                0x0000000000800a08                vListInitialiseItem
                0x0000000000800a34                vListInsertEnd
                0x0000000000800ac0                vListInsert
                0x0000000000800b98                uxListRemove
 .text          0x0000000000800c30      0x3ec obj/default/Source/portable/GCC/NiosII/port.o
                0x0000000000800c5c                pxPortInitialiseStack
                0x0000000000800d3c                xPortStartScheduler
                0x0000000000800d74                vPortEndScheduler
                0x0000000000800e30                vPortSysTickHandler
                0x0000000000800e7c                alt_irq_register
 .text          0x000000000080101c      0x134 obj/default/Source/portable/MemMang/heap_1.o
                0x000000000080101c                pvPortMalloc
                0x00000000008010dc                vPortFree
                0x0000000000801100                vPortInitialiseBlocks
                0x0000000000801124                xPortGetFreeHeapSize
 .text          0x0000000000801150     0x1470 obj/default/Source/queue.o
                0x0000000000801150                xQueueGenericReset
                0x0000000000801264                xQueueGenericCreate
                0x00000000008013e0                xQueueCreateMutex
                0x000000000080143c                xQueueGiveMutexRecursive
                0x00000000008014cc                xQueueTakeMutexRecursive
                0x0000000000801568                xQueueCreateCountingSemaphore
                0x00000000008015c0                xQueueGenericSend
                0x0000000000801774                xQueueGenericSendFromISR
                0x0000000000801868                xQueueGiveFromISR
                0x0000000000801944                xQueueReceive
                0x0000000000801aec                xQueueSemaphoreTake
                0x0000000000801cfc                xQueuePeek
                0x0000000000801eac                xQueueReceiveFromISR
                0x0000000000801f90                xQueuePeekFromISR
                0x000000000080200c                uxQueueMessagesWaiting
                0x000000000080204c                uxQueueSpacesAvailable
                0x00000000008020a0                uxQueueMessagesWaitingFromISR
                0x00000000008020d8                vQueueDelete
                0x00000000008024d0                xQueueIsQueueEmptyFromISR
                0x0000000000802570                xQueueIsQueueFullFromISR
 .text          0x00000000008025c0      0xea4 obj/default/Source/stream_buffer.o
                0x00000000008025c0                xStreamBufferGenericCreate
                0x000000000080266c                vStreamBufferDelete
                0x00000000008026d0                xStreamBufferReset
                0x000000000080276c                xStreamBufferSetTriggerLevel
                0x00000000008027d8                xStreamBufferSpacesAvailable
                0x0000000000802860                xStreamBufferBytesAvailable
                0x00000000008028a0                xStreamBufferSend
                0x0000000000802a28                xStreamBufferSendFromISR
                0x0000000000802bec                xStreamBufferReceive
                0x0000000000802d44                xStreamBufferNextMessageLengthBytes
                0x0000000000802dec                xStreamBufferReceiveFromISR
                0x0000000000802f8c                xStreamBufferIsEmpty
                0x0000000000802fe4                xStreamBufferIsFull
                0x0000000000803060                xStreamBufferSendCompletedFromISR
                0x00000000008030e4                xStreamBufferReceiveCompletedFromISR
 .text          0x0000000000803464     0x24ec obj/default/Source/tasks.o
                0x0000000000803464                xTaskCreate
                0x000000000080382c                vTaskDelete
                0x0000000000803914                vTaskDelayUntil
                0x0000000000803a04                vTaskDelay
                0x0000000000803a60                uxTaskPriorityGet
                0x0000000000803ab8                uxTaskPriorityGetFromISR
                0x0000000000803b04                vTaskPrioritySet
                0x0000000000803ca8                vTaskSuspend
                0x0000000000803e10                vTaskResume
                0x0000000000803edc                xTaskResumeFromISR
                0x0000000000803fbc                vTaskStartScheduler
                0x000000000080404c                vTaskEndScheduler
                0x0000000000804094                vTaskSuspendAll
                0x00000000008040c0                xTaskResumeAll
                0x0000000000804218                xTaskGetTickCount
                0x0000000000804240                xTaskGetTickCountFromISR
                0x000000000080426c                uxTaskGetNumberOfTasks
                0x000000000080428c                pcTaskGetName
                0x00000000008042cc                xTaskCatchUpTicks
                0x0000000000804318                xTaskIncrementTick
                0x00000000008044c8                vTaskSwitchContext
                0x00000000008045a0                vTaskPlaceOnEventList
                0x00000000008045f0                vTaskPlaceOnUnorderedEventList
                0x0000000000804654                xTaskRemoveFromEventList
                0x0000000000804748                vTaskRemoveFromUnorderedEventList
                0x0000000000804810                vTaskSetTimeOutState
                0x000000000080485c                vTaskInternalSetTimeOutState
                0x0000000000804898                xTaskCheckForTimeOut
                0x0000000000804978                vTaskMissedYield
                0x0000000000804b58                uxTaskGetStackHighWaterMark
                0x0000000000804c50                xTaskGetCurrentTaskHandle
                0x0000000000804c78                xTaskPriorityInherit
                0x0000000000804db8                xTaskPriorityDisinherit
                0x0000000000804eb4                vTaskPriorityDisinheritAfterTimeout
                0x0000000000804ff4                vTaskEnterCritical
                0x0000000000805048                vTaskExitCritical
                0x00000000008050a8                uxTaskResetEventItemValue
                0x00000000008050ec                pvTaskIncrementMutexHeldCount
                0x0000000000805124                ulTaskNotifyTake
                0x00000000008051d4                xTaskNotifyWait
                0x00000000008052c8                xTaskGenericNotify
                0x0000000000805474                xTaskGenericNotifyFromISR
                0x0000000000805658                vTaskNotifyGiveFromISR
                0x0000000000805778                xTaskNotifyStateClear
                0x00000000008057f0                ulTaskNotifyValueClear
 .text          0x0000000000805950        0x0 obj/default/Source/timers.o
 .text          0x0000000000805950      0xd28 obj/default/main.o
                0x0000000000805b14                hd44780_clear
                0x0000000000805ba8                hd44780_home
                0x0000000000805c3c                hd44780_display
                0x0000000000805d10                hd44780_position
                0x0000000000805dfc                hd44780_cgram
                0x0000000000805f2c                hd44780_put
                0x0000000000805fc4                hd44780_print
                0x0000000000806060                hd44780_printf
                0x000000000080611c                hd44780_init
                0x0000000000806290                sayHello
                0x00000000008062bc                sayInBitween
                0x00000000008062e8                task_lcd_write
                0x0000000000806388                freq_to_lcd
                0x0000000000806548                main
 .text          0x0000000000806678        0x0 obj/default/Source/portable/GCC/NiosII/port_asm.o
 .text          0x0000000000806678        0x0 c:/altera/16.0/nios2eds/bin/gnu/h-x86_64-mingw32/bin/../lib/gcc/nios2-elf/5.2.0/../../../../../H-x86_64-mingw32/nios2-elf/lib\libsmallc.a(lib_a-itoa.o)
 .text.__itoa   0x0000000000806678       0x68 c:/altera/16.0/nios2eds/bin/gnu/h-x86_64-mingw32/bin/../lib/gcc/nios2-elf/5.2.0/../../../../../H-x86_64-mingw32/nios2-elf/lib\libsmallc.a(lib_a-itoa.o)
                0x0000000000806678                __itoa
 .text.itoa     0x00000000008066e0        0x4 c:/altera/16.0/nios2eds/bin/gnu/h-x86_64-mingw32/bin/../lib/gcc/nios2-elf/5.2.0/../../../../../H-x86_64-mingw32/nios2-elf/lib\libsmallc.a(lib_a-itoa.o)
                0x00000000008066e0                itoa
 .text          0x00000000008066e4        0x0 c:/altera/16.0/nios2eds/bin/gnu/h-x86_64-mingw32/bin/../lib/gcc/nios2-elf/5.2.0/../../../../../H-x86_64-mingw32/nios2-elf/lib\libsmallc.a(lib_a-memcpy.o)
 .text.memcpy   0x00000000008066e4       0x28 c:/altera/16.0/nios2eds/bin/gnu/h-x86_64-mingw32/bin/../lib/gcc/nios2-elf/5.2.0/../../../../../H-x86_64-mingw32/nios2-elf/lib\libsmallc.a(lib_a-memcpy.o)
                0x00000000008066e4                memcpy
 .text          0x000000000080670c        0x0 c:/altera/16.0/nios2eds/bin/gnu/h-x86_64-mingw32/bin/../lib/gcc/nios2-elf/5.2.0/../../../../../H-x86_64-mingw32/nios2-elf/lib\libsmallc.a(lib_a-memset.o)
 .text.memset   0x000000000080670c       0x20 c:/altera/16.0/nios2eds/bin/gnu/h-x86_64-mingw32/bin/../lib/gcc/nios2-elf/5.2.0/../../../../../H-x86_64-mingw32/nios2-elf/lib\libsmallc.a(lib_a-memset.o)
                0x000000000080670c                memset
 .text          0x000000000080672c        0x0 c:/altera/16.0/nios2eds/bin/gnu/h-x86_64-mingw32/bin/../lib/gcc/nios2-elf/5.2.0/../../../../../H-x86_64-mingw32/nios2-elf/lib\libsmallc.a(lib_a-puts.o)
 .text._puts_r  0x000000000080672c       0x80 c:/altera/16.0/nios2eds/bin/gnu/h-x86_64-mingw32/bin/../lib/gcc/nios2-elf/5.2.0/../../../../../H-x86_64-mingw32/nios2-elf/lib\libsmallc.a(lib_a-puts.o)
                0x000000000080672c                _puts_r
 .text.puts     0x00000000008067ac       0x14 c:/altera/16.0/nios2eds/bin/gnu/h-x86_64-mingw32/bin/../lib/gcc/nios2-elf/5.2.0/../../../../../H-x86_64-mingw32/nios2-elf/lib\libsmallc.a(lib_a-puts.o)
                0x00000000008067ac                puts
 .text          0x00000000008067c0        0x0 c:/altera/16.0/nios2eds/bin/gnu/h-x86_64-mingw32/bin/../lib/gcc/nios2-elf/5.2.0/../../../../../H-x86_64-mingw32/nios2-elf/lib\libsmallc.a(lib_a-strlen.o)
 .text.strlen   0x00000000008067c0       0x1c c:/altera/16.0/nios2eds/bin/gnu/h-x86_64-mingw32/bin/../lib/gcc/nios2-elf/5.2.0/../../../../../H-x86_64-mingw32/nios2-elf/lib\libsmallc.a(lib_a-strlen.o)
                0x00000000008067c0                strlen
 .text          0x00000000008067dc        0x0 c:/altera/16.0/nios2eds/bin/gnu/h-x86_64-mingw32/bin/../lib/gcc/nios2-elf/5.2.0/../../../../../H-x86_64-mingw32/nios2-elf/lib\libsmallc.a(lib_a-utoa.o)
 .text.__utoa   0x00000000008067dc       0xfc c:/altera/16.0/nios2eds/bin/gnu/h-x86_64-mingw32/bin/../lib/gcc/nios2-elf/5.2.0/../../../../../H-x86_64-mingw32/nios2-elf/lib\libsmallc.a(lib_a-utoa.o)
                0x00000000008067dc                __utoa
 .text.utoa     0x00000000008068d8        0x4 c:/altera/16.0/nios2eds/bin/gnu/h-x86_64-mingw32/bin/../lib/gcc/nios2-elf/5.2.0/../../../../../H-x86_64-mingw32/nios2-elf/lib\libsmallc.a(lib_a-utoa.o)
                0x00000000008068d8                utoa
 .text          0x00000000008068dc        0x0 c:/altera/16.0/nios2eds/bin/gnu/h-x86_64-mingw32/bin/../lib/gcc/nios2-elf/5.2.0/../../../../../H-x86_64-mingw32/nios2-elf/lib\libsmallc.a(lib_a-vsprintf.o)
 .text._vsprintf_r
                0x00000000008068dc       0x5c c:/altera/16.0/nios2eds/bin/gnu/h-x86_64-mingw32/bin/../lib/gcc/nios2-elf/5.2.0/../../../../../H-x86_64-mingw32/nios2-elf/lib\libsmallc.a(lib_a-vsprintf.o)
                0x00000000008068dc                _vsprintf_r
 .text.vsprintf
                0x0000000000806938       0x1c c:/altera/16.0/nios2eds/bin/gnu/h-x86_64-mingw32/bin/../lib/gcc/nios2-elf/5.2.0/../../../../../H-x86_64-mingw32/nios2-elf/lib\libsmallc.a(lib_a-vsprintf.o)
                0x0000000000806938                vsprintf
 .text          0x0000000000806954        0x0 c:/altera/16.0/nios2eds/bin/gnu/h-x86_64-mingw32/bin/../lib/gcc/nios2-elf/5.2.0/../../../../../H-x86_64-mingw32/nios2-elf/lib\libsmallc.a(lib_a-fvwrite_small_dev.o)
 .text.__sfvwrite_small_dev
                0x0000000000806954       0xb8 c:/altera/16.0/nios2eds/bin/gnu/h-x86_64-mingw32/bin/../lib/gcc/nios2-elf/5.2.0/../../../../../H-x86_64-mingw32/nios2-elf/lib\libsmallc.a(lib_a-fvwrite_small_dev.o)
                0x0000000000806954                __sfvwrite_small_dev
 .text          0x0000000000806a0c        0x0 c:/altera/16.0/nios2eds/bin/gnu/h-x86_64-mingw32/bin/../lib/gcc/nios2-elf/5.2.0/../../../../../H-x86_64-mingw32/nios2-elf/lib\libsmallc.a(lib_a-fvwrite_small_str.o)
 .text.__sfvwrite_small_str
                0x0000000000806a0c       0xa8 c:/altera/16.0/nios2eds/bin/gnu/h-x86_64-mingw32/bin/../lib/gcc/nios2-elf/5.2.0/../../../../../H-x86_64-mingw32/nios2-elf/lib\libsmallc.a(lib_a-fvwrite_small_str.o)
                0x0000000000806a0c                __sfvwrite_small_str
 .text          0x0000000000806ab4        0x0 c:/altera/16.0/nios2eds/bin/gnu/h-x86_64-mingw32/bin/../lib/gcc/nios2-elf/5.2.0/../../../../../H-x86_64-mingw32/nios2-elf/lib\libsmallc.a(lib_a-impure.o)
 .text          0x0000000000806ab4        0x0 c:/altera/16.0/nios2eds/bin/gnu/h-x86_64-mingw32/bin/../lib/gcc/nios2-elf/5.2.0/../../../../../H-x86_64-mingw32/nios2-elf/lib\libsmallc.a(lib_a-memmove.o)
 .text.memmove  0x0000000000806ab4       0x60 c:/altera/16.0/nios2eds/bin/gnu/h-x86_64-mingw32/bin/../lib/gcc/nios2-elf/5.2.0/../../../../../H-x86_64-mingw32/nios2-elf/lib\libsmallc.a(lib_a-memmove.o)
                0x0000000000806ab4                memmove
 .text          0x0000000000806b14        0x0 c:/altera/16.0/nios2eds/bin/gnu/h-x86_64-mingw32/bin/../lib/gcc/nios2-elf/5.2.0/../../../../../H-x86_64-mingw32/nios2-elf/lib\libsmallc.a(lib_a-svfprintf.o)
 .text.print_repeat
                0x0000000000806b14       0x6c c:/altera/16.0/nios2eds/bin/gnu/h-x86_64-mingw32/bin/../lib/gcc/nios2-elf/5.2.0/../../../../../H-x86_64-mingw32/nios2-elf/lib\libsmallc.a(lib_a-svfprintf.o)
 .text.___svfprintf_internal_r
                0x0000000000806b80      0x524 c:/altera/16.0/nios2eds/bin/gnu/h-x86_64-mingw32/bin/../lib/gcc/nios2-elf/5.2.0/../../../../../H-x86_64-mingw32/nios2-elf/lib\libsmallc.a(lib_a-svfprintf.o)
                0x0000000000806b80                ___svfprintf_internal_r
 .text.__vfprintf_internal_unused
                0x00000000008070a4       0x1c c:/altera/16.0/nios2eds/bin/gnu/h-x86_64-mingw32/bin/../lib/gcc/nios2-elf/5.2.0/../../../../../H-x86_64-mingw32/nios2-elf/lib\libsmallc.a(lib_a-svfprintf.o)
                0x00000000008070a4                __vfprintf_internal_unused
 .text          0x00000000008070c0        0x0 c:/altera/16.0/nios2eds/bin/gnu/h-x86_64-mingw32/bin/../lib/gcc/nios2-elf/5.2.0/../../../../../H-x86_64-mingw32/nios2-elf/lib\libsmallc.a(lib_a-writer.o)
 .text._write_r
                0x00000000008070c0       0x58 c:/altera/16.0/nios2eds/bin/gnu/h-x86_64-mingw32/bin/../lib/gcc/nios2-elf/5.2.0/../../../../../H-x86_64-mingw32/nios2-elf/lib\libsmallc.a(lib_a-writer.o)
                0x00000000008070c0                _write_r
 .text          0x0000000000807118        0x0 c:/altera/16.0/nios2eds/bin/gnu/h-x86_64-mingw32/bin/../lib/gcc/nios2-elf/5.2.0/../../../../../H-x86_64-mingw32/nios2-elf/lib\libsmallc.a(lib_a-int_errno.o)
 .text          0x0000000000807118      0x1b4 c:/altera/16.0/nios2eds/bin/gnu/h-x86_64-mingw32/bin/../lib/gcc/nios2-elf/5.2.0\libgcc.a(lib2-divmod.o)
                0x0000000000807118                __divsi3
                0x000000000080719c                __modsi3
                0x0000000000807210                __udivsi3
                0x0000000000807274                __umodsi3
 .text          0x00000000008072cc        0x0 ../freq_meter_nios_bsp/\libhal_bsp.a(alt_irq_handler.o)
 .text          0x00000000008072cc        0x0 ../freq_meter_nios_bsp/\libhal_bsp.a(alt_irq_vars.o)
 .text          0x00000000008072cc       0xec ../freq_meter_nios_bsp/\libhal_bsp.a(alt_load.o)
                0x0000000000807334                alt_load
 .text          0x00000000008073b8       0x6c ../freq_meter_nios_bsp/\libhal_bsp.a(alt_main.o)
                0x00000000008073b8                alt_main
 .text          0x0000000000807424       0x44 ../freq_meter_nios_bsp/\libhal_bsp.a(alt_putstr.o)
                0x0000000000807424                alt_putstr
 .text          0x0000000000807468      0x148 ../freq_meter_nios_bsp/\libhal_bsp.a(alt_write.o)
                0x00000000008074b8                write
 .text          0x00000000008075b0       0xbc ../freq_meter_nios_bsp/\libhal_bsp.a(alt_sys_init.o)
                0x00000000008075e8                alt_irq_init
                0x0000000000807620                alt_sys_init
 .text          0x000000000080766c      0x164 ../freq_meter_nios_bsp/\libhal_bsp.a(altera_avalon_jtag_uart_fd.o)
                0x000000000080766c                altera_avalon_jtag_uart_read_fd
                0x00000000008076cc                altera_avalon_jtag_uart_write_fd
                0x000000000080772c                altera_avalon_jtag_uart_close_fd
                0x000000000080777c                altera_avalon_jtag_uart_ioctl_fd
 .text          0x00000000008077d0      0x3dc ../freq_meter_nios_bsp/\libhal_bsp.a(altera_avalon_jtag_uart_init.o)
                0x00000000008077d0                altera_avalon_jtag_uart_init
                0x0000000000807b44                altera_avalon_jtag_uart_close
 .text          0x0000000000807bac       0xf0 ../freq_meter_nios_bsp/\libhal_bsp.a(altera_avalon_jtag_uart_ioctl.o)
                0x0000000000807bac                altera_avalon_jtag_uart_ioctl
 .text          0x0000000000807c9c      0x21c ../freq_meter_nios_bsp/\libhal_bsp.a(altera_avalon_jtag_uart_read.o)
                0x0000000000807c9c                altera_avalon_jtag_uart_read
 .text          0x0000000000807eb8      0x224 ../freq_meter_nios_bsp/\libhal_bsp.a(altera_avalon_jtag_uart_write.o)
                0x0000000000807eb8                altera_avalon_jtag_uart_write
 .text          0x00000000008080dc      0x140 ../freq_meter_nios_bsp/\libhal_bsp.a(alt_alarm_start.o)
                0x00000000008080dc                alt_alarm_start
 .text          0x000000000080821c      0x120 ../freq_meter_nios_bsp/\libhal_bsp.a(alt_close.o)
                0x000000000080826c                close
 .text          0x000000000080833c       0x48 ../freq_meter_nios_bsp/\libhal_bsp.a(alt_dcache_flush_all.o)
                0x000000000080833c                alt_dcache_flush_all
 .text          0x0000000000808384       0x2c ../freq_meter_nios_bsp/\libhal_bsp.a(alt_dev.o)
 .text          0x00000000008083b0       0xf4 ../freq_meter_nios_bsp/\libhal_bsp.a(alt_dev_llist_insert.o)
                0x0000000000808400                alt_dev_llist_insert
 .text          0x00000000008084a4        0x0 ../freq_meter_nios_bsp/\libhal_bsp.a(alt_errno.o)
 .text          0x00000000008084a4       0x34 ../freq_meter_nios_bsp/\libhal_bsp.a(alt_icache_flush_all.o)
                0x00000000008084a4                alt_icache_flush_all
 .text          0x00000000008084d8      0x140 ../freq_meter_nios_bsp/\libhal_bsp.a(alt_io_redirect.o)
                0x000000000080859c                alt_io_redirect
 .text          0x0000000000808618      0x274 ../freq_meter_nios_bsp/\libhal_bsp.a(alt_open.o)
                0x0000000000808734                open
 .text          0x000000000080888c       0x64 ../freq_meter_nios_bsp/\libhal_bsp.a(alt_release_fd.o)
                0x000000000080888c                alt_release_fd
 .text          0x00000000008088f0      0x1a4 ../freq_meter_nios_bsp/\libhal_bsp.a(alt_tick.o)
                0x00000000008088f0                alt_alarm_stop
                0x000000000080898c                alt_tick
 .text          0x0000000000808a94       0x24 ../freq_meter_nios_bsp/\libhal_bsp.a(altera_nios2_gen2_irq.o)
                0x0000000000808a94                altera_nios2_gen2_irq_init
 .text          0x0000000000808ab8       0x90 ../freq_meter_nios_bsp/\libhal_bsp.a(alt_find_dev.o)
                0x0000000000808ab8                alt_find_dev
 .text          0x0000000000808b48      0x114 ../freq_meter_nios_bsp/\libhal_bsp.a(alt_find_file.o)
                0x0000000000808b48                alt_find_file
 .text          0x0000000000808c5c       0xb4 ../freq_meter_nios_bsp/\libhal_bsp.a(alt_get_fd.o)
                0x0000000000808c5c                alt_get_fd
 .text          0x0000000000808d10       0x90 ../freq_meter_nios_bsp/\libhal_bsp.a(alt_icache_flush.o)
                0x0000000000808d10                alt_icache_flush
 .text          0x0000000000808da0        0x0 c:/altera/16.0/nios2eds/bin/gnu/h-x86_64-mingw32/bin/../lib/gcc/nios2-elf/5.2.0/../../../../../H-x86_64-mingw32/nios2-elf/lib\libsmallc.a(lib_a-exit.o)
 .text.exit     0x0000000000808da0       0x20 c:/altera/16.0/nios2eds/bin/gnu/h-x86_64-mingw32/bin/../lib/gcc/nios2-elf/5.2.0/../../../../../H-x86_64-mingw32/nios2-elf/lib\libsmallc.a(lib_a-exit.o)
                0x0000000000808da0                exit
 .text          0x0000000000808dc0        0x0 c:/altera/16.0/nios2eds/bin/gnu/h-x86_64-mingw32/bin/../lib/gcc/nios2-elf/5.2.0/../../../../../H-x86_64-mingw32/nios2-elf/lib\libsmallc.a(lib_a-fputs.o)
 .text.fputs    0x0000000000808dc0       0x58 c:/altera/16.0/nios2eds/bin/gnu/h-x86_64-mingw32/bin/../lib/gcc/nios2-elf/5.2.0/../../../../../H-x86_64-mingw32/nios2-elf/lib\libsmallc.a(lib_a-fputs.o)
                0x0000000000808dc0                fputs
 .text          0x0000000000808e18        0x0 c:/altera/16.0/nios2eds/bin/gnu/h-x86_64-mingw32/bin/../lib/gcc/nios2-elf/5.2.0/../../../../../H-x86_64-mingw32/nios2-elf/lib\libsmallc.a(lib_a-memcmp.o)
 .text.memcmp   0x0000000000808e18       0x30 c:/altera/16.0/nios2eds/bin/gnu/h-x86_64-mingw32/bin/../lib/gcc/nios2-elf/5.2.0/../../../../../H-x86_64-mingw32/nios2-elf/lib\libsmallc.a(lib_a-memcmp.o)
                0x0000000000808e18                memcmp
 .text          0x0000000000808e48        0x0 c:/altera/16.0/nios2eds/bin/gnu/h-x86_64-mingw32/bin/../lib/gcc/nios2-elf/5.2.0/../../../../../H-x86_64-mingw32/nios2-elf/lib\libsmallc.a(lib_a-__call_atexit.o)
 .text.__call_exitprocs
                0x0000000000808e48      0x190 c:/altera/16.0/nios2eds/bin/gnu/h-x86_64-mingw32/bin/../lib/gcc/nios2-elf/5.2.0/../../../../../H-x86_64-mingw32/nios2-elf/lib\libsmallc.a(lib_a-__call_atexit.o)
                0x0000000000808e48                __call_exitprocs
 .text          0x0000000000808fd8       0x34 ../freq_meter_nios_bsp/\libhal_bsp.a(alt_exit.o)
                0x0000000000808fd8                _exit
 *(.gnu.warning.*)
 *(.fini)
                [!provide]                        PROVIDE (__etext, ABSOLUTE (.))
                [!provide]                        PROVIDE (_etext, ABSOLUTE (.))
                [!provide]                        PROVIDE (etext, ABSOLUTE (.))
 *(.eh_frame_hdr)
                0x000000000080900c                . = ALIGN (0x4)
                [!provide]                        PROVIDE (__preinit_array_start, ABSOLUTE (.))
 *(.preinit_array)
                [!provide]                        PROVIDE (__preinit_array_end, ABSOLUTE (.))
                [!provide]                        PROVIDE (__init_array_start, ABSOLUTE (.))
 *(.init_array)
                [!provide]                        PROVIDE (__init_array_end, ABSOLUTE (.))
                [!provide]                        PROVIDE (__fini_array_start, ABSOLUTE (.))
 *(.fini_array)
                [!provide]                        PROVIDE (__fini_array_end, ABSOLUTE (.))
 *(.eh_frame)
 *(.gcc_except_table .gcc_except_table.*)
 *(.dynamic)
                [!provide]                        PROVIDE (__CTOR_LIST__, ABSOLUTE (.))
 *(.ctors)
 *(SORT(.ctors.*))
                [!provide]                        PROVIDE (__CTOR_END__, ABSOLUTE (.))
                [!provide]                        PROVIDE (__DTOR_LIST__, ABSOLUTE (.))
 *(.dtors)
 *(SORT(.dtors.*))
                [!provide]                        PROVIDE (__DTOR_END__, ABSOLUTE (.))
 *(.jcr)
                0x000000000080900c                . = ALIGN (0x4)

.rodata         0x000000000080900c      0x164
                0x000000000080900c                PROVIDE (__ram_rodata_start, ABSOLUTE (.))
                0x000000000080900c                . = ALIGN (0x4)
 *(.rodata .rodata.* .gnu.linkonce.r.*)
 .rodata        0x000000000080900c        0x5 obj/default/Source/tasks.o
 *fill*         0x0000000000809011        0x3 
 .rodata        0x0000000000809014       0xf9 obj/default/main.o
 *fill*         0x000000000080910d        0x3 
 .rodata.str1.4
                0x0000000000809110        0x2 c:/altera/16.0/nios2eds/bin/gnu/h-x86_64-mingw32/bin/../lib/gcc/nios2-elf/5.2.0/../../../../../H-x86_64-mingw32/nios2-elf/lib\libsmallc.a(lib_a-puts.o)
 *fill*         0x0000000000809112        0x2 
 .rodata.str1.4
                0x0000000000809114       0x28 c:/altera/16.0/nios2eds/bin/gnu/h-x86_64-mingw32/bin/../lib/gcc/nios2-elf/5.2.0/../../../../../H-x86_64-mingw32/nios2-elf/lib\libsmallc.a(lib_a-utoa.o)
                                         0x25 (size before relaxing)
 .rodata        0x000000000080913c       0x11 ../freq_meter_nios_bsp/\libhal_bsp.a(alt_main.o)
 *fill*         0x000000000080914d        0x3 
 .rodata        0x0000000000809150       0x11 ../freq_meter_nios_bsp/\libhal_bsp.a(alt_sys_init.o)
 *fill*         0x0000000000809161        0x3 
 .rodata        0x0000000000809164        0xa ../freq_meter_nios_bsp/\libhal_bsp.a(alt_dev.o)
 *(.rodata1)
                0x0000000000809170                . = ALIGN (0x4)
 *fill*         0x000000000080916e        0x2 
                0x0000000000809170                PROVIDE (__ram_rodata_end, ABSOLUTE (.))
                0x000000000080900c                PROVIDE (__flash_rodata_start, LOADADDR (.rodata))

.rwdata         0x0000000000809170     0x13e0 load address 0x000000000080a550
                0x0000000000809170                PROVIDE (__ram_rwdata_start, ABSOLUTE (.))
                0x0000000000809170                . = ALIGN (0x4)
 *(.got.plt)
 *(.got)
 *(.data1)
 *(.data .data.* .gnu.linkonce.d.*)
 .data          0x0000000000809170        0x0 ../freq_meter_nios_bsp//obj/HAL/src/crt0.o
 .data          0x0000000000809170        0x0 obj/default/Source/croutine.o
 .data          0x0000000000809170        0x0 obj/default/Source/event_groups.o
 .data          0x0000000000809170        0x0 obj/default/Source/list.o
 .data          0x0000000000809170        0x0 obj/default/Source/portable/GCC/NiosII/port.o
 .data          0x0000000000809170        0x0 obj/default/Source/portable/MemMang/heap_1.o
 .data          0x0000000000809170        0x0 obj/default/Source/queue.o
 .data          0x0000000000809170        0x0 obj/default/Source/stream_buffer.o
 .data          0x0000000000809170        0x0 obj/default/Source/tasks.o
 .data          0x0000000000809170        0x0 obj/default/Source/timers.o
 .data          0x0000000000809170       0xc9 obj/default/main.o
                0x0000000000809170                rus_code_mas
                0x00000000008091b4                rus_letter_mas
 .data          0x0000000000809239        0x0 obj/default/Source/portable/GCC/NiosII/port_asm.o
 .data          0x0000000000809239        0x0 c:/altera/16.0/nios2eds/bin/gnu/h-x86_64-mingw32/bin/../lib/gcc/nios2-elf/5.2.0/../../../../../H-x86_64-mingw32/nios2-elf/lib\libsmallc.a(lib_a-itoa.o)
 .data          0x0000000000809239        0x0 c:/altera/16.0/nios2eds/bin/gnu/h-x86_64-mingw32/bin/../lib/gcc/nios2-elf/5.2.0/../../../../../H-x86_64-mingw32/nios2-elf/lib\libsmallc.a(lib_a-memcpy.o)
 .data          0x0000000000809239        0x0 c:/altera/16.0/nios2eds/bin/gnu/h-x86_64-mingw32/bin/../lib/gcc/nios2-elf/5.2.0/../../../../../H-x86_64-mingw32/nios2-elf/lib\libsmallc.a(lib_a-memset.o)
 .data          0x0000000000809239        0x0 c:/altera/16.0/nios2eds/bin/gnu/h-x86_64-mingw32/bin/../lib/gcc/nios2-elf/5.2.0/../../../../../H-x86_64-mingw32/nios2-elf/lib\libsmallc.a(lib_a-puts.o)
 .data          0x0000000000809239        0x0 c:/altera/16.0/nios2eds/bin/gnu/h-x86_64-mingw32/bin/../lib/gcc/nios2-elf/5.2.0/../../../../../H-x86_64-mingw32/nios2-elf/lib\libsmallc.a(lib_a-strlen.o)
 .data          0x0000000000809239        0x0 c:/altera/16.0/nios2eds/bin/gnu/h-x86_64-mingw32/bin/../lib/gcc/nios2-elf/5.2.0/../../../../../H-x86_64-mingw32/nios2-elf/lib\libsmallc.a(lib_a-utoa.o)
 .data          0x0000000000809239        0x0 c:/altera/16.0/nios2eds/bin/gnu/h-x86_64-mingw32/bin/../lib/gcc/nios2-elf/5.2.0/../../../../../H-x86_64-mingw32/nios2-elf/lib\libsmallc.a(lib_a-vsprintf.o)
 .data          0x0000000000809239        0x0 c:/altera/16.0/nios2eds/bin/gnu/h-x86_64-mingw32/bin/../lib/gcc/nios2-elf/5.2.0/../../../../../H-x86_64-mingw32/nios2-elf/lib\libsmallc.a(lib_a-fvwrite_small_dev.o)
 .data          0x0000000000809239        0x0 c:/altera/16.0/nios2eds/bin/gnu/h-x86_64-mingw32/bin/../lib/gcc/nios2-elf/5.2.0/../../../../../H-x86_64-mingw32/nios2-elf/lib\libsmallc.a(lib_a-fvwrite_small_str.o)
 .data          0x0000000000809239        0x0 c:/altera/16.0/nios2eds/bin/gnu/h-x86_64-mingw32/bin/../lib/gcc/nios2-elf/5.2.0/../../../../../H-x86_64-mingw32/nios2-elf/lib\libsmallc.a(lib_a-impure.o)
 *fill*         0x0000000000809239        0x3 
 .data.impure_data
                0x000000000080923c       0xe0 c:/altera/16.0/nios2eds/bin/gnu/h-x86_64-mingw32/bin/../lib/gcc/nios2-elf/5.2.0/../../../../../H-x86_64-mingw32/nios2-elf/lib\libsmallc.a(lib_a-impure.o)
 .data          0x000000000080931c        0x0 c:/altera/16.0/nios2eds/bin/gnu/h-x86_64-mingw32/bin/../lib/gcc/nios2-elf/5.2.0/../../../../../H-x86_64-mingw32/nios2-elf/lib\libsmallc.a(lib_a-memmove.o)
 .data          0x000000000080931c        0x0 c:/altera/16.0/nios2eds/bin/gnu/h-x86_64-mingw32/bin/../lib/gcc/nios2-elf/5.2.0/../../../../../H-x86_64-mingw32/nios2-elf/lib\libsmallc.a(lib_a-svfprintf.o)
 .data          0x000000000080931c        0x0 c:/altera/16.0/nios2eds/bin/gnu/h-x86_64-mingw32/bin/../lib/gcc/nios2-elf/5.2.0/../../../../../H-x86_64-mingw32/nios2-elf/lib\libsmallc.a(lib_a-writer.o)
 .data          0x000000000080931c        0x0 c:/altera/16.0/nios2eds/bin/gnu/h-x86_64-mingw32/bin/../lib/gcc/nios2-elf/5.2.0/../../../../../H-x86_64-mingw32/nios2-elf/lib\libsmallc.a(lib_a-int_errno.o)
 .data          0x000000000080931c        0x0 c:/altera/16.0/nios2eds/bin/gnu/h-x86_64-mingw32/bin/../lib/gcc/nios2-elf/5.2.0\libgcc.a(lib2-divmod.o)
 .data          0x000000000080931c        0x0 ../freq_meter_nios_bsp/\libhal_bsp.a(alt_irq_handler.o)
 .data          0x000000000080931c        0x0 ../freq_meter_nios_bsp/\libhal_bsp.a(alt_irq_vars.o)
 .data          0x000000000080931c        0x0 ../freq_meter_nios_bsp/\libhal_bsp.a(alt_load.o)
 .data          0x000000000080931c        0x0 ../freq_meter_nios_bsp/\libhal_bsp.a(alt_main.o)
 .data          0x000000000080931c        0x0 ../freq_meter_nios_bsp/\libhal_bsp.a(alt_putstr.o)
 .data          0x000000000080931c        0x0 ../freq_meter_nios_bsp/\libhal_bsp.a(alt_write.o)
 .data          0x000000000080931c     0x1060 ../freq_meter_nios_bsp/\libhal_bsp.a(alt_sys_init.o)
 .data          0x000000000080a37c        0x0 ../freq_meter_nios_bsp/\libhal_bsp.a(altera_avalon_jtag_uart_fd.o)
 .data          0x000000000080a37c        0x0 ../freq_meter_nios_bsp/\libhal_bsp.a(altera_avalon_jtag_uart_init.o)
 .data          0x000000000080a37c        0x0 ../freq_meter_nios_bsp/\libhal_bsp.a(altera_avalon_jtag_uart_ioctl.o)
 .data          0x000000000080a37c        0x0 ../freq_meter_nios_bsp/\libhal_bsp.a(altera_avalon_jtag_uart_read.o)
 .data          0x000000000080a37c        0x0 ../freq_meter_nios_bsp/\libhal_bsp.a(altera_avalon_jtag_uart_write.o)
 .data          0x000000000080a37c        0x0 ../freq_meter_nios_bsp/\libhal_bsp.a(alt_alarm_start.o)
 .data          0x000000000080a37c        0x0 ../freq_meter_nios_bsp/\libhal_bsp.a(alt_close.o)
 .data          0x000000000080a37c        0x0 ../freq_meter_nios_bsp/\libhal_bsp.a(alt_dcache_flush_all.o)
 .data          0x000000000080a37c      0x1a8 ../freq_meter_nios_bsp/\libhal_bsp.a(alt_dev.o)
                0x000000000080a37c                alt_dev_null
                0x000000000080a3a4                alt_fd_list
 .data          0x000000000080a524        0x0 ../freq_meter_nios_bsp/\libhal_bsp.a(alt_dev_llist_insert.o)
 .data          0x000000000080a524        0x0 ../freq_meter_nios_bsp/\libhal_bsp.a(alt_errno.o)
 .data          0x000000000080a524        0x0 ../freq_meter_nios_bsp/\libhal_bsp.a(alt_icache_flush_all.o)
 .data          0x000000000080a524        0x0 ../freq_meter_nios_bsp/\libhal_bsp.a(alt_io_redirect.o)
 .data          0x000000000080a524        0x0 ../freq_meter_nios_bsp/\libhal_bsp.a(alt_open.o)
 .data          0x000000000080a524        0x0 ../freq_meter_nios_bsp/\libhal_bsp.a(alt_release_fd.o)
 .data          0x000000000080a524        0x0 ../freq_meter_nios_bsp/\libhal_bsp.a(alt_tick.o)
 .data          0x000000000080a524        0x0 ../freq_meter_nios_bsp/\libhal_bsp.a(altera_nios2_gen2_irq.o)
 .data          0x000000000080a524        0x0 ../freq_meter_nios_bsp/\libhal_bsp.a(alt_find_dev.o)
 .data          0x000000000080a524        0x0 ../freq_meter_nios_bsp/\libhal_bsp.a(alt_find_file.o)
 .data          0x000000000080a524        0x0 ../freq_meter_nios_bsp/\libhal_bsp.a(alt_get_fd.o)
 .data          0x000000000080a524        0x0 ../freq_meter_nios_bsp/\libhal_bsp.a(alt_icache_flush.o)
 .data          0x000000000080a524        0x0 c:/altera/16.0/nios2eds/bin/gnu/h-x86_64-mingw32/bin/../lib/gcc/nios2-elf/5.2.0/../../../../../H-x86_64-mingw32/nios2-elf/lib\libsmallc.a(lib_a-exit.o)
 .data          0x000000000080a524        0x0 c:/altera/16.0/nios2eds/bin/gnu/h-x86_64-mingw32/bin/../lib/gcc/nios2-elf/5.2.0/../../../../../H-x86_64-mingw32/nios2-elf/lib\libsmallc.a(lib_a-fputs.o)
 .data          0x000000000080a524        0x0 c:/altera/16.0/nios2eds/bin/gnu/h-x86_64-mingw32/bin/../lib/gcc/nios2-elf/5.2.0/../../../../../H-x86_64-mingw32/nios2-elf/lib\libsmallc.a(lib_a-memcmp.o)
 .data          0x000000000080a524        0x0 c:/altera/16.0/nios2eds/bin/gnu/h-x86_64-mingw32/bin/../lib/gcc/nios2-elf/5.2.0/../../../../../H-x86_64-mingw32/nios2-elf/lib\libsmallc.a(lib_a-__call_atexit.o)
 .data          0x000000000080a524        0x0 ../freq_meter_nios_bsp/\libhal_bsp.a(alt_exit.o)
                0x0000000000812524                _gp = ABSOLUTE ((. + 0x8000))
                [!provide]                        PROVIDE (gp, _gp)
 *(.rwdata .rwdata.*)
 *(.sdata .sdata.* .gnu.linkonce.s.*)
 .sdata._global_impure_ptr
                0x000000000080a524        0x4 c:/altera/16.0/nios2eds/bin/gnu/h-x86_64-mingw32/bin/../lib/gcc/nios2-elf/5.2.0/../../../../../H-x86_64-mingw32/nios2-elf/lib\libsmallc.a(lib_a-impure.o)
                0x000000000080a524                _global_impure_ptr
 .sdata._impure_ptr
                0x000000000080a528        0x4 c:/altera/16.0/nios2eds/bin/gnu/h-x86_64-mingw32/bin/../lib/gcc/nios2-elf/5.2.0/../../../../../H-x86_64-mingw32/nios2-elf/lib\libsmallc.a(lib_a-impure.o)
                0x000000000080a528                _impure_ptr
 .sdata         0x000000000080a52c        0x4 ../freq_meter_nios_bsp/\libhal_bsp.a(alt_irq_vars.o)
                0x000000000080a52c                alt_priority_mask
 .sdata         0x000000000080a530       0x14 ../freq_meter_nios_bsp/\libhal_bsp.a(alt_dev.o)
                0x000000000080a530                alt_fs_list
                0x000000000080a538                alt_dev_list
                0x000000000080a540                alt_max_fd
 .sdata         0x000000000080a544        0x4 ../freq_meter_nios_bsp/\libhal_bsp.a(alt_errno.o)
                0x000000000080a544                alt_errno
 .sdata         0x000000000080a548        0x8 ../freq_meter_nios_bsp/\libhal_bsp.a(alt_tick.o)
                0x000000000080a548                alt_alarm_list
 *(.sdata2 .sdata2.* .gnu.linkonce.s2.*)
                0x000000000080a550                . = ALIGN (0x4)
                0x000000000080a550                _edata = ABSOLUTE (.)
                [!provide]                        PROVIDE (edata, ABSOLUTE (.))
                0x000000000080a550                PROVIDE (__ram_rwdata_end, ABSOLUTE (.))
                0x000000000080a550                PROVIDE (__flash_rwdata_start, LOADADDR (.rwdata))

.bss            0x000000000080b930    0x3d2c8
                0x000000000080b930                __bss_start = ABSOLUTE (.)
                [!provide]                        PROVIDE (__sbss_start, ABSOLUTE (.))
                [!provide]                        PROVIDE (___sbss_start, ABSOLUTE (.))
 *(.dynsbss)
 *(.sbss .sbss.* .gnu.linkonce.sb.*)
 .sbss          0x000000000080b930        0x8 obj/default/Source/portable/MemMang/heap_1.o
 .sbss          0x000000000080b938       0x3c obj/default/Source/tasks.o
                0x000000000080b938                pxCurrentTCB
 .sbss          0x000000000080b974        0x4 obj/default/main.o
                0x000000000080b974                n
 .sbss          0x000000000080b978        0xc obj/default/main.o
                0x000000000080b978                Queue_lcd_rs
                0x000000000080b97c                Queue_lcd_data
                0x000000000080b980                Mutex_write_lcd
 .sbss          0x000000000080b984        0x4 c:/altera/16.0/nios2eds/bin/gnu/h-x86_64-mingw32/bin/../lib/gcc/nios2-elf/5.2.0/../../../../../H-x86_64-mingw32/nios2-elf/lib\libsmallc.a(lib_a-int_errno.o)
                0x000000000080b984                errno
 .sbss          0x000000000080b988        0x4 ../freq_meter_nios_bsp/\libhal_bsp.a(alt_irq_vars.o)
                0x000000000080b988                alt_irq_active
 .sbss          0x000000000080b98c        0xc ../freq_meter_nios_bsp/\libhal_bsp.a(alt_main.o)
                0x000000000080b98c                alt_argc
                0x000000000080b990                alt_argv
                0x000000000080b994                alt_envp
 .sbss          0x000000000080b998        0x8 ../freq_meter_nios_bsp/\libhal_bsp.a(alt_tick.o)
                0x000000000080b998                _alt_tick_rate
                0x000000000080b99c                _alt_nticks
 *(.sbss2 .sbss2.* .gnu.linkonce.sb2.*)
 *(.scommon)
                [!provide]                        PROVIDE (__sbss_end, ABSOLUTE (.))
                [!provide]                        PROVIDE (___sbss_end, ABSOLUTE (.))
 *(.dynbss)
 *(.bss .bss.* .gnu.linkonce.b.*)
 .bss           0x000000000080b9a0        0x0 ../freq_meter_nios_bsp//obj/HAL/src/crt0.o
 .bss           0x000000000080b9a0        0x0 obj/default/Source/croutine.o
 .bss           0x000000000080b9a0        0x0 obj/default/Source/event_groups.o
 .bss           0x000000000080b9a0        0x0 obj/default/Source/list.o
 .bss           0x000000000080b9a0        0x0 obj/default/Source/portable/GCC/NiosII/port.o
 .bss           0x000000000080b9a0    0x3d090 obj/default/Source/portable/MemMang/heap_1.o
 .bss           0x0000000000848a30        0x0 obj/default/Source/queue.o
 .bss           0x0000000000848a30        0x0 obj/default/Source/stream_buffer.o
 .bss           0x0000000000848a30       0xc8 obj/default/Source/tasks.o
 .bss           0x0000000000848af8        0x0 obj/default/Source/timers.o
 .bss           0x0000000000848af8        0x0 obj/default/main.o
 .bss           0x0000000000848af8        0x0 obj/default/Source/portable/GCC/NiosII/port_asm.o
 .bss           0x0000000000848af8        0x0 c:/altera/16.0/nios2eds/bin/gnu/h-x86_64-mingw32/bin/../lib/gcc/nios2-elf/5.2.0/../../../../../H-x86_64-mingw32/nios2-elf/lib\libsmallc.a(lib_a-itoa.o)
 .bss           0x0000000000848af8        0x0 c:/altera/16.0/nios2eds/bin/gnu/h-x86_64-mingw32/bin/../lib/gcc/nios2-elf/5.2.0/../../../../../H-x86_64-mingw32/nios2-elf/lib\libsmallc.a(lib_a-memcpy.o)
 .bss           0x0000000000848af8        0x0 c:/altera/16.0/nios2eds/bin/gnu/h-x86_64-mingw32/bin/../lib/gcc/nios2-elf/5.2.0/../../../../../H-x86_64-mingw32/nios2-elf/lib\libsmallc.a(lib_a-memset.o)
 .bss           0x0000000000848af8        0x0 c:/altera/16.0/nios2eds/bin/gnu/h-x86_64-mingw32/bin/../lib/gcc/nios2-elf/5.2.0/../../../../../H-x86_64-mingw32/nios2-elf/lib\libsmallc.a(lib_a-puts.o)
 .bss           0x0000000000848af8        0x0 c:/altera/16.0/nios2eds/bin/gnu/h-x86_64-mingw32/bin/../lib/gcc/nios2-elf/5.2.0/../../../../../H-x86_64-mingw32/nios2-elf/lib\libsmallc.a(lib_a-strlen.o)
 .bss           0x0000000000848af8        0x0 c:/altera/16.0/nios2eds/bin/gnu/h-x86_64-mingw32/bin/../lib/gcc/nios2-elf/5.2.0/../../../../../H-x86_64-mingw32/nios2-elf/lib\libsmallc.a(lib_a-utoa.o)
 .bss           0x0000000000848af8        0x0 c:/altera/16.0/nios2eds/bin/gnu/h-x86_64-mingw32/bin/../lib/gcc/nios2-elf/5.2.0/../../../../../H-x86_64-mingw32/nios2-elf/lib\libsmallc.a(lib_a-vsprintf.o)
 .bss           0x0000000000848af8        0x0 c:/altera/16.0/nios2eds/bin/gnu/h-x86_64-mingw32/bin/../lib/gcc/nios2-elf/5.2.0/../../../../../H-x86_64-mingw32/nios2-elf/lib\libsmallc.a(lib_a-fvwrite_small_dev.o)
 .bss           0x0000000000848af8        0x0 c:/altera/16.0/nios2eds/bin/gnu/h-x86_64-mingw32/bin/../lib/gcc/nios2-elf/5.2.0/../../../../../H-x86_64-mingw32/nios2-elf/lib\libsmallc.a(lib_a-fvwrite_small_str.o)
 .bss           0x0000000000848af8        0x0 c:/altera/16.0/nios2eds/bin/gnu/h-x86_64-mingw32/bin/../lib/gcc/nios2-elf/5.2.0/../../../../../H-x86_64-mingw32/nios2-elf/lib\libsmallc.a(lib_a-impure.o)
 .bss           0x0000000000848af8        0x0 c:/altera/16.0/nios2eds/bin/gnu/h-x86_64-mingw32/bin/../lib/gcc/nios2-elf/5.2.0/../../../../../H-x86_64-mingw32/nios2-elf/lib\libsmallc.a(lib_a-memmove.o)
 .bss           0x0000000000848af8        0x0 c:/altera/16.0/nios2eds/bin/gnu/h-x86_64-mingw32/bin/../lib/gcc/nios2-elf/5.2.0/../../../../../H-x86_64-mingw32/nios2-elf/lib\libsmallc.a(lib_a-svfprintf.o)
 .bss           0x0000000000848af8        0x0 c:/altera/16.0/nios2eds/bin/gnu/h-x86_64-mingw32/bin/../lib/gcc/nios2-elf/5.2.0/../../../../../H-x86_64-mingw32/nios2-elf/lib\libsmallc.a(lib_a-writer.o)
 .bss           0x0000000000848af8        0x0 c:/altera/16.0/nios2eds/bin/gnu/h-x86_64-mingw32/bin/../lib/gcc/nios2-elf/5.2.0/../../../../../H-x86_64-mingw32/nios2-elf/lib\libsmallc.a(lib_a-int_errno.o)
 .bss           0x0000000000848af8        0x0 c:/altera/16.0/nios2eds/bin/gnu/h-x86_64-mingw32/bin/../lib/gcc/nios2-elf/5.2.0\libgcc.a(lib2-divmod.o)
 .bss           0x0000000000848af8        0x0 ../freq_meter_nios_bsp/\libhal_bsp.a(alt_irq_handler.o)
 .bss           0x0000000000848af8        0x0 ../freq_meter_nios_bsp/\libhal_bsp.a(alt_irq_vars.o)
 .bss           0x0000000000848af8        0x0 ../freq_meter_nios_bsp/\libhal_bsp.a(alt_load.o)
 .bss           0x0000000000848af8        0x0 ../freq_meter_nios_bsp/\libhal_bsp.a(alt_main.o)
 .bss           0x0000000000848af8        0x0 ../freq_meter_nios_bsp/\libhal_bsp.a(alt_putstr.o)
 .bss           0x0000000000848af8        0x0 ../freq_meter_nios_bsp/\libhal_bsp.a(alt_write.o)
 .bss           0x0000000000848af8        0x0 ../freq_meter_nios_bsp/\libhal_bsp.a(alt_sys_init.o)
 .bss           0x0000000000848af8        0x0 ../freq_meter_nios_bsp/\libhal_bsp.a(altera_avalon_jtag_uart_fd.o)
 .bss           0x0000000000848af8        0x0 ../freq_meter_nios_bsp/\libhal_bsp.a(altera_avalon_jtag_uart_init.o)
 .bss           0x0000000000848af8        0x0 ../freq_meter_nios_bsp/\libhal_bsp.a(altera_avalon_jtag_uart_ioctl.o)
 .bss           0x0000000000848af8        0x0 ../freq_meter_nios_bsp/\libhal_bsp.a(altera_avalon_jtag_uart_read.o)
 .bss           0x0000000000848af8        0x0 ../freq_meter_nios_bsp/\libhal_bsp.a(altera_avalon_jtag_uart_write.o)
 .bss           0x0000000000848af8        0x0 ../freq_meter_nios_bsp/\libhal_bsp.a(alt_alarm_start.o)
 .bss           0x0000000000848af8        0x0 ../freq_meter_nios_bsp/\libhal_bsp.a(alt_close.o)
 .bss           0x0000000000848af8        0x0 ../freq_meter_nios_bsp/\libhal_bsp.a(alt_dcache_flush_all.o)
 .bss           0x0000000000848af8        0x0 ../freq_meter_nios_bsp/\libhal_bsp.a(alt_dev.o)
 .bss           0x0000000000848af8        0x0 ../freq_meter_nios_bsp/\libhal_bsp.a(alt_dev_llist_insert.o)
 .bss           0x0000000000848af8        0x0 ../freq_meter_nios_bsp/\libhal_bsp.a(alt_errno.o)
 .bss           0x0000000000848af8        0x0 ../freq_meter_nios_bsp/\libhal_bsp.a(alt_icache_flush_all.o)
 .bss           0x0000000000848af8        0x0 ../freq_meter_nios_bsp/\libhal_bsp.a(alt_io_redirect.o)
 .bss           0x0000000000848af8        0x0 ../freq_meter_nios_bsp/\libhal_bsp.a(alt_open.o)
 .bss           0x0000000000848af8        0x0 ../freq_meter_nios_bsp/\libhal_bsp.a(alt_release_fd.o)
 .bss           0x0000000000848af8        0x0 ../freq_meter_nios_bsp/\libhal_bsp.a(alt_tick.o)
 .bss           0x0000000000848af8        0x0 ../freq_meter_nios_bsp/\libhal_bsp.a(altera_nios2_gen2_irq.o)
 .bss           0x0000000000848af8        0x0 ../freq_meter_nios_bsp/\libhal_bsp.a(alt_find_dev.o)
 .bss           0x0000000000848af8        0x0 ../freq_meter_nios_bsp/\libhal_bsp.a(alt_find_file.o)
 .bss           0x0000000000848af8        0x0 ../freq_meter_nios_bsp/\libhal_bsp.a(alt_get_fd.o)
 .bss           0x0000000000848af8        0x0 ../freq_meter_nios_bsp/\libhal_bsp.a(alt_icache_flush.o)
 .bss           0x0000000000848af8        0x0 c:/altera/16.0/nios2eds/bin/gnu/h-x86_64-mingw32/bin/../lib/gcc/nios2-elf/5.2.0/../../../../../H-x86_64-mingw32/nios2-elf/lib\libsmallc.a(lib_a-exit.o)
 .bss           0x0000000000848af8        0x0 c:/altera/16.0/nios2eds/bin/gnu/h-x86_64-mingw32/bin/../lib/gcc/nios2-elf/5.2.0/../../../../../H-x86_64-mingw32/nios2-elf/lib\libsmallc.a(lib_a-fputs.o)
 .bss           0x0000000000848af8        0x0 c:/altera/16.0/nios2eds/bin/gnu/h-x86_64-mingw32/bin/../lib/gcc/nios2-elf/5.2.0/../../../../../H-x86_64-mingw32/nios2-elf/lib\libsmallc.a(lib_a-memcmp.o)
 .bss           0x0000000000848af8        0x0 c:/altera/16.0/nios2eds/bin/gnu/h-x86_64-mingw32/bin/../lib/gcc/nios2-elf/5.2.0/../../../../../H-x86_64-mingw32/nios2-elf/lib\libsmallc.a(lib_a-__call_atexit.o)
 .bss           0x0000000000848af8        0x0 ../freq_meter_nios_bsp/\libhal_bsp.a(alt_exit.o)
 *(COMMON)
 COMMON         0x0000000000848af8      0x100 ../freq_meter_nios_bsp/\libhal_bsp.a(alt_irq_handler.o)
                0x0000000000848af8                alt_irq
                0x0000000000848bf8                . = ALIGN (0x4)
                0x0000000000848bf8                __bss_end = ABSOLUTE (.)

.sdram          0x0000000000848bf8        0x0
                [!provide]                        PROVIDE (_alt_partition_sdram_start, ABSOLUTE (.))
 *(.sdram .sdram. sdram.*)
                0x0000000000848bf8                . = ALIGN (0x4)
                [!provide]                        PROVIDE (_alt_partition_sdram_end, ABSOLUTE (.))
                0x0000000000848bf8                _end = ABSOLUTE (.)
                0x0000000000848bf8                end = ABSOLUTE (.)
                0x0000000000848bf8                __alt_stack_base = ABSOLUTE (.)
                [!provide]                        PROVIDE (_alt_partition_sdram_load_addr, LOADADDR (.sdram))

.onchip_memory2_0
                0x0000000001080000        0x0 load address 0x0000000000848bf8
                [!provide]                        PROVIDE (_alt_partition_onchip_memory2_0_start, ABSOLUTE (.))
 *(.onchip_memory2_0 .onchip_memory2_0. onchip_memory2_0.*)
                0x0000000001080000                . = ALIGN (0x4)
                [!provide]                        PROVIDE (_alt_partition_onchip_memory2_0_end, ABSOLUTE (.))
                [!provide]                        PROVIDE (_alt_partition_onchip_memory2_0_load_addr, LOADADDR (.onchip_memory2_0))

.stab
 *(.stab)

.stabstr
 *(.stabstr)

.stab.excl
 *(.stab.excl)

.stab.exclstr
 *(.stab.exclstr)

.stab.index
 *(.stab.index)

.stab.indexstr
 *(.stab.indexstr)

.comment        0x0000000000000000       0x23
 *(.comment)
 .comment       0x0000000000000000       0x23 obj/default/Source/croutine.o
                                         0x24 (size before relaxing)
 .comment       0x0000000000000023       0x24 obj/default/Source/event_groups.o
 .comment       0x0000000000000023       0x24 obj/default/Source/list.o
 .comment       0x0000000000000023       0x24 obj/default/Source/portable/GCC/NiosII/port.o
 .comment       0x0000000000000023       0x24 obj/default/Source/portable/MemMang/heap_1.o
 .comment       0x0000000000000023       0x24 obj/default/Source/queue.o
 .comment       0x0000000000000023       0x24 obj/default/Source/stream_buffer.o
 .comment       0x0000000000000023       0x24 obj/default/Source/tasks.o
 .comment       0x0000000000000023       0x24 obj/default/Source/timers.o
 .comment       0x0000000000000023       0x24 obj/default/main.o
 .comment       0x0000000000000023       0x24 c:/altera/16.0/nios2eds/bin/gnu/h-x86_64-mingw32/bin/../lib/gcc/nios2-elf/5.2.0/../../../../../H-x86_64-mingw32/nios2-elf/lib\libsmallc.a(lib_a-itoa.o)
 .comment       0x0000000000000023       0x24 c:/altera/16.0/nios2eds/bin/gnu/h-x86_64-mingw32/bin/../lib/gcc/nios2-elf/5.2.0/../../../../../H-x86_64-mingw32/nios2-elf/lib\libsmallc.a(lib_a-memcpy.o)
 .comment       0x0000000000000023       0x24 c:/altera/16.0/nios2eds/bin/gnu/h-x86_64-mingw32/bin/../lib/gcc/nios2-elf/5.2.0/../../../../../H-x86_64-mingw32/nios2-elf/lib\libsmallc.a(lib_a-memset.o)
 .comment       0x0000000000000023       0x24 c:/altera/16.0/nios2eds/bin/gnu/h-x86_64-mingw32/bin/../lib/gcc/nios2-elf/5.2.0/../../../../../H-x86_64-mingw32/nios2-elf/lib\libsmallc.a(lib_a-puts.o)
 .comment       0x0000000000000023       0x24 c:/altera/16.0/nios2eds/bin/gnu/h-x86_64-mingw32/bin/../lib/gcc/nios2-elf/5.2.0/../../../../../H-x86_64-mingw32/nios2-elf/lib\libsmallc.a(lib_a-strlen.o)
 .comment       0x0000000000000023       0x24 c:/altera/16.0/nios2eds/bin/gnu/h-x86_64-mingw32/bin/../lib/gcc/nios2-elf/5.2.0/../../../../../H-x86_64-mingw32/nios2-elf/lib\libsmallc.a(lib_a-utoa.o)
 .comment       0x0000000000000023       0x24 c:/altera/16.0/nios2eds/bin/gnu/h-x86_64-mingw32/bin/../lib/gcc/nios2-elf/5.2.0/../../../../../H-x86_64-mingw32/nios2-elf/lib\libsmallc.a(lib_a-vsprintf.o)
 .comment       0x0000000000000023       0x24 c:/altera/16.0/nios2eds/bin/gnu/h-x86_64-mingw32/bin/../lib/gcc/nios2-elf/5.2.0/../../../../../H-x86_64-mingw32/nios2-elf/lib\libsmallc.a(lib_a-fvwrite_small_dev.o)
 .comment       0x0000000000000023       0x24 c:/altera/16.0/nios2eds/bin/gnu/h-x86_64-mingw32/bin/../lib/gcc/nios2-elf/5.2.0/../../../../../H-x86_64-mingw32/nios2-elf/lib\libsmallc.a(lib_a-fvwrite_small_str.o)
 .comment       0x0000000000000023       0x24 c:/altera/16.0/nios2eds/bin/gnu/h-x86_64-mingw32/bin/../lib/gcc/nios2-elf/5.2.0/../../../../../H-x86_64-mingw32/nios2-elf/lib\libsmallc.a(lib_a-impure.o)
 .comment       0x0000000000000023       0x24 c:/altera/16.0/nios2eds/bin/gnu/h-x86_64-mingw32/bin/../lib/gcc/nios2-elf/5.2.0/../../../../../H-x86_64-mingw32/nios2-elf/lib\libsmallc.a(lib_a-memmove.o)
 .comment       0x0000000000000023       0x24 c:/altera/16.0/nios2eds/bin/gnu/h-x86_64-mingw32/bin/../lib/gcc/nios2-elf/5.2.0/../../../../../H-x86_64-mingw32/nios2-elf/lib\libsmallc.a(lib_a-svfprintf.o)
 .comment       0x0000000000000023       0x24 c:/altera/16.0/nios2eds/bin/gnu/h-x86_64-mingw32/bin/../lib/gcc/nios2-elf/5.2.0/../../../../../H-x86_64-mingw32/nios2-elf/lib\libsmallc.a(lib_a-writer.o)
 .comment       0x0000000000000023       0x24 c:/altera/16.0/nios2eds/bin/gnu/h-x86_64-mingw32/bin/../lib/gcc/nios2-elf/5.2.0/../../../../../H-x86_64-mingw32/nios2-elf/lib\libsmallc.a(lib_a-int_errno.o)
 .comment       0x0000000000000023       0x24 c:/altera/16.0/nios2eds/bin/gnu/h-x86_64-mingw32/bin/../lib/gcc/nios2-elf/5.2.0\libgcc.a(lib2-divmod.o)
 .comment       0x0000000000000023       0x24 ../freq_meter_nios_bsp/\libhal_bsp.a(alt_irq_handler.o)
 .comment       0x0000000000000023       0x24 ../freq_meter_nios_bsp/\libhal_bsp.a(alt_irq_vars.o)
 .comment       0x0000000000000023       0x24 ../freq_meter_nios_bsp/\libhal_bsp.a(alt_load.o)
 .comment       0x0000000000000023       0x24 ../freq_meter_nios_bsp/\libhal_bsp.a(alt_main.o)
 .comment       0x0000000000000023       0x24 ../freq_meter_nios_bsp/\libhal_bsp.a(alt_putstr.o)
 .comment       0x0000000000000023       0x24 ../freq_meter_nios_bsp/\libhal_bsp.a(alt_write.o)
 .comment       0x0000000000000023       0x24 ../freq_meter_nios_bsp/\libhal_bsp.a(alt_sys_init.o)
 .comment       0x0000000000000023       0x24 ../freq_meter_nios_bsp/\libhal_bsp.a(altera_avalon_jtag_uart_fd.o)
 .comment       0x0000000000000023       0x24 ../freq_meter_nios_bsp/\libhal_bsp.a(altera_avalon_jtag_uart_init.o)
 .comment       0x0000000000000023       0x24 ../freq_meter_nios_bsp/\libhal_bsp.a(altera_avalon_jtag_uart_ioctl.o)
 .comment       0x0000000000000023       0x24 ../freq_meter_nios_bsp/\libhal_bsp.a(altera_avalon_jtag_uart_read.o)
 .comment       0x0000000000000023       0x24 ../freq_meter_nios_bsp/\libhal_bsp.a(altera_avalon_jtag_uart_write.o)
 .comment       0x0000000000000023       0x24 ../freq_meter_nios_bsp/\libhal_bsp.a(alt_alarm_start.o)
 .comment       0x0000000000000023       0x24 ../freq_meter_nios_bsp/\libhal_bsp.a(alt_close.o)
 .comment       0x0000000000000023       0x24 ../freq_meter_nios_bsp/\libhal_bsp.a(alt_dcache_flush_all.o)
 .comment       0x0000000000000023       0x24 ../freq_meter_nios_bsp/\libhal_bsp.a(alt_dev.o)
 .comment       0x0000000000000023       0x24 ../freq_meter_nios_bsp/\libhal_bsp.a(alt_dev_llist_insert.o)
 .comment       0x0000000000000023       0x24 ../freq_meter_nios_bsp/\libhal_bsp.a(alt_errno.o)
 .comment       0x0000000000000023       0x24 ../freq_meter_nios_bsp/\libhal_bsp.a(alt_icache_flush_all.o)
 .comment       0x0000000000000023       0x24 ../freq_meter_nios_bsp/\libhal_bsp.a(alt_io_redirect.o)
 .comment       0x0000000000000023       0x24 ../freq_meter_nios_bsp/\libhal_bsp.a(alt_open.o)
 .comment       0x0000000000000023       0x24 ../freq_meter_nios_bsp/\libhal_bsp.a(alt_release_fd.o)
 .comment       0x0000000000000023       0x24 ../freq_meter_nios_bsp/\libhal_bsp.a(alt_tick.o)
 .comment       0x0000000000000023       0x24 ../freq_meter_nios_bsp/\libhal_bsp.a(altera_nios2_gen2_irq.o)
 .comment       0x0000000000000023       0x24 ../freq_meter_nios_bsp/\libhal_bsp.a(alt_find_dev.o)
 .comment       0x0000000000000023       0x24 ../freq_meter_nios_bsp/\libhal_bsp.a(alt_find_file.o)
 .comment       0x0000000000000023       0x24 ../freq_meter_nios_bsp/\libhal_bsp.a(alt_get_fd.o)
 .comment       0x0000000000000023       0x24 ../freq_meter_nios_bsp/\libhal_bsp.a(alt_icache_flush.o)
 .comment       0x0000000000000023       0x24 c:/altera/16.0/nios2eds/bin/gnu/h-x86_64-mingw32/bin/../lib/gcc/nios2-elf/5.2.0/../../../../../H-x86_64-mingw32/nios2-elf/lib\libsmallc.a(lib_a-exit.o)
 .comment       0x0000000000000023       0x24 c:/altera/16.0/nios2eds/bin/gnu/h-x86_64-mingw32/bin/../lib/gcc/nios2-elf/5.2.0/../../../../../H-x86_64-mingw32/nios2-elf/lib\libsmallc.a(lib_a-fputs.o)
 .comment       0x0000000000000023       0x24 c:/altera/16.0/nios2eds/bin/gnu/h-x86_64-mingw32/bin/../lib/gcc/nios2-elf/5.2.0/../../../../../H-x86_64-mingw32/nios2-elf/lib\libsmallc.a(lib_a-memcmp.o)
 .comment       0x0000000000000023       0x24 c:/altera/16.0/nios2eds/bin/gnu/h-x86_64-mingw32/bin/../lib/gcc/nios2-elf/5.2.0/../../../../../H-x86_64-mingw32/nios2-elf/lib\libsmallc.a(lib_a-__call_atexit.o)
 .comment       0x0000000000000023       0x24 ../freq_meter_nios_bsp/\libhal_bsp.a(alt_exit.o)

.debug
 *(.debug)

.line
 *(.line)

.debug_srcinfo
 *(.debug_srcinfo)

.debug_sfnames
 *(.debug_sfnames)

.debug_aranges  0x0000000000000000      0x7a8
 *(.debug_aranges)
 .debug_aranges
                0x0000000000000000       0x28 ../freq_meter_nios_bsp//obj/HAL/src/crt0.o
 .debug_aranges
                0x0000000000000028       0x18 obj/default/Source/croutine.o
 .debug_aranges
                0x0000000000000040       0x20 obj/default/Source/event_groups.o
 .debug_aranges
                0x0000000000000060       0x20 obj/default/Source/list.o
 .debug_aranges
                0x0000000000000080       0x20 obj/default/Source/portable/GCC/NiosII/port.o
 .debug_aranges
                0x00000000000000a0       0x20 obj/default/Source/portable/MemMang/heap_1.o
 .debug_aranges
                0x00000000000000c0       0x20 obj/default/Source/queue.o
 .debug_aranges
                0x00000000000000e0       0x20 obj/default/Source/stream_buffer.o
 .debug_aranges
                0x0000000000000100       0x20 obj/default/Source/tasks.o
 .debug_aranges
                0x0000000000000120       0x18 obj/default/Source/timers.o
 .debug_aranges
                0x0000000000000138       0x20 obj/default/main.o
 .debug_aranges
                0x0000000000000158       0x40 obj/default/Source/portable/GCC/NiosII/port_asm.o
 .debug_aranges
                0x0000000000000198       0x28 c:/altera/16.0/nios2eds/bin/gnu/h-x86_64-mingw32/bin/../lib/gcc/nios2-elf/5.2.0/../../../../../H-x86_64-mingw32/nios2-elf/lib\libsmallc.a(lib_a-itoa.o)
 .debug_aranges
                0x00000000000001c0       0x20 c:/altera/16.0/nios2eds/bin/gnu/h-x86_64-mingw32/bin/../lib/gcc/nios2-elf/5.2.0/../../../../../H-x86_64-mingw32/nios2-elf/lib\libsmallc.a(lib_a-memcpy.o)
 .debug_aranges
                0x00000000000001e0       0x20 c:/altera/16.0/nios2eds/bin/gnu/h-x86_64-mingw32/bin/../lib/gcc/nios2-elf/5.2.0/../../../../../H-x86_64-mingw32/nios2-elf/lib\libsmallc.a(lib_a-memset.o)
 .debug_aranges
                0x0000000000000200       0x28 c:/altera/16.0/nios2eds/bin/gnu/h-x86_64-mingw32/bin/../lib/gcc/nios2-elf/5.2.0/../../../../../H-x86_64-mingw32/nios2-elf/lib\libsmallc.a(lib_a-puts.o)
 .debug_aranges
                0x0000000000000228       0x20 c:/altera/16.0/nios2eds/bin/gnu/h-x86_64-mingw32/bin/../lib/gcc/nios2-elf/5.2.0/../../../../../H-x86_64-mingw32/nios2-elf/lib\libsmallc.a(lib_a-strlen.o)
 .debug_aranges
                0x0000000000000248       0x28 c:/altera/16.0/nios2eds/bin/gnu/h-x86_64-mingw32/bin/../lib/gcc/nios2-elf/5.2.0/../../../../../H-x86_64-mingw32/nios2-elf/lib\libsmallc.a(lib_a-utoa.o)
 .debug_aranges
                0x0000000000000270       0x28 c:/altera/16.0/nios2eds/bin/gnu/h-x86_64-mingw32/bin/../lib/gcc/nios2-elf/5.2.0/../../../../../H-x86_64-mingw32/nios2-elf/lib\libsmallc.a(lib_a-vsprintf.o)
 .debug_aranges
                0x0000000000000298       0x20 c:/altera/16.0/nios2eds/bin/gnu/h-x86_64-mingw32/bin/../lib/gcc/nios2-elf/5.2.0/../../../../../H-x86_64-mingw32/nios2-elf/lib\libsmallc.a(lib_a-fvwrite_small_dev.o)
 .debug_aranges
                0x00000000000002b8       0x20 c:/altera/16.0/nios2eds/bin/gnu/h-x86_64-mingw32/bin/../lib/gcc/nios2-elf/5.2.0/../../../../../H-x86_64-mingw32/nios2-elf/lib\libsmallc.a(lib_a-fvwrite_small_str.o)
 .debug_aranges
                0x00000000000002d8       0x18 c:/altera/16.0/nios2eds/bin/gnu/h-x86_64-mingw32/bin/../lib/gcc/nios2-elf/5.2.0/../../../../../H-x86_64-mingw32/nios2-elf/lib\libsmallc.a(lib_a-impure.o)
 .debug_aranges
                0x00000000000002f0       0x20 c:/altera/16.0/nios2eds/bin/gnu/h-x86_64-mingw32/bin/../lib/gcc/nios2-elf/5.2.0/../../../../../H-x86_64-mingw32/nios2-elf/lib\libsmallc.a(lib_a-memmove.o)
 .debug_aranges
                0x0000000000000310       0x30 c:/altera/16.0/nios2eds/bin/gnu/h-x86_64-mingw32/bin/../lib/gcc/nios2-elf/5.2.0/../../../../../H-x86_64-mingw32/nios2-elf/lib\libsmallc.a(lib_a-svfprintf.o)
 .debug_aranges
                0x0000000000000340       0x20 c:/altera/16.0/nios2eds/bin/gnu/h-x86_64-mingw32/bin/../lib/gcc/nios2-elf/5.2.0/../../../../../H-x86_64-mingw32/nios2-elf/lib\libsmallc.a(lib_a-writer.o)
 .debug_aranges
                0x0000000000000360       0x18 c:/altera/16.0/nios2eds/bin/gnu/h-x86_64-mingw32/bin/../lib/gcc/nios2-elf/5.2.0/../../../../../H-x86_64-mingw32/nios2-elf/lib\libsmallc.a(lib_a-int_errno.o)
 .debug_aranges
                0x0000000000000378       0x20 c:/altera/16.0/nios2eds/bin/gnu/h-x86_64-mingw32/bin/../lib/gcc/nios2-elf/5.2.0\libgcc.a(lib2-divmod.o)
 .debug_aranges
                0x0000000000000398       0x20 ../freq_meter_nios_bsp/\libhal_bsp.a(alt_irq_handler.o)
 .debug_aranges
                0x00000000000003b8       0x18 ../freq_meter_nios_bsp/\libhal_bsp.a(alt_irq_vars.o)
 .debug_aranges
                0x00000000000003d0       0x20 ../freq_meter_nios_bsp/\libhal_bsp.a(alt_load.o)
 .debug_aranges
                0x00000000000003f0       0x20 ../freq_meter_nios_bsp/\libhal_bsp.a(alt_main.o)
 .debug_aranges
                0x0000000000000410       0x20 ../freq_meter_nios_bsp/\libhal_bsp.a(alt_putstr.o)
 .debug_aranges
                0x0000000000000430       0x20 ../freq_meter_nios_bsp/\libhal_bsp.a(alt_write.o)
 .debug_aranges
                0x0000000000000450       0x20 ../freq_meter_nios_bsp/\libhal_bsp.a(alt_sys_init.o)
 .debug_aranges
                0x0000000000000470       0x20 ../freq_meter_nios_bsp/\libhal_bsp.a(altera_avalon_jtag_uart_fd.o)
 .debug_aranges
                0x0000000000000490       0x20 ../freq_meter_nios_bsp/\libhal_bsp.a(altera_avalon_jtag_uart_init.o)
 .debug_aranges
                0x00000000000004b0       0x20 ../freq_meter_nios_bsp/\libhal_bsp.a(altera_avalon_jtag_uart_ioctl.o)
 .debug_aranges
                0x00000000000004d0       0x20 ../freq_meter_nios_bsp/\libhal_bsp.a(altera_avalon_jtag_uart_read.o)
 .debug_aranges
                0x00000000000004f0       0x20 ../freq_meter_nios_bsp/\libhal_bsp.a(altera_avalon_jtag_uart_write.o)
 .debug_aranges
                0x0000000000000510       0x20 ../freq_meter_nios_bsp/\libhal_bsp.a(alt_alarm_start.o)
 .debug_aranges
                0x0000000000000530       0x20 ../freq_meter_nios_bsp/\libhal_bsp.a(alt_close.o)
 .debug_aranges
                0x0000000000000550       0x20 ../freq_meter_nios_bsp/\libhal_bsp.a(alt_dcache_flush_all.o)
 .debug_aranges
                0x0000000000000570       0x20 ../freq_meter_nios_bsp/\libhal_bsp.a(alt_dev.o)
 .debug_aranges
                0x0000000000000590       0x20 ../freq_meter_nios_bsp/\libhal_bsp.a(alt_dev_llist_insert.o)
 .debug_aranges
                0x00000000000005b0       0x18 ../freq_meter_nios_bsp/\libhal_bsp.a(alt_errno.o)
 .debug_aranges
                0x00000000000005c8       0x20 ../freq_meter_nios_bsp/\libhal_bsp.a(alt_icache_flush_all.o)
 .debug_aranges
                0x00000000000005e8       0x20 ../freq_meter_nios_bsp/\libhal_bsp.a(alt_io_redirect.o)
 .debug_aranges
                0x0000000000000608       0x20 ../freq_meter_nios_bsp/\libhal_bsp.a(alt_open.o)
 .debug_aranges
                0x0000000000000628       0x20 ../freq_meter_nios_bsp/\libhal_bsp.a(alt_release_fd.o)
 .debug_aranges
                0x0000000000000648       0x20 ../freq_meter_nios_bsp/\libhal_bsp.a(alt_tick.o)
 .debug_aranges
                0x0000000000000668       0x20 ../freq_meter_nios_bsp/\libhal_bsp.a(altera_nios2_gen2_irq.o)
 .debug_aranges
                0x0000000000000688       0x20 ../freq_meter_nios_bsp/\libhal_bsp.a(alt_find_dev.o)
 .debug_aranges
                0x00000000000006a8       0x20 ../freq_meter_nios_bsp/\libhal_bsp.a(alt_find_file.o)
 .debug_aranges
                0x00000000000006c8       0x20 ../freq_meter_nios_bsp/\libhal_bsp.a(alt_get_fd.o)
 .debug_aranges
                0x00000000000006e8       0x20 ../freq_meter_nios_bsp/\libhal_bsp.a(alt_icache_flush.o)
 .debug_aranges
                0x0000000000000708       0x20 c:/altera/16.0/nios2eds/bin/gnu/h-x86_64-mingw32/bin/../lib/gcc/nios2-elf/5.2.0/../../../../../H-x86_64-mingw32/nios2-elf/lib\libsmallc.a(lib_a-exit.o)
 .debug_aranges
                0x0000000000000728       0x20 c:/altera/16.0/nios2eds/bin/gnu/h-x86_64-mingw32/bin/../lib/gcc/nios2-elf/5.2.0/../../../../../H-x86_64-mingw32/nios2-elf/lib\libsmallc.a(lib_a-fputs.o)
 .debug_aranges
                0x0000000000000748       0x20 c:/altera/16.0/nios2eds/bin/gnu/h-x86_64-mingw32/bin/../lib/gcc/nios2-elf/5.2.0/../../../../../H-x86_64-mingw32/nios2-elf/lib\libsmallc.a(lib_a-memcmp.o)
 .debug_aranges
                0x0000000000000768       0x20 c:/altera/16.0/nios2eds/bin/gnu/h-x86_64-mingw32/bin/../lib/gcc/nios2-elf/5.2.0/../../../../../H-x86_64-mingw32/nios2-elf/lib\libsmallc.a(lib_a-__call_atexit.o)
 .debug_aranges
                0x0000000000000788       0x20 ../freq_meter_nios_bsp/\libhal_bsp.a(alt_exit.o)

.debug_pubnames
 *(.debug_pubnames)

.debug_info     0x0000000000000000     0xe3e9
 *(.debug_info .gnu.linkonce.wi.*)
 .debug_info    0x0000000000000000       0x97 ../freq_meter_nios_bsp//obj/HAL/src/crt0.o
 .debug_info    0x0000000000000097       0x9f obj/default/Source/croutine.o
 .debug_info    0x0000000000000136      0x656 obj/default/Source/event_groups.o
 .debug_info    0x000000000000078c      0x2d9 obj/default/Source/list.o
 .debug_info    0x0000000000000a65      0x458 obj/default/Source/portable/GCC/NiosII/port.o
 .debug_info    0x0000000000000ebd      0x1ab obj/default/Source/portable/MemMang/heap_1.o
 .debug_info    0x0000000000001068      0xe43 obj/default/Source/queue.o
 .debug_info    0x0000000000001eab      0xb33 obj/default/Source/stream_buffer.o
 .debug_info    0x00000000000029de     0x1584 obj/default/Source/tasks.o
 .debug_info    0x0000000000003f62       0x9f obj/default/Source/timers.o
 .debug_info    0x0000000000004001      0x7b5 obj/default/main.o
 .debug_info    0x00000000000047b6       0xaa obj/default/Source/portable/GCC/NiosII/port_asm.o
 .debug_info    0x0000000000004860      0x164 c:/altera/16.0/nios2eds/bin/gnu/h-x86_64-mingw32/bin/../lib/gcc/nios2-elf/5.2.0/../../../../../H-x86_64-mingw32/nios2-elf/lib\libsmallc.a(lib_a-itoa.o)
 .debug_info    0x00000000000049c4      0x119 c:/altera/16.0/nios2eds/bin/gnu/h-x86_64-mingw32/bin/../lib/gcc/nios2-elf/5.2.0/../../../../../H-x86_64-mingw32/nios2-elf/lib\libsmallc.a(lib_a-memcpy.o)
 .debug_info    0x0000000000004add       0xdc c:/altera/16.0/nios2eds/bin/gnu/h-x86_64-mingw32/bin/../lib/gcc/nios2-elf/5.2.0/../../../../../H-x86_64-mingw32/nios2-elf/lib\libsmallc.a(lib_a-memset.o)
 .debug_info    0x0000000000004bb9      0x66d c:/altera/16.0/nios2eds/bin/gnu/h-x86_64-mingw32/bin/../lib/gcc/nios2-elf/5.2.0/../../../../../H-x86_64-mingw32/nios2-elf/lib\libsmallc.a(lib_a-puts.o)
 .debug_info    0x0000000000005226       0xc9 c:/altera/16.0/nios2eds/bin/gnu/h-x86_64-mingw32/bin/../lib/gcc/nios2-elf/5.2.0/../../../../../H-x86_64-mingw32/nios2-elf/lib\libsmallc.a(lib_a-strlen.o)
 .debug_info    0x00000000000052ef      0x1b6 c:/altera/16.0/nios2eds/bin/gnu/h-x86_64-mingw32/bin/../lib/gcc/nios2-elf/5.2.0/../../../../../H-x86_64-mingw32/nios2-elf/lib\libsmallc.a(lib_a-utoa.o)
 .debug_info    0x00000000000054a5      0x7a1 c:/altera/16.0/nios2eds/bin/gnu/h-x86_64-mingw32/bin/../lib/gcc/nios2-elf/5.2.0/../../../../../H-x86_64-mingw32/nios2-elf/lib\libsmallc.a(lib_a-vsprintf.o)
 .debug_info    0x0000000000005c46      0x62b c:/altera/16.0/nios2eds/bin/gnu/h-x86_64-mingw32/bin/../lib/gcc/nios2-elf/5.2.0/../../../../../H-x86_64-mingw32/nios2-elf/lib\libsmallc.a(lib_a-fvwrite_small_dev.o)
 .debug_info    0x0000000000006271      0x700 c:/altera/16.0/nios2eds/bin/gnu/h-x86_64-mingw32/bin/../lib/gcc/nios2-elf/5.2.0/../../../../../H-x86_64-mingw32/nios2-elf/lib\libsmallc.a(lib_a-fvwrite_small_str.o)
 .debug_info    0x0000000000006971      0x5a9 c:/altera/16.0/nios2eds/bin/gnu/h-x86_64-mingw32/bin/../lib/gcc/nios2-elf/5.2.0/../../../../../H-x86_64-mingw32/nios2-elf/lib\libsmallc.a(lib_a-impure.o)
 .debug_info    0x0000000000006f1a      0x10b c:/altera/16.0/nios2eds/bin/gnu/h-x86_64-mingw32/bin/../lib/gcc/nios2-elf/5.2.0/../../../../../H-x86_64-mingw32/nios2-elf/lib\libsmallc.a(lib_a-memmove.o)
 .debug_info    0x0000000000007025      0xb2b c:/altera/16.0/nios2eds/bin/gnu/h-x86_64-mingw32/bin/../lib/gcc/nios2-elf/5.2.0/../../../../../H-x86_64-mingw32/nios2-elf/lib\libsmallc.a(lib_a-svfprintf.o)
 .debug_info    0x0000000000007b50      0x630 c:/altera/16.0/nios2eds/bin/gnu/h-x86_64-mingw32/bin/../lib/gcc/nios2-elf/5.2.0/../../../../../H-x86_64-mingw32/nios2-elf/lib\libsmallc.a(lib_a-writer.o)
 .debug_info    0x0000000000008180       0x8a c:/altera/16.0/nios2eds/bin/gnu/h-x86_64-mingw32/bin/../lib/gcc/nios2-elf/5.2.0/../../../../../H-x86_64-mingw32/nios2-elf/lib\libsmallc.a(lib_a-int_errno.o)
 .debug_info    0x000000000000820a      0x2c3 c:/altera/16.0/nios2eds/bin/gnu/h-x86_64-mingw32/bin/../lib/gcc/nios2-elf/5.2.0\libgcc.a(lib2-divmod.o)
 .debug_info    0x00000000000084cd      0x1a7 ../freq_meter_nios_bsp/\libhal_bsp.a(alt_irq_handler.o)
 .debug_info    0x0000000000008674       0x88 ../freq_meter_nios_bsp/\libhal_bsp.a(alt_irq_vars.o)
 .debug_info    0x00000000000086fc      0x145 ../freq_meter_nios_bsp/\libhal_bsp.a(alt_load.o)
 .debug_info    0x0000000000008841      0x157 ../freq_meter_nios_bsp/\libhal_bsp.a(alt_main.o)
 .debug_info    0x0000000000008998      0x8a8 ../freq_meter_nios_bsp/\libhal_bsp.a(alt_putstr.o)
 .debug_info    0x0000000000009240      0x4b7 ../freq_meter_nios_bsp/\libhal_bsp.a(alt_write.o)
 .debug_info    0x00000000000096f7      0x4ef ../freq_meter_nios_bsp/\libhal_bsp.a(alt_sys_init.o)
 .debug_info    0x0000000000009be6      0x52e ../freq_meter_nios_bsp/\libhal_bsp.a(altera_avalon_jtag_uart_fd.o)
 .debug_info    0x000000000000a114      0x3c3 ../freq_meter_nios_bsp/\libhal_bsp.a(altera_avalon_jtag_uart_init.o)
 .debug_info    0x000000000000a4d7      0x280 ../freq_meter_nios_bsp/\libhal_bsp.a(altera_avalon_jtag_uart_ioctl.o)
 .debug_info    0x000000000000a757      0x35b ../freq_meter_nios_bsp/\libhal_bsp.a(altera_avalon_jtag_uart_read.o)
 .debug_info    0x000000000000aab2      0x356 ../freq_meter_nios_bsp/\libhal_bsp.a(altera_avalon_jtag_uart_write.o)
 .debug_info    0x000000000000ae08      0x2e2 ../freq_meter_nios_bsp/\libhal_bsp.a(alt_alarm_start.o)
 .debug_info    0x000000000000b0ea      0x321 ../freq_meter_nios_bsp/\libhal_bsp.a(alt_close.o)
 .debug_info    0x000000000000b40b       0xa5 ../freq_meter_nios_bsp/\libhal_bsp.a(alt_dcache_flush_all.o)
 .debug_info    0x000000000000b4b0      0x49c ../freq_meter_nios_bsp/\libhal_bsp.a(alt_dev.o)
 .debug_info    0x000000000000b94c      0x1a9 ../freq_meter_nios_bsp/\libhal_bsp.a(alt_dev_llist_insert.o)
 .debug_info    0x000000000000baf5       0xa6 ../freq_meter_nios_bsp/\libhal_bsp.a(alt_errno.o)
 .debug_info    0x000000000000bb9b       0x92 ../freq_meter_nios_bsp/\libhal_bsp.a(alt_icache_flush_all.o)
 .debug_info    0x000000000000bc2d      0x4a5 ../freq_meter_nios_bsp/\libhal_bsp.a(alt_io_redirect.o)
 .debug_info    0x000000000000c0d2      0x3bb ../freq_meter_nios_bsp/\libhal_bsp.a(alt_open.o)
 .debug_info    0x000000000000c48d      0x2b0 ../freq_meter_nios_bsp/\libhal_bsp.a(alt_release_fd.o)
 .debug_info    0x000000000000c73d      0x2af ../freq_meter_nios_bsp/\libhal_bsp.a(alt_tick.o)
 .debug_info    0x000000000000c9ec       0xb8 ../freq_meter_nios_bsp/\libhal_bsp.a(altera_nios2_gen2_irq.o)
 .debug_info    0x000000000000caa4      0x2e9 ../freq_meter_nios_bsp/\libhal_bsp.a(alt_find_dev.o)
 .debug_info    0x000000000000cd8d      0x2e6 ../freq_meter_nios_bsp/\libhal_bsp.a(alt_find_file.o)
 .debug_info    0x000000000000d073      0x310 ../freq_meter_nios_bsp/\libhal_bsp.a(alt_get_fd.o)
 .debug_info    0x000000000000d383       0xdc ../freq_meter_nios_bsp/\libhal_bsp.a(alt_icache_flush.o)
 .debug_info    0x000000000000d45f       0xe5 c:/altera/16.0/nios2eds/bin/gnu/h-x86_64-mingw32/bin/../lib/gcc/nios2-elf/5.2.0/../../../../../H-x86_64-mingw32/nios2-elf/lib\libsmallc.a(lib_a-exit.o)
 .debug_info    0x000000000000d544      0x620 c:/altera/16.0/nios2eds/bin/gnu/h-x86_64-mingw32/bin/../lib/gcc/nios2-elf/5.2.0/../../../../../H-x86_64-mingw32/nios2-elf/lib\libsmallc.a(lib_a-fputs.o)
 .debug_info    0x000000000000db64       0xf4 c:/altera/16.0/nios2eds/bin/gnu/h-x86_64-mingw32/bin/../lib/gcc/nios2-elf/5.2.0/../../../../../H-x86_64-mingw32/nios2-elf/lib\libsmallc.a(lib_a-memcmp.o)
 .debug_info    0x000000000000dc58      0x67b c:/altera/16.0/nios2eds/bin/gnu/h-x86_64-mingw32/bin/../lib/gcc/nios2-elf/5.2.0/../../../../../H-x86_64-mingw32/nios2-elf/lib\libsmallc.a(lib_a-__call_atexit.o)
 .debug_info    0x000000000000e2d3      0x116 ../freq_meter_nios_bsp/\libhal_bsp.a(alt_exit.o)

.debug_abbrev   0x0000000000000000     0x4165
 *(.debug_abbrev)
 .debug_abbrev  0x0000000000000000       0x12 ../freq_meter_nios_bsp//obj/HAL/src/crt0.o
 .debug_abbrev  0x0000000000000012       0x4b obj/default/Source/croutine.o
 .debug_abbrev  0x000000000000005d      0x151 obj/default/Source/event_groups.o
 .debug_abbrev  0x00000000000001ae       0xd8 obj/default/Source/list.o
 .debug_abbrev  0x0000000000000286      0x21c obj/default/Source/portable/GCC/NiosII/port.o
 .debug_abbrev  0x00000000000004a2      0x106 obj/default/Source/portable/MemMang/heap_1.o
 .debug_abbrev  0x00000000000005a8      0x1b6 obj/default/Source/queue.o
 .debug_abbrev  0x000000000000075e      0x1a9 obj/default/Source/stream_buffer.o
 .debug_abbrev  0x0000000000000907      0x268 obj/default/Source/tasks.o
 .debug_abbrev  0x0000000000000b6f       0x4b obj/default/Source/timers.o
 .debug_abbrev  0x0000000000000bba      0x1bf obj/default/main.o
 .debug_abbrev  0x0000000000000d79       0x12 obj/default/Source/portable/GCC/NiosII/port_asm.o
 .debug_abbrev  0x0000000000000d8b       0xc1 c:/altera/16.0/nios2eds/bin/gnu/h-x86_64-mingw32/bin/../lib/gcc/nios2-elf/5.2.0/../../../../../H-x86_64-mingw32/nios2-elf/lib\libsmallc.a(lib_a-itoa.o)
 .debug_abbrev  0x0000000000000e4c       0x9c c:/altera/16.0/nios2eds/bin/gnu/h-x86_64-mingw32/bin/../lib/gcc/nios2-elf/5.2.0/../../../../../H-x86_64-mingw32/nios2-elf/lib\libsmallc.a(lib_a-memcpy.o)
 .debug_abbrev  0x0000000000000ee8       0x8e c:/altera/16.0/nios2eds/bin/gnu/h-x86_64-mingw32/bin/../lib/gcc/nios2-elf/5.2.0/../../../../../H-x86_64-mingw32/nios2-elf/lib\libsmallc.a(lib_a-memset.o)
 .debug_abbrev  0x0000000000000f76      0x1d6 c:/altera/16.0/nios2eds/bin/gnu/h-x86_64-mingw32/bin/../lib/gcc/nios2-elf/5.2.0/../../../../../H-x86_64-mingw32/nios2-elf/lib\libsmallc.a(lib_a-puts.o)
 .debug_abbrev  0x000000000000114c       0x7f c:/altera/16.0/nios2eds/bin/gnu/h-x86_64-mingw32/bin/../lib/gcc/nios2-elf/5.2.0/../../../../../H-x86_64-mingw32/nios2-elf/lib\libsmallc.a(lib_a-strlen.o)
 .debug_abbrev  0x00000000000011cb      0x101 c:/altera/16.0/nios2eds/bin/gnu/h-x86_64-mingw32/bin/../lib/gcc/nios2-elf/5.2.0/../../../../../H-x86_64-mingw32/nios2-elf/lib\libsmallc.a(lib_a-utoa.o)
 .debug_abbrev  0x00000000000012cc      0x1f3 c:/altera/16.0/nios2eds/bin/gnu/h-x86_64-mingw32/bin/../lib/gcc/nios2-elf/5.2.0/../../../../../H-x86_64-mingw32/nios2-elf/lib\libsmallc.a(lib_a-vsprintf.o)
 .debug_abbrev  0x00000000000014bf      0x1bc c:/altera/16.0/nios2eds/bin/gnu/h-x86_64-mingw32/bin/../lib/gcc/nios2-elf/5.2.0/../../../../../H-x86_64-mingw32/nios2-elf/lib\libsmallc.a(lib_a-fvwrite_small_dev.o)
 .debug_abbrev  0x000000000000167b      0x1b5 c:/altera/16.0/nios2eds/bin/gnu/h-x86_64-mingw32/bin/../lib/gcc/nios2-elf/5.2.0/../../../../../H-x86_64-mingw32/nios2-elf/lib\libsmallc.a(lib_a-fvwrite_small_str.o)
 .debug_abbrev  0x0000000000001830      0x14a c:/altera/16.0/nios2eds/bin/gnu/h-x86_64-mingw32/bin/../lib/gcc/nios2-elf/5.2.0/../../../../../H-x86_64-mingw32/nios2-elf/lib\libsmallc.a(lib_a-impure.o)
 .debug_abbrev  0x000000000000197a       0x8d c:/altera/16.0/nios2eds/bin/gnu/h-x86_64-mingw32/bin/../lib/gcc/nios2-elf/5.2.0/../../../../../H-x86_64-mingw32/nios2-elf/lib\libsmallc.a(lib_a-memmove.o)
 .debug_abbrev  0x0000000000001a07      0x2a1 c:/altera/16.0/nios2eds/bin/gnu/h-x86_64-mingw32/bin/../lib/gcc/nios2-elf/5.2.0/../../../../../H-x86_64-mingw32/nios2-elf/lib\libsmallc.a(lib_a-svfprintf.o)
 .debug_abbrev  0x0000000000001ca8      0x1a6 c:/altera/16.0/nios2eds/bin/gnu/h-x86_64-mingw32/bin/../lib/gcc/nios2-elf/5.2.0/../../../../../H-x86_64-mingw32/nios2-elf/lib\libsmallc.a(lib_a-writer.o)
 .debug_abbrev  0x0000000000001e4e       0x37 c:/altera/16.0/nios2eds/bin/gnu/h-x86_64-mingw32/bin/../lib/gcc/nios2-elf/5.2.0/../../../../../H-x86_64-mingw32/nios2-elf/lib\libsmallc.a(lib_a-int_errno.o)
 .debug_abbrev  0x0000000000001e85      0x10e c:/altera/16.0/nios2eds/bin/gnu/h-x86_64-mingw32/bin/../lib/gcc/nios2-elf/5.2.0\libgcc.a(lib2-divmod.o)
 .debug_abbrev  0x0000000000001f93      0x13a ../freq_meter_nios_bsp/\libhal_bsp.a(alt_irq_handler.o)
 .debug_abbrev  0x00000000000020cd       0x40 ../freq_meter_nios_bsp/\libhal_bsp.a(alt_irq_vars.o)
 .debug_abbrev  0x000000000000210d       0x9f ../freq_meter_nios_bsp/\libhal_bsp.a(alt_load.o)
 .debug_abbrev  0x00000000000021ac       0xc1 ../freq_meter_nios_bsp/\libhal_bsp.a(alt_main.o)
 .debug_abbrev  0x000000000000226d      0x1af ../freq_meter_nios_bsp/\libhal_bsp.a(alt_putstr.o)
 .debug_abbrev  0x000000000000241c      0x133 ../freq_meter_nios_bsp/\libhal_bsp.a(alt_write.o)
 .debug_abbrev  0x000000000000254f      0x187 ../freq_meter_nios_bsp/\libhal_bsp.a(alt_sys_init.o)
 .debug_abbrev  0x00000000000026d6      0x127 ../freq_meter_nios_bsp/\libhal_bsp.a(altera_avalon_jtag_uart_fd.o)
 .debug_abbrev  0x00000000000027fd      0x19e ../freq_meter_nios_bsp/\libhal_bsp.a(altera_avalon_jtag_uart_init.o)
 .debug_abbrev  0x000000000000299b      0x111 ../freq_meter_nios_bsp/\libhal_bsp.a(altera_avalon_jtag_uart_ioctl.o)
 .debug_abbrev  0x0000000000002aac      0x1aa ../freq_meter_nios_bsp/\libhal_bsp.a(altera_avalon_jtag_uart_read.o)
 .debug_abbrev  0x0000000000002c56      0x1a8 ../freq_meter_nios_bsp/\libhal_bsp.a(altera_avalon_jtag_uart_write.o)
 .debug_abbrev  0x0000000000002dfe      0x162 ../freq_meter_nios_bsp/\libhal_bsp.a(alt_alarm_start.o)
 .debug_abbrev  0x0000000000002f60      0x11f ../freq_meter_nios_bsp/\libhal_bsp.a(alt_close.o)
 .debug_abbrev  0x000000000000307f       0x5a ../freq_meter_nios_bsp/\libhal_bsp.a(alt_dcache_flush_all.o)
 .debug_abbrev  0x00000000000030d9       0xd9 ../freq_meter_nios_bsp/\libhal_bsp.a(alt_dev.o)
 .debug_abbrev  0x00000000000031b2      0x114 ../freq_meter_nios_bsp/\libhal_bsp.a(alt_dev_llist_insert.o)
 .debug_abbrev  0x00000000000032c6       0x5a ../freq_meter_nios_bsp/\libhal_bsp.a(alt_errno.o)
 .debug_abbrev  0x0000000000003320       0x42 ../freq_meter_nios_bsp/\libhal_bsp.a(alt_icache_flush_all.o)
 .debug_abbrev  0x0000000000003362      0x114 ../freq_meter_nios_bsp/\libhal_bsp.a(alt_io_redirect.o)
 .debug_abbrev  0x0000000000003476      0x148 ../freq_meter_nios_bsp/\libhal_bsp.a(alt_open.o)
 .debug_abbrev  0x00000000000035be       0xde ../freq_meter_nios_bsp/\libhal_bsp.a(alt_release_fd.o)
 .debug_abbrev  0x000000000000369c      0x16b ../freq_meter_nios_bsp/\libhal_bsp.a(alt_tick.o)
 .debug_abbrev  0x0000000000003807       0x67 ../freq_meter_nios_bsp/\libhal_bsp.a(altera_nios2_gen2_irq.o)
 .debug_abbrev  0x000000000000386e       0xf0 ../freq_meter_nios_bsp/\libhal_bsp.a(alt_find_dev.o)
 .debug_abbrev  0x000000000000395e       0xf0 ../freq_meter_nios_bsp/\libhal_bsp.a(alt_find_file.o)
 .debug_abbrev  0x0000000000003a4e      0x10d ../freq_meter_nios_bsp/\libhal_bsp.a(alt_get_fd.o)
 .debug_abbrev  0x0000000000003b5b       0x8c ../freq_meter_nios_bsp/\libhal_bsp.a(alt_icache_flush.o)
 .debug_abbrev  0x0000000000003be7       0x8b c:/altera/16.0/nios2eds/bin/gnu/h-x86_64-mingw32/bin/../lib/gcc/nios2-elf/5.2.0/../../../../../H-x86_64-mingw32/nios2-elf/lib\libsmallc.a(lib_a-exit.o)
 .debug_abbrev  0x0000000000003c72      0x1ae c:/altera/16.0/nios2eds/bin/gnu/h-x86_64-mingw32/bin/../lib/gcc/nios2-elf/5.2.0/../../../../../H-x86_64-mingw32/nios2-elf/lib\libsmallc.a(lib_a-fputs.o)
 .debug_abbrev  0x0000000000003e20       0x7f c:/altera/16.0/nios2eds/bin/gnu/h-x86_64-mingw32/bin/../lib/gcc/nios2-elf/5.2.0/../../../../../H-x86_64-mingw32/nios2-elf/lib\libsmallc.a(lib_a-memcmp.o)
 .debug_abbrev  0x0000000000003e9f      0x1f6 c:/altera/16.0/nios2eds/bin/gnu/h-x86_64-mingw32/bin/../lib/gcc/nios2-elf/5.2.0/../../../../../H-x86_64-mingw32/nios2-elf/lib\libsmallc.a(lib_a-__call_atexit.o)
 .debug_abbrev  0x0000000000004095       0xd0 ../freq_meter_nios_bsp/\libhal_bsp.a(alt_exit.o)

.debug_line     0x0000000000000000     0x5a03
 *(.debug_line)
 .debug_line    0x0000000000000000       0x72 ../freq_meter_nios_bsp//obj/HAL/src/crt0.o
 .debug_line    0x0000000000000072       0x85 obj/default/Source/croutine.o
 .debug_line    0x00000000000000f7      0x284 obj/default/Source/event_groups.o
 .debug_line    0x000000000000037b      0x1dc obj/default/Source/list.o
 .debug_line    0x0000000000000557      0x2a5 obj/default/Source/portable/GCC/NiosII/port.o
 .debug_line    0x00000000000007fc      0x1eb obj/default/Source/portable/MemMang/heap_1.o
 .debug_line    0x00000000000009e7      0x509 obj/default/Source/queue.o
 .debug_line    0x0000000000000ef0      0x3b7 obj/default/Source/stream_buffer.o
 .debug_line    0x00000000000012a7      0x8db obj/default/Source/tasks.o
 .debug_line    0x0000000000001b82       0x85 obj/default/Source/timers.o
 .debug_line    0x0000000000001c07      0x3ae obj/default/main.o
 .debug_line    0x0000000000001fb5       0xe5 obj/default/Source/portable/GCC/NiosII/port_asm.o
 .debug_line    0x000000000000209a      0x104 c:/altera/16.0/nios2eds/bin/gnu/h-x86_64-mingw32/bin/../lib/gcc/nios2-elf/5.2.0/../../../../../H-x86_64-mingw32/nios2-elf/lib\libsmallc.a(lib_a-itoa.o)
 .debug_line    0x000000000000219e      0x15b c:/altera/16.0/nios2eds/bin/gnu/h-x86_64-mingw32/bin/../lib/gcc/nios2-elf/5.2.0/../../../../../H-x86_64-mingw32/nios2-elf/lib\libsmallc.a(lib_a-memcpy.o)
 .debug_line    0x00000000000022f9      0x15a c:/altera/16.0/nios2eds/bin/gnu/h-x86_64-mingw32/bin/../lib/gcc/nios2-elf/5.2.0/../../../../../H-x86_64-mingw32/nios2-elf/lib\libsmallc.a(lib_a-memset.o)
 .debug_line    0x0000000000002453      0x203 c:/altera/16.0/nios2eds/bin/gnu/h-x86_64-mingw32/bin/../lib/gcc/nios2-elf/5.2.0/../../../../../H-x86_64-mingw32/nios2-elf/lib\libsmallc.a(lib_a-puts.o)
 .debug_line    0x0000000000002656      0x159 c:/altera/16.0/nios2eds/bin/gnu/h-x86_64-mingw32/bin/../lib/gcc/nios2-elf/5.2.0/../../../../../H-x86_64-mingw32/nios2-elf/lib\libsmallc.a(lib_a-strlen.o)
 .debug_line    0x00000000000027af      0x134 c:/altera/16.0/nios2eds/bin/gnu/h-x86_64-mingw32/bin/../lib/gcc/nios2-elf/5.2.0/../../../../../H-x86_64-mingw32/nios2-elf/lib\libsmallc.a(lib_a-utoa.o)
 .debug_line    0x00000000000028e3      0x200 c:/altera/16.0/nios2eds/bin/gnu/h-x86_64-mingw32/bin/../lib/gcc/nios2-elf/5.2.0/../../../../../H-x86_64-mingw32/nios2-elf/lib\libsmallc.a(lib_a-vsprintf.o)
 .debug_line    0x0000000000002ae3      0x1ed c:/altera/16.0/nios2eds/bin/gnu/h-x86_64-mingw32/bin/../lib/gcc/nios2-elf/5.2.0/../../../../../H-x86_64-mingw32/nios2-elf/lib\libsmallc.a(lib_a-fvwrite_small_dev.o)
 .debug_line    0x0000000000002cd0      0x1fb c:/altera/16.0/nios2eds/bin/gnu/h-x86_64-mingw32/bin/../lib/gcc/nios2-elf/5.2.0/../../../../../H-x86_64-mingw32/nios2-elf/lib\libsmallc.a(lib_a-fvwrite_small_str.o)
 .debug_line    0x0000000000002ecb      0x153 c:/altera/16.0/nios2eds/bin/gnu/h-x86_64-mingw32/bin/../lib/gcc/nios2-elf/5.2.0/../../../../../H-x86_64-mingw32/nios2-elf/lib\libsmallc.a(lib_a-impure.o)
 .debug_line    0x000000000000301e      0x168 c:/altera/16.0/nios2eds/bin/gnu/h-x86_64-mingw32/bin/../lib/gcc/nios2-elf/5.2.0/../../../../../H-x86_64-mingw32/nios2-elf/lib\libsmallc.a(lib_a-memmove.o)
 .debug_line    0x0000000000003186      0x34f c:/altera/16.0/nios2eds/bin/gnu/h-x86_64-mingw32/bin/../lib/gcc/nios2-elf/5.2.0/../../../../../H-x86_64-mingw32/nios2-elf/lib\libsmallc.a(lib_a-svfprintf.o)
 .debug_line    0x00000000000034d5      0x1ea c:/altera/16.0/nios2eds/bin/gnu/h-x86_64-mingw32/bin/../lib/gcc/nios2-elf/5.2.0/../../../../../H-x86_64-mingw32/nios2-elf/lib\libsmallc.a(lib_a-writer.o)
 .debug_line    0x00000000000036bf       0x5c c:/altera/16.0/nios2eds/bin/gnu/h-x86_64-mingw32/bin/../lib/gcc/nios2-elf/5.2.0/../../../../../H-x86_64-mingw32/nios2-elf/lib\libsmallc.a(lib_a-int_errno.o)
 .debug_line    0x000000000000371b      0x102 c:/altera/16.0/nios2eds/bin/gnu/h-x86_64-mingw32/bin/../lib/gcc/nios2-elf/5.2.0\libgcc.a(lib2-divmod.o)
 .debug_line    0x000000000000381d       0xcd ../freq_meter_nios_bsp/\libhal_bsp.a(alt_irq_handler.o)
 .debug_line    0x00000000000038ea       0x50 ../freq_meter_nios_bsp/\libhal_bsp.a(alt_irq_vars.o)
 .debug_line    0x000000000000393a       0x8e ../freq_meter_nios_bsp/\libhal_bsp.a(alt_load.o)
 .debug_line    0x00000000000039c8       0xcb ../freq_meter_nios_bsp/\libhal_bsp.a(alt_main.o)
 .debug_line    0x0000000000003a93      0x10d ../freq_meter_nios_bsp/\libhal_bsp.a(alt_putstr.o)
 .debug_line    0x0000000000003ba0      0x1cc ../freq_meter_nios_bsp/\libhal_bsp.a(alt_write.o)
 .debug_line    0x0000000000003d6c      0x164 ../freq_meter_nios_bsp/\libhal_bsp.a(alt_sys_init.o)
 .debug_line    0x0000000000003ed0      0x12f ../freq_meter_nios_bsp/\libhal_bsp.a(altera_avalon_jtag_uart_fd.o)
 .debug_line    0x0000000000003fff      0x19f ../freq_meter_nios_bsp/\libhal_bsp.a(altera_avalon_jtag_uart_init.o)
 .debug_line    0x000000000000419e      0x131 ../freq_meter_nios_bsp/\libhal_bsp.a(altera_avalon_jtag_uart_ioctl.o)
 .debug_line    0x00000000000042cf      0x185 ../freq_meter_nios_bsp/\libhal_bsp.a(altera_avalon_jtag_uart_read.o)
 .debug_line    0x0000000000004454      0x184 ../freq_meter_nios_bsp/\libhal_bsp.a(altera_avalon_jtag_uart_write.o)
 .debug_line    0x00000000000045d8      0x10e ../freq_meter_nios_bsp/\libhal_bsp.a(alt_alarm_start.o)
 .debug_line    0x00000000000046e6      0x15e ../freq_meter_nios_bsp/\libhal_bsp.a(alt_close.o)
 .debug_line    0x0000000000004844       0x61 ../freq_meter_nios_bsp/\libhal_bsp.a(alt_dcache_flush_all.o)
 .debug_line    0x00000000000048a5       0xf0 ../freq_meter_nios_bsp/\libhal_bsp.a(alt_dev.o)
 .debug_line    0x0000000000004995       0xd0 ../freq_meter_nios_bsp/\libhal_bsp.a(alt_dev_llist_insert.o)
 .debug_line    0x0000000000004a65       0x51 ../freq_meter_nios_bsp/\libhal_bsp.a(alt_errno.o)
 .debug_line    0x0000000000004ab6       0x50 ../freq_meter_nios_bsp/\libhal_bsp.a(alt_icache_flush_all.o)
 .debug_line    0x0000000000004b06      0x12b ../freq_meter_nios_bsp/\libhal_bsp.a(alt_io_redirect.o)
 .debug_line    0x0000000000004c31      0x12a ../freq_meter_nios_bsp/\libhal_bsp.a(alt_open.o)
 .debug_line    0x0000000000004d5b       0xae ../freq_meter_nios_bsp/\libhal_bsp.a(alt_release_fd.o)
 .debug_line    0x0000000000004e09      0x113 ../freq_meter_nios_bsp/\libhal_bsp.a(alt_tick.o)
 .debug_line    0x0000000000004f1c       0x8d ../freq_meter_nios_bsp/\libhal_bsp.a(altera_nios2_gen2_irq.o)
 .debug_line    0x0000000000004fa9       0xb5 ../freq_meter_nios_bsp/\libhal_bsp.a(alt_find_dev.o)
 .debug_line    0x000000000000505e       0xd1 ../freq_meter_nios_bsp/\libhal_bsp.a(alt_find_file.o)
 .debug_line    0x000000000000512f       0xd5 ../freq_meter_nios_bsp/\libhal_bsp.a(alt_get_fd.o)
 .debug_line    0x0000000000005204       0x81 ../freq_meter_nios_bsp/\libhal_bsp.a(alt_icache_flush.o)
 .debug_line    0x0000000000005285      0x156 c:/altera/16.0/nios2eds/bin/gnu/h-x86_64-mingw32/bin/../lib/gcc/nios2-elf/5.2.0/../../../../../H-x86_64-mingw32/nios2-elf/lib\libsmallc.a(lib_a-exit.o)
 .debug_line    0x00000000000053db      0x1ef c:/altera/16.0/nios2eds/bin/gnu/h-x86_64-mingw32/bin/../lib/gcc/nios2-elf/5.2.0/../../../../../H-x86_64-mingw32/nios2-elf/lib\libsmallc.a(lib_a-fputs.o)
 .debug_line    0x00000000000055ca      0x15d c:/altera/16.0/nios2eds/bin/gnu/h-x86_64-mingw32/bin/../lib/gcc/nios2-elf/5.2.0/../../../../../H-x86_64-mingw32/nios2-elf/lib\libsmallc.a(lib_a-memcmp.o)
 .debug_line    0x0000000000005727      0x22f c:/altera/16.0/nios2eds/bin/gnu/h-x86_64-mingw32/bin/../lib/gcc/nios2-elf/5.2.0/../../../../../H-x86_64-mingw32/nios2-elf/lib\libsmallc.a(lib_a-__call_atexit.o)
 .debug_line    0x0000000000005956       0xad ../freq_meter_nios_bsp/\libhal_bsp.a(alt_exit.o)

.debug_frame    0x0000000000000000     0x2304
 *(.debug_frame)
 .debug_frame   0x0000000000000000      0x198 obj/default/Source/event_groups.o